Mesh        = ../mesh/soi_mesh_margin100.msh
Heater mask = 0b000001 (1)
Potenza     = 20 mW per heater acceso
CSV         = verify_margin.csv
Output VTU  = no
h           = 10 W/(m^2 K)
k heater    = 67.7 W/(m K)
Initializing the mesh
  Number of elements = 2369494
-----------------------------------------------
Initializing the finite element space
  Degree                     = 1
  DoFs per cell              = 4
  Quadrature points per cell = 6
  Quadrature points per face = 4
-----------------------------------------------
Initializing the DoF handler
  Number of DoFs = 419706
-----------------------------------------------
Initializing the linear system
-----------------------------------------------
Heater volumes (integrati sulla mesh)
  HEATER_0: 67.5000 um^3  [attivo]
  HEATER_1: 67.5000 um^3
  HEATER_2: 67.5000 um^3
  HEATER_3: 67.5000 um^3
  HEATER_4: 67.5000 um^3
  HEATER_5: 67.5000 um^3
  Potenza per heater attivo = 20.0000 mW
  h (TOP_CLADDING)          = 10 W/(m^2 K)
  k heater                  = 67.7 W/(m K)
===============================================
Assembling the linear system
Solving the linear system
  35 CG iterations
Postprocessing
  Potenza iniettata = 20 mW
  T_max             = 348.779 K (Delta T = 55.6286 K)
  WG_0: int Delta T dz =      3769.11 K um,  <Delta T> =      10.7689 K
  WG_1: int Delta T dz =      55.0735 K um,  <Delta T> =     0.157353 K
  WG_2: int Delta T dz =      24.9856 K um,  <Delta T> =    0.0713875 K
  WG_3: int Delta T dz =      13.0435 K um,  <Delta T> =    0.0372672 K
  WG_4: int Delta T dz =      6.92897 K um,  <Delta T> =     0.019797 K
  WG_5: int Delta T dz =      3.70039 K um,  <Delta T> =    0.0105725 K
===============================================
