Mesh        = ../mesh/soi_mesh_fine.msh
Heater mask = 0b000001 (1)
Potenza     = 20 mW per heater acceso
CSV         = verify_fine.csv
Output VTU  = no
h           = 10 W/(m^2 K)
k heater    = 67.7 W/(m K)
Initializing the mesh
  Number of elements = 6086289
-----------------------------------------------
Initializing the finite element space
  Degree                     = 1
  DoFs per cell              = 4
  Quadrature points per cell = 6
  Quadrature points per face = 4
-----------------------------------------------
Initializing the DoF handler
  Number of DoFs = 1038978
-----------------------------------------------
Initializing the linear system
-----------------------------------------------
Heater volumes (integrati sulla mesh)
  HEATER_0: 67.5000 um^3  [attivo]
  HEATER_1: 67.5000 um^3
  HEATER_2: 67.5000 um^3
  HEATER_3: 67.5000 um^3
  HEATER_4: 67.5000 um^3
  HEATER_5: 67.5000 um^3
  Potenza per heater attivo = 20.0000 mW
  h (TOP_CLADDING)          = 10 W/(m^2 K)
  k heater                  = 67.7 W/(m K)
===============================================
Assembling the linear system
Solving the linear system
  27 CG iterations
Postprocessing
  Potenza iniettata = 20 mW
  T_max             = 350.511 K (Delta T = 57.3614 K)
  WG_0: int Delta T dz =      3829.64 K um,  <Delta T> =      15.3186 K
  WG_1: int Delta T dz =      56.6453 K um,  <Delta T> =     0.226581 K
  WG_2: int Delta T dz =      25.9901 K um,  <Delta T> =      0.10396 K
  WG_3: int Delta T dz =      13.6045 K um,  <Delta T> =     0.054418 K
  WG_4: int Delta T dz =      7.28369 K um,  <Delta T> =    0.0291348 K
  WG_5: int Delta T dz =       3.9999 K um,  <Delta T> =    0.0159996 K
===============================================
