Mesh        = ../mesh/soi_mesh_fine.msh
Heater mask = 0b000100 (4)
Potenza     = 20 mW per heater acceso
CSV         = verify_fine.csv
Output VTU  = no
h           = 10 W/(m^2 K)
k heater    = 67.7 W/(m K)
Initializing the mesh
  Number of elements = 6086289
-----------------------------------------------
Initializing the finite element space
  Degree                     = 1
  DoFs per cell              = 4
  Quadrature points per cell = 6
  Quadrature points per face = 4
-----------------------------------------------
Initializing the DoF handler
  Number of DoFs = 1038978
-----------------------------------------------
Initializing the linear system
-----------------------------------------------
Heater volumes (integrati sulla mesh)
  HEATER_0: 67.5000 um^3
  HEATER_1: 67.5000 um^3
  HEATER_2: 67.5000 um^3  [attivo]
  HEATER_3: 67.5000 um^3
  HEATER_4: 67.5000 um^3
  HEATER_5: 67.5000 um^3
  Potenza per heater attivo = 20.0000 mW
  h (TOP_CLADDING)          = 10 W/(m^2 K)
  k heater                  = 67.7 W/(m K)
===============================================
  Newton iteration  0 - ||R|| = 2.854354e-04 - 32 GMRES iterations - ||dT||_inf = 5.736713e+01 K
  Newton iteration  1 - ||R|| = 2.795168e-05 - 30 GMRES iterations - ||dT||_inf = 1.490895e+00 K
  Newton iteration  2 - ||R|| = 2.856195e-08 - 30 GMRES iterations - ||dT||_inf = 1.022694e-03 K
  Newton iteration  3 - ||R|| = 2.451428e-14 < tolerance
Postprocessing
  Potenza iniettata = 2.000000e+01 mW
  T_max             = 3.490258e+02 K (Delta T = 5.587575e+01 K)
  WG_0: int Delta T dz = 2.599695e+01 K um,  <Delta T> = 1.039878e-01 K
  WG_1: int Delta T dz = 5.533368e+01 K um,  <Delta T> = 2.213347e-01 K
  WG_2: int Delta T dz = 3.781248e+03 K um,  <Delta T> = 1.512499e+01 K
  WG_3: int Delta T dz = 5.504816e+01 K um,  <Delta T> = 2.201926e-01 K
  WG_4: int Delta T dz = 2.532028e+01 K um,  <Delta T> = 1.012811e-01 K
  WG_5: int Delta T dz = 1.360531e+01 K um,  <Delta T> = 5.442125e-02 K
===============================================
