Mesh        = ../mesh/soi_mesh_fine.msh
Heater mask = 0b000100 (4)
Potenza     = 20 mW per heater acceso
CSV         = verify_fine.csv
Output VTU  = no
h           = 10 W/(m^2 K)
k heater    = 67.7 W/(m K)
Initializing the mesh
  Number of elements = 6086289
-----------------------------------------------
Initializing the finite element space
  Degree                     = 1
  DoFs per cell              = 4
  Quadrature points per cell = 6
  Quadrature points per face = 4
-----------------------------------------------
Initializing the DoF handler
  Number of DoFs = 1038978
-----------------------------------------------
Initializing the linear system
-----------------------------------------------
Heater volumes (integrati sulla mesh)
  HEATER_0: 67.5000 um^3
  HEATER_1: 67.5000 um^3
  HEATER_2: 67.5000 um^3  [attivo]
  HEATER_3: 67.5000 um^3
  HEATER_4: 67.5000 um^3
  HEATER_5: 67.5000 um^3
  Potenza per heater attivo = 20.0000 mW
  h (TOP_CLADDING)          = 10 W/(m^2 K)
  k heater                  = 67.7 W/(m K)
===============================================
Assembling the linear system
Solving the linear system
  27 CG iterations
Postprocessing
  Potenza iniettata = 20 mW
  T_max             = 350.517 K (Delta T = 57.3671 K)
  WG_0: int Delta T dz =      25.9899 K um,  <Delta T> =      0.10396 K
  WG_1: int Delta T dz =      55.3047 K um,  <Delta T> =     0.221219 K
  WG_2: int Delta T dz =      3825.18 K um,  <Delta T> =      15.3007 K
  WG_3: int Delta T dz =      55.0193 K um,  <Delta T> =     0.220077 K
  WG_4: int Delta T dz =      25.3136 K um,  <Delta T> =     0.101254 K
  WG_5: int Delta T dz =      13.6034 K um,  <Delta T> =    0.0544138 K
===============================================
