Mesh        = ../mesh/soi_mesh_margin100.msh
Heater mask = 0b000001 (1)
Potenza     = 40 mW per heater acceso
CSV         = verify_margin.csv
Output VTU  = no
h           = 10 W/(m^2 K)
k heater    = 67.7 W/(m K)
Initializing the mesh
  Number of elements = 2369494
-----------------------------------------------
Initializing the finite element space
  Degree                     = 1
  DoFs per cell              = 4
  Quadrature points per cell = 6
  Quadrature points per face = 4
-----------------------------------------------
Initializing the DoF handler
  Number of DoFs = 419706
-----------------------------------------------
Initializing the linear system
-----------------------------------------------
Heater volumes (integrati sulla mesh)
  HEATER_0: 67.5000 um^3  [attivo]
  HEATER_1: 67.5000 um^3
  HEATER_2: 67.5000 um^3
  HEATER_3: 67.5000 um^3
  HEATER_4: 67.5000 um^3
  HEATER_5: 67.5000 um^3
  Potenza per heater attivo = 40.0000 mW
  h (TOP_CLADDING)          = 10 W/(m^2 K)
  k heater                  = 67.7 W/(m K)
===============================================
  Newton iteration  0 - ||R|| = 8.428235e-04 - 40 GMRES iterations - ||dT||_inf = 1.112572e+02 K
  Newton iteration  1 - ||R|| = 1.498228e-04 - 37 GMRES iterations - ||dT||_inf = 5.253332e+00 K
  Newton iteration  2 - ||R|| = 4.818040e-07 - 37 GMRES iterations - ||dT||_inf = 1.187240e-02 K
  Newton iteration  3 - ||R|| = 2.662808e-12 - 37 GMRES iterations - ||dT||_inf = 5.829991e-08 K
  Newton iteration  4 - ||R|| = 1.910277e-14 < tolerance
Postprocessing
  Potenza iniettata = 4.000000e+01 mW
  T_max             = 3.991464e+02 K (Delta T = 1.059964e+02 K)
  WG_0: int Delta T dz = 7.374223e+03 K um,  <Delta T> = 2.106921e+01 K
  WG_1: int Delta T dz = 1.102524e+02 K um,  <Delta T> = 3.150067e-01 K
  WG_2: int Delta T dz = 4.999631e+01 K um,  <Delta T> = 1.428466e-01 K
  WG_3: int Delta T dz = 2.609342e+01 K um,  <Delta T> = 7.455264e-02 K
  WG_4: int Delta T dz = 1.385963e+01 K um,  <Delta T> = 3.959893e-02 K
  WG_5: int Delta T dz = 7.401255e+00 K um,  <Delta T> = 2.114644e-02 K
===============================================
