Mesh        = ../mesh/soi_mesh_fine.msh
Heater mask = 0b000100 (4)
Potenza     = 40 mW per heater acceso
CSV         = verify_fine.csv
Output VTU  = no
h           = 10 W/(m^2 K)
k heater    = 67.7 W/(m K)
Initializing the mesh
  Number of elements = 6086289
-----------------------------------------------
Initializing the finite element space
  Degree                     = 1
  DoFs per cell              = 4
  Quadrature points per cell = 6
  Quadrature points per face = 4
-----------------------------------------------
Initializing the DoF handler
  Number of DoFs = 1038978
-----------------------------------------------
Initializing the linear system
-----------------------------------------------
Heater volumes (integrati sulla mesh)
  HEATER_0: 67.5000 um^3
  HEATER_1: 67.5000 um^3
  HEATER_2: 67.5000 um^3  [attivo]
  HEATER_3: 67.5000 um^3
  HEATER_4: 67.5000 um^3
  HEATER_5: 67.5000 um^3
  Potenza per heater attivo = 40.0000 mW
  h (TOP_CLADDING)          = 10 W/(m^2 K)
  k heater                  = 67.7 W/(m K)
===============================================
  Newton iteration  0 - ||R|| = 5.708709e-04 - 32 GMRES iterations - ||dT||_inf = 1.147343e+02 K
  Newton iteration  1 - ||R|| = 1.087961e-04 - 30 GMRES iterations - ||dT||_inf = 5.666097e+00 K
  Newton iteration  2 - ||R|| = 3.980705e-07 - 30 GMRES iterations - ||dT||_inf = 1.409845e-02 K
  Newton iteration  3 - ||R|| = 3.045810e-12 - 30 GMRES iterations - ||dT||_inf = 8.478741e-08 K
  Newton iteration  4 - ||R|| = 1.824275e-14 < tolerance
Postprocessing
  Potenza iniettata = 4.000000e+01 mW
  T_max             = 4.022061e+02 K (Delta T = 1.090561e+02 K)
  WG_0: int Delta T dz = 5.200797e+01 K um,  <Delta T> = 2.080319e-01 K
  WG_1: int Delta T dz = 1.107257e+02 K um,  <Delta T> = 4.429030e-01 K
  WG_2: int Delta T dz = 7.478404e+03 K um,  <Delta T> = 2.991361e+01 K
  WG_3: int Delta T dz = 1.101544e+02 K um,  <Delta T> = 4.406176e-01 K
  WG_4: int Delta T dz = 5.065403e+01 K um,  <Delta T> = 2.026161e-01 K
  WG_5: int Delta T dz = 2.721434e+01 K um,  <Delta T> = 1.088574e-01 K
===============================================
