Mesh        = ../mesh/soi_mesh.msh
Heater mask = 0b111111 (63)
Potenza     = 20 mW per heater acceso
CSV         = results.csv
Output VTU  = no
Initializing the mesh
  Number of elements = 1923630
-----------------------------------------------
Initializing the finite element space
  Degree                     = 1
  DoFs per cell              = 4
  Quadrature points per cell = 6
  Quadrature points per face = 4
-----------------------------------------------
Initializing the DoF handler
  Number of DoFs = 339222
-----------------------------------------------
Initializing the linear system
-----------------------------------------------
Heater volumes (integrati sulla mesh)
  HEATER_0: 67.5000 um^3  [attivo]
  HEATER_1: 67.5000 um^3  [attivo]
  HEATER_2: 67.5000 um^3  [attivo]
  HEATER_3: 67.5000 um^3  [attivo]
  HEATER_4: 67.5000 um^3  [attivo]
  HEATER_5: 67.5000 um^3  [attivo]
  Potenza per heater attivo = 20.0000 mW
===============================================
  Newton iteration  0 - ||R|| = 1.030406e-03 - 41 GMRES iterations - ||dT||_inf = 5.674646e+01 K
  Newton iteration  1 - ||R|| = 9.458758e-05 - 39 GMRES iterations - ||dT||_inf = 1.432633e+00 K
  Newton iteration  2 - ||R|| = 8.819802e-08 - 39 GMRES iterations - ||dT||_inf = 9.249570e-04 K
  Newton iteration  3 - ||R|| = 4.187675e-14 < tolerance
Postprocessing
  Potenza iniettata = 1.200000e+02 mW
  T_max             = 3.484637e+02 K (Delta T = 5.531368e+01 K)
  WG_0: int Delta T dz = 3.837604e+03 K um,  <Delta T> = 1.535042e+01 K
  WG_1: int Delta T dz = 3.885617e+03 K um,  <Delta T> = 1.554247e+01 K
  WG_2: int Delta T dz = 3.901843e+03 K um,  <Delta T> = 1.560737e+01 K
  WG_3: int Delta T dz = 3.903345e+03 K um,  <Delta T> = 1.561338e+01 K
  WG_4: int Delta T dz = 3.884071e+03 K um,  <Delta T> = 1.553628e+01 K
  WG_5: int Delta T dz = 3.838447e+03 K um,  <Delta T> = 1.535379e+01 K
===============================================
