Mesh        = ../mesh/soi_mesh.msh
Heater mask = 0b111111 (63)
Potenza     = 5 mW per heater acceso
CSV         = results.csv
Output VTU  = no
Initializing the mesh
  Number of elements = 1923630
-----------------------------------------------
Initializing the finite element space
  Degree                     = 1
  DoFs per cell              = 4
  Quadrature points per cell = 6
  Quadrature points per face = 4
-----------------------------------------------
Initializing the DoF handler
  Number of DoFs = 339222
-----------------------------------------------
Initializing the linear system
-----------------------------------------------
Heater volumes (integrati sulla mesh)
  HEATER_0: 67.5000 um^3  [attivo]
  HEATER_1: 67.5000 um^3  [attivo]
  HEATER_2: 67.5000 um^3  [attivo]
  HEATER_3: 67.5000 um^3  [attivo]
  HEATER_4: 67.5000 um^3  [attivo]
  HEATER_5: 67.5000 um^3  [attivo]
  Potenza per heater attivo = 5.0000 mW
===============================================
  Newton iteration  0 - ||R|| = 2.576014e-04 - 41 GMRES iterations - ||dT||_inf = 1.418661e+01 K
  Newton iteration  1 - ||R|| = 6.065641e-06 - 39 GMRES iterations - ||dT||_inf = 9.311069e-02 K
  Newton iteration  2 - ||R|| = 3.861000e-10 - 39 GMRES iterations - ||dT||_inf = 4.053511e-06 K
  Newton iteration  3 - ||R|| = 1.483841e-14 < tolerance
Postprocessing
  Potenza iniettata = 3.000000e+01 mW
  T_max             = 3.072436e+02 K (Delta T = 1.409355e+01 K)
  WG_0: int Delta T dz = 9.675248e+02 K um,  <Delta T> = 3.870099e+00 K
  WG_1: int Delta T dz = 9.796651e+02 K um,  <Delta T> = 3.918660e+00 K
  WG_2: int Delta T dz = 9.837585e+02 K um,  <Delta T> = 3.935034e+00 K
  WG_3: int Delta T dz = 9.841439e+02 K um,  <Delta T> = 3.936576e+00 K
  WG_4: int Delta T dz = 9.792666e+02 K um,  <Delta T> = 3.917066e+00 K
  WG_5: int Delta T dz = 9.677566e+02 K um,  <Delta T> = 3.871026e+00 K
===============================================
