Mesh        = ../mesh/soi_mesh.msh
Heater mask = 0b111111 (63)
Potenza     = 40 mW per heater acceso
CSV         = results.csv
Output VTU  = no
Initializing the mesh
  Number of elements = 1923630
-----------------------------------------------
Initializing the finite element space
  Degree                     = 1
  DoFs per cell              = 4
  Quadrature points per cell = 6
  Quadrature points per face = 4
-----------------------------------------------
Initializing the DoF handler
  Number of DoFs = 339222
-----------------------------------------------
Initializing the linear system
-----------------------------------------------
Heater volumes (integrati sulla mesh)
  HEATER_0: 67.5000 um^3  [attivo]
  HEATER_1: 67.5000 um^3  [attivo]
  HEATER_2: 67.5000 um^3  [attivo]
  HEATER_3: 67.5000 um^3  [attivo]
  HEATER_4: 67.5000 um^3  [attivo]
  HEATER_5: 67.5000 um^3  [attivo]
  Potenza per heater attivo = 40.0000 mW
===============================================
  Newton iteration  0 - ||R|| = 2.060811e-03 - 41 GMRES iterations - ||dT||_inf = 1.134929e+02 K
  Newton iteration  1 - ||R|| = 3.674700e-04 - 39 GMRES iterations - ||dT||_inf = 5.451603e+00 K
  Newton iteration  2 - ||R|| = 1.226549e-06 - 39 GMRES iterations - ||dT||_inf = 1.280207e-02 K
  Newton iteration  3 - ||R|| = 7.446459e-12 - 39 GMRES iterations - ||dT||_inf = 6.781679e-08 K
  Newton iteration  4 - ||R|| = 1.477325e-14 < tolerance
Postprocessing
  Potenza iniettata = 2.400000e+02 mW
  T_max             = 4.011815e+02 K (Delta T = 1.080315e+02 K)
  WG_0: int Delta T dz = 7.591756e+03 K um,  <Delta T> = 3.036702e+01 K
  WG_1: int Delta T dz = 7.686424e+03 K um,  <Delta T> = 3.074570e+01 K
  WG_2: int Delta T dz = 7.718510e+03 K um,  <Delta T> = 3.087404e+01 K
  WG_3: int Delta T dz = 7.721418e+03 K um,  <Delta T> = 3.088567e+01 K
  WG_4: int Delta T dz = 7.683451e+03 K um,  <Delta T> = 3.073380e+01 K
  WG_5: int Delta T dz = 7.593241e+03 K um,  <Delta T> = 3.037296e+01 K
===============================================
