Mesh        = ../mesh/soi_mesh.msh
Heater mask = 0b111111 (63)
Potenza     = 10 mW per heater acceso
CSV         = results.csv
Output VTU  = no
Initializing the mesh
  Number of elements = 1923630
-----------------------------------------------
Initializing the finite element space
  Degree                     = 1
  DoFs per cell              = 4
  Quadrature points per cell = 6
  Quadrature points per face = 4
-----------------------------------------------
Initializing the DoF handler
  Number of DoFs = 339222
-----------------------------------------------
Initializing the linear system
-----------------------------------------------
Heater volumes (integrati sulla mesh)
  HEATER_0: 67.5000 um^3  [attivo]
  HEATER_1: 67.5000 um^3  [attivo]
  HEATER_2: 67.5000 um^3  [attivo]
  HEATER_3: 67.5000 um^3  [attivo]
  HEATER_4: 67.5000 um^3  [attivo]
  HEATER_5: 67.5000 um^3  [attivo]
  Potenza per heater attivo = 10.0000 mW
===============================================
  Newton iteration  0 - ||R|| = 5.152028e-04 - 41 GMRES iterations - ||dT||_inf = 2.837323e+01 K
  Newton iteration  1 - ||R|| = 2.404574e-05 - 39 GMRES iterations - ||dT||_inf = 3.675571e-01 K
  Newton iteration  2 - ||R|| = 5.941847e-09 - 39 GMRES iterations - ||dT||_inf = 6.237667e-05 K
  Newton iteration  3 - ||R|| = 1.496940e-14 < tolerance
Postprocessing
  Potenza iniettata = 6.000000e+01 mW
  T_max             = 3.211558e+02 K (Delta T = 2.800581e+01 K)
  WG_0: int Delta T dz = 1.929575e+03 K um,  <Delta T> = 7.718299e+00 K
  WG_1: int Delta T dz = 1.953762e+03 K um,  <Delta T> = 7.815048e+00 K
  WG_2: int Delta T dz = 1.961924e+03 K um,  <Delta T> = 7.847695e+00 K
  WG_3: int Delta T dz = 1.962688e+03 K um,  <Delta T> = 7.850751e+00 K
  WG_4: int Delta T dz = 1.952973e+03 K um,  <Delta T> = 7.811893e+00 K
  WG_5: int Delta T dz = 1.930024e+03 K um,  <Delta T> = 7.720095e+00 K
===============================================
