Mesh        = ../mesh/soi_mesh.msh
Heater mask = 0b111111 (63)
Potenza     = 30 mW per heater acceso
CSV         = results.csv
Output VTU  = no
Initializing the mesh
  Number of elements = 1923630
-----------------------------------------------
Initializing the finite element space
  Degree                     = 1
  DoFs per cell              = 4
  Quadrature points per cell = 6
  Quadrature points per face = 4
-----------------------------------------------
Initializing the DoF handler
  Number of DoFs = 339222
-----------------------------------------------
Initializing the linear system
-----------------------------------------------
Heater volumes (integrati sulla mesh)
  HEATER_0: 67.5000 um^3  [attivo]
  HEATER_1: 67.5000 um^3  [attivo]
  HEATER_2: 67.5000 um^3  [attivo]
  HEATER_3: 67.5000 um^3  [attivo]
  HEATER_4: 67.5000 um^3  [attivo]
  HEATER_5: 67.5000 um^3  [attivo]
  Potenza per heater attivo = 30.0000 mW
===============================================
  Newton iteration  0 - ||R|| = 1.545608e-03 - 41 GMRES iterations - ||dT||_inf = 8.511969e+01 K
  Newton iteration  1 - ||R|| = 2.096020e-04 - 39 GMRES iterations - ||dT||_inf = 3.143030e+00 K
  Newton iteration  2 - ||R|| = 4.156380e-07 - 39 GMRES iterations - ||dT||_inf = 4.350274e-03 K
  Newton iteration  3 - ||R|| = 8.630421e-13 - 38 GMRES iterations - ||dT||_inf = 8.000518e-09 K
  Newton iteration  4 - ||R|| = 1.478759e-14 < tolerance
Postprocessing
  Potenza iniettata = 1.800000e+02 mW
  T_max             = 3.751240e+02 K (Delta T = 8.197398e+01 K)
  WG_0: int Delta T dz = 5.724778e+03 K um,  <Delta T> = 2.289911e+01 K
  WG_1: int Delta T dz = 5.796278e+03 K um,  <Delta T> = 2.318511e+01 K
  WG_2: int Delta T dz = 5.820477e+03 K um,  <Delta T> = 2.328191e+01 K
  WG_3: int Delta T dz = 5.822692e+03 K um,  <Delta T> = 2.329077e+01 K
  WG_4: int Delta T dz = 5.794004e+03 K um,  <Delta T> = 2.317602e+01 K
  WG_5: int Delta T dz = 5.725965e+03 K um,  <Delta T> = 2.290386e+01 K
===============================================
