Mesh        = ../mesh/soi_mesh.msh
Heater mask = 0b010000 (16)
Potenza     = 20 mW per heater acceso
CSV         = results.csv
Output VTU  = no
Initializing the mesh
  Number of elements = 1923630
-----------------------------------------------
Initializing the finite element space
  Degree                     = 1
  DoFs per cell              = 4
  Quadrature points per cell = 6
  Quadrature points per face = 4
-----------------------------------------------
Initializing the DoF handler
  Number of DoFs = 339222
-----------------------------------------------
Initializing the linear system
-----------------------------------------------
Heater volumes (integrati sulla mesh)
  HEATER_0: 67.5000 um^3
  HEATER_1: 67.5000 um^3
  HEATER_2: 67.5000 um^3
  HEATER_3: 67.5000 um^3
  HEATER_4: 67.5000 um^3  [attivo]
  HEATER_5: 67.5000 um^3
  Potenza per heater attivo = 20.0000 mW
===============================================
Assembling the linear system
Solving the linear system
  32 CG iterations
Postprocessing
  Potenza iniettata = 20 mW
  T_max             = 348.852 K (Delta T = 55.7016 K)
  WG_0: int Delta T dz =      7.29707 K um,  <Delta T> =    0.0291883 K
  WG_1: int Delta T dz =      13.3401 K um,  <Delta T> =    0.0533605 K
  WG_2: int Delta T dz =      25.3312 K um,  <Delta T> =     0.101325 K
  WG_3: int Delta T dz =      55.5726 K um,  <Delta T> =      0.22229 K
  WG_4: int Delta T dz =      3769.85 K um,  <Delta T> =      15.0794 K
  WG_5: int Delta T dz =      56.9208 K um,  <Delta T> =     0.227683 K
===============================================
