Mesh        = ../mesh/soi_mesh.msh
Heater mask = 0b000100 (4)
Potenza     = 20 mW per heater acceso
CSV         = results.csv
Output VTU  = no
Initializing the mesh
  Number of elements = 1923630
-----------------------------------------------
Initializing the finite element space
  Degree                     = 1
  DoFs per cell              = 4
  Quadrature points per cell = 6
  Quadrature points per face = 4
-----------------------------------------------
Initializing the DoF handler
  Number of DoFs = 339222
-----------------------------------------------
Initializing the linear system
-----------------------------------------------
Heater volumes (integrati sulla mesh)
  HEATER_0: 67.5000 um^3
  HEATER_1: 67.5000 um^3
  HEATER_2: 67.5000 um^3  [attivo]
  HEATER_3: 67.5000 um^3
  HEATER_4: 67.5000 um^3
  HEATER_5: 67.5000 um^3
  Potenza per heater attivo = 20.0000 mW
===============================================
Assembling the linear system
Solving the linear system
  32 CG iterations
Postprocessing
  Potenza iniettata = 20 mW
  T_max             = 348.817 K (Delta T = 55.6673 K)
  WG_0: int Delta T dz =       26.005 K um,  <Delta T> =      0.10402 K
  WG_1: int Delta T dz =      55.6017 K um,  <Delta T> =     0.222407 K
  WG_2: int Delta T dz =      3770.48 K um,  <Delta T> =      15.0819 K
  WG_3: int Delta T dz =       55.308 K um,  <Delta T> =     0.221232 K
  WG_4: int Delta T dz =      25.3324 K um,  <Delta T> =      0.10133 K
  WG_5: int Delta T dz =      13.6208 K um,  <Delta T> =    0.0544831 K
===============================================
