Mesh        = ../mesh/soi_mesh.msh
Heater mask = 0b001010 (10)
Potenza     = 10 mW per heater acceso
CSV         = results.csv
Output VTU  = no
Initializing the mesh
  Number of elements = 1923630
-----------------------------------------------
Initializing the finite element space
  Degree                     = 1
  DoFs per cell              = 4
  Quadrature points per cell = 6
  Quadrature points per face = 4
-----------------------------------------------
Initializing the DoF handler
  Number of DoFs = 339222
-----------------------------------------------
Initializing the linear system
-----------------------------------------------
Heater volumes (integrati sulla mesh)
  HEATER_0: 67.5000 um^3
  HEATER_1: 67.5000 um^3  [attivo]
  HEATER_2: 67.5000 um^3
  HEATER_3: 67.5000 um^3  [attivo]
  HEATER_4: 67.5000 um^3
  HEATER_5: 67.5000 um^3
  Potenza per heater attivo = 10.0000 mW
===============================================
  Newton iteration  0 - ||R|| = 2.974409e-04 - 39 GMRES iterations - ||dT||_inf = 2.793426e+01 K
  Newton iteration  1 - ||R|| = 1.346908e-05 - 38 GMRES iterations - ||dT||_inf = 3.566210e-01 K
  Newton iteration  2 - ||R|| = 3.265556e-09 - 37 GMRES iterations - ||dT||_inf = 5.847972e-05 K
  Newton iteration  3 - ||R|| = 1.494956e-14 < tolerance
Postprocessing
  Potenza iniettata = 2.000000e+01 mW
  T_max             = 3.207276e+02 K (Delta T = 2.757758e+01 K)
  WG_0: int Delta T dz = 3.528909e+01 K um,  <Delta T> = 1.411564e-01 K
  WG_1: int Delta T dz = 1.887669e+03 K um,  <Delta T> = 7.550677e+00 K
  WG_2: int Delta T dz = 5.548500e+01 K um,  <Delta T> = 2.219400e-01 K
  WG_3: int Delta T dz = 1.887984e+03 K um,  <Delta T> = 7.551936e+00 K
  WG_4: int Delta T dz = 3.446791e+01 K um,  <Delta T> = 1.378716e-01 K
  WG_5: int Delta T dz = 1.665354e+01 K um,  <Delta T> = 6.661415e-02 K
===============================================
