Mesh        = ../mesh/soi_mesh.msh
Heater mask = 0b000101 (5)
Potenza     = 20 mW per heater acceso
CSV         = results.csv
Output VTU  = no
Initializing the mesh
  Number of elements = 1923630
-----------------------------------------------
Initializing the finite element space
  Degree                     = 1
  DoFs per cell              = 4
  Quadrature points per cell = 6
  Quadrature points per face = 4
-----------------------------------------------
Initializing the DoF handler
  Number of DoFs = 339222
-----------------------------------------------
Initializing the linear system
-----------------------------------------------
Heater volumes (integrati sulla mesh)
  HEATER_0: 67.5000 um^3  [attivo]
  HEATER_1: 67.5000 um^3
  HEATER_2: 67.5000 um^3  [attivo]
  HEATER_3: 67.5000 um^3
  HEATER_4: 67.5000 um^3
  HEATER_5: 67.5000 um^3
  Potenza per heater attivo = 20.0000 mW
===============================================
  Newton iteration  0 - ||R|| = 5.948134e-04 - 40 GMRES iterations - ||dT||_inf = 5.581778e+01 K
  Newton iteration  1 - ||R|| = 5.303101e-05 - 38 GMRES iterations - ||dT||_inf = 1.391260e+00 K
  Newton iteration  2 - ||R|| = 4.853712e-08 - 38 GMRES iterations - ||dT||_inf = 8.723160e-04 K
  Newton iteration  3 - ||R|| = 2.544747e-14 < tolerance
Postprocessing
  Potenza iniettata = 4.000000e+01 mW
  T_max             = 3.475769e+02 K (Delta T = 5.442688e+01 K)
  WG_0: int Delta T dz = 3.756929e+03 K um,  <Delta T> = 1.502771e+01 K
  WG_1: int Delta T dz = 1.126474e+02 K um,  <Delta T> = 4.505898e-01 K
  WG_2: int Delta T dz = 3.754117e+03 K um,  <Delta T> = 1.501647e+01 K
  WG_3: int Delta T dz = 6.897192e+01 K um,  <Delta T> = 2.758877e-01 K
  WG_4: int Delta T dz = 3.264028e+01 K um,  <Delta T> = 1.305611e-01 K
  WG_5: int Delta T dz = 1.763368e+01 K um,  <Delta T> = 7.053470e-02 K
===============================================
