Mesh        = ../mesh/soi_mesh.msh
Heater mask = 0b101000 (40)
Potenza     = 40 mW per heater acceso
CSV         = results.csv
Output VTU  = no
Initializing the mesh
  Number of elements = 1923630
-----------------------------------------------
Initializing the finite element space
  Degree                     = 1
  DoFs per cell              = 4
  Quadrature points per cell = 6
  Quadrature points per face = 4
-----------------------------------------------
Initializing the DoF handler
  Number of DoFs = 339222
-----------------------------------------------
Initializing the linear system
-----------------------------------------------
Heater volumes (integrati sulla mesh)
  HEATER_0: 67.5000 um^3
  HEATER_1: 67.5000 um^3
  HEATER_2: 67.5000 um^3
  HEATER_3: 67.5000 um^3  [attivo]
  HEATER_4: 67.5000 um^3
  HEATER_5: 67.5000 um^3  [attivo]
  Potenza per heater attivo = 40.0000 mW
===============================================
  Newton iteration  0 - ||R|| = 1.190165e-03 - 40 GMRES iterations - ||dT||_inf = 1.116357e+02 K
  Newton iteration  1 - ||R|| = 2.103501e-04 - 38 GMRES iterations - ||dT||_inf = 5.289947e+00 K
  Newton iteration  2 - ||R|| = 6.782105e-07 - 38 GMRES iterations - ||dT||_inf = 1.204125e-02 K
  Newton iteration  3 - ||R|| = 3.948384e-12 - 38 GMRES iterations - ||dT||_inf = 6.008356e-08 K
  Newton iteration  4 - ||R|| = 1.482899e-14 < tolerance
Postprocessing
  Potenza iniettata = 8.000000e+01 mW
  T_max             = 3.994882e+02 K (Delta T = 1.063382e+02 K)
  WG_0: int Delta T dz = 3.527322e+01 K um,  <Delta T> = 1.410929e-01 K
  WG_1: int Delta T dz = 6.530110e+01 K um,  <Delta T> = 2.612044e-01 K
  WG_2: int Delta T dz = 1.380237e+02 K um,  <Delta T> = 5.520947e-01 K
  WG_3: int Delta T dz = 7.429972e+03 K um,  <Delta T> = 2.971989e+01 K
  WG_4: int Delta T dz = 2.254412e+02 K um,  <Delta T> = 9.017649e-01 K
  WG_5: int Delta T dz = 7.434113e+03 K um,  <Delta T> = 2.973645e+01 K
===============================================
