Mesh        = ../mesh/soi_mesh.msh
Heater mask = 0b001001 (9)
Potenza     = 20 mW per heater acceso
CSV         = results.csv
Output VTU  = no
Initializing the mesh
  Number of elements = 1923630
-----------------------------------------------
Initializing the finite element space
  Degree                     = 1
  DoFs per cell              = 4
  Quadrature points per cell = 6
  Quadrature points per face = 4
-----------------------------------------------
Initializing the DoF handler
  Number of DoFs = 339222
-----------------------------------------------
Initializing the linear system
-----------------------------------------------
Heater volumes (integrati sulla mesh)
  HEATER_0: 67.5000 um^3  [attivo]
  HEATER_1: 67.5000 um^3
  HEATER_2: 67.5000 um^3
  HEATER_3: 67.5000 um^3  [attivo]
  HEATER_4: 67.5000 um^3
  HEATER_5: 67.5000 um^3
  Potenza per heater attivo = 20.0000 mW
===============================================
  Newton iteration  0 - ||R|| = 5.958977e-04 - 40 GMRES iterations - ||dT||_inf = 5.574573e+01 K
  Newton iteration  1 - ||R|| = 5.299056e-05 - 38 GMRES iterations - ||dT||_inf = 1.385528e+00 K
  Newton iteration  2 - ||R|| = 4.839408e-08 - 37 GMRES iterations - ||dT||_inf = 8.644399e-04 K
  Newton iteration  3 - ||R|| = 2.539877e-14 < tolerance
Postprocessing
  Potenza iniettata = 4.000000e+01 mW
  T_max             = 3.475105e+02 K (Delta T = 5.436054e+01 K)
  WG_0: int Delta T dz = 3.744735e+03 K um,  <Delta T> = 1.497894e+01 K
  WG_1: int Delta T dz = 8.232676e+01 K um,  <Delta T> = 3.293071e-01 K
  WG_2: int Delta T dz = 8.137051e+01 K um,  <Delta T> = 3.254821e-01 K
  WG_3: int Delta T dz = 3.743460e+03 K um,  <Delta T> = 1.497384e+01 K
  WG_4: int Delta T dz = 6.290600e+01 K um,  <Delta T> = 2.516240e-01 K
  WG_5: int Delta T dz = 3.002314e+01 K um,  <Delta T> = 1.200925e-01 K
===============================================
