Mesh        = ../mesh/soi_mesh.msh
Heater mask = 0b101000 (40)
Potenza     = 30 mW per heater acceso
CSV         = results.csv
Output VTU  = no
Initializing the mesh
  Number of elements = 1923630
-----------------------------------------------
Initializing the finite element space
  Degree                     = 1
  DoFs per cell              = 4
  Quadrature points per cell = 6
  Quadrature points per face = 4
-----------------------------------------------
Initializing the DoF handler
  Number of DoFs = 339222
-----------------------------------------------
Initializing the linear system
-----------------------------------------------
Heater volumes (integrati sulla mesh)
  HEATER_0: 67.5000 um^3
  HEATER_1: 67.5000 um^3
  HEATER_2: 67.5000 um^3
  HEATER_3: 67.5000 um^3  [attivo]
  HEATER_4: 67.5000 um^3
  HEATER_5: 67.5000 um^3  [attivo]
  Potenza per heater attivo = 30.0000 mW
===============================================
  Newton iteration  0 - ||R|| = 8.926236e-04 - 40 GMRES iterations - ||dT||_inf = 8.372678e+01 K
  Newton iteration  1 - ||R|| = 1.199975e-04 - 38 GMRES iterations - ||dT||_inf = 3.048411e+00 K
  Newton iteration  2 - ||R|| = 2.294692e-07 - 38 GMRES iterations - ||dT||_inf = 4.086646e-03 K
  Newton iteration  3 - ||R|| = 4.568674e-13 - 38 GMRES iterations - ||dT||_inf = 7.068677e-09 K
  Newton iteration  4 - ||R|| = 1.459715e-14 < tolerance
Postprocessing
  Potenza iniettata = 6.000000e+01 mW
  T_max             = 3.738269e+02 K (Delta T = 8.067687e+01 K)
  WG_0: int Delta T dz = 2.645261e+01 K um,  <Delta T> = 1.058104e-01 K
  WG_1: int Delta T dz = 4.896762e+01 K um,  <Delta T> = 1.958705e-01 K
  WG_2: int Delta T dz = 1.034847e+02 K um,  <Delta T> = 4.139387e-01 K
  WG_3: int Delta T dz = 5.602660e+03 K um,  <Delta T> = 2.241064e+01 K
  WG_4: int Delta T dz = 1.689945e+02 K um,  <Delta T> = 6.759778e-01 K
  WG_5: int Delta T dz = 5.605813e+03 K um,  <Delta T> = 2.242325e+01 K
===============================================
