Mesh        = ../mesh/soi_mesh.msh
Heater mask = 0b100001 (33)
Potenza     = 40 mW per heater acceso
CSV         = results.csv
Output VTU  = no
Initializing the mesh
  Number of elements = 1923630
-----------------------------------------------
Initializing the finite element space
  Degree                     = 1
  DoFs per cell              = 4
  Quadrature points per cell = 6
  Quadrature points per face = 4
-----------------------------------------------
Initializing the DoF handler
  Number of DoFs = 339222
-----------------------------------------------
Initializing the linear system
-----------------------------------------------
Heater volumes (integrati sulla mesh)
  HEATER_0: 67.5000 um^3  [attivo]
  HEATER_1: 67.5000 um^3
  HEATER_2: 67.5000 um^3
  HEATER_3: 67.5000 um^3
  HEATER_4: 67.5000 um^3
  HEATER_5: 67.5000 um^3  [attivo]
  Potenza per heater attivo = 40.0000 mW
===============================================
  Newton iteration  0 - ||R|| = 1.189034e-03 - 40 GMRES iterations - ||dT||_inf = 1.113629e+02 K
  Newton iteration  1 - ||R|| = 2.094837e-04 - 38 GMRES iterations - ||dT||_inf = 5.267746e+00 K
  Newton iteration  2 - ||R|| = 6.724147e-07 - 37 GMRES iterations - ||dT||_inf = 1.195800e-02 K
  Newton iteration  3 - ||R|| = 3.884059e-12 - 38 GMRES iterations - ||dT||_inf = 5.919550e-08 K
  Newton iteration  4 - ||R|| = 1.488327e-14 < tolerance
Postprocessing
  Potenza iniettata = 8.000000e+01 mW
  T_max             = 3.992392e+02 K (Delta T = 1.060892e+02 K)
  WG_0: int Delta T dz = 7.389886e+03 K um,  <Delta T> = 2.955954e+01 K
  WG_1: int Delta T dz = 1.286050e+02 K um,  <Delta T> = 5.144201e-01 K
  WG_2: int Delta T dz = 7.931114e+01 K um,  <Delta T> = 3.172446e-01 K
  WG_3: int Delta T dz = 7.930926e+01 K um,  <Delta T> = 3.172370e-01 K
  WG_4: int Delta T dz = 1.285782e+02 K um,  <Delta T> = 5.143129e-01 K
  WG_5: int Delta T dz = 7.391405e+03 K um,  <Delta T> = 2.956562e+01 K
===============================================
