Mesh        = ../mesh/soi_mesh.msh
Heater mask = 0b001100 (12)
Potenza     = 40 mW per heater acceso
CSV         = results.csv
Output VTU  = no
Initializing the mesh
  Number of elements = 1923630
-----------------------------------------------
Initializing the finite element space
  Degree                     = 1
  DoFs per cell              = 4
  Quadrature points per cell = 6
  Quadrature points per face = 4
-----------------------------------------------
Initializing the DoF handler
  Number of DoFs = 339222
-----------------------------------------------
Initializing the linear system
-----------------------------------------------
Heater volumes (integrati sulla mesh)
  HEATER_0: 67.5000 um^3
  HEATER_1: 67.5000 um^3
  HEATER_2: 67.5000 um^3  [attivo]
  HEATER_3: 67.5000 um^3  [attivo]
  HEATER_4: 67.5000 um^3
  HEATER_5: 67.5000 um^3
  Potenza per heater attivo = 40.0000 mW
===============================================
  Newton iteration  0 - ||R|| = 1.190757e-03 - 40 GMRES iterations - ||dT||_inf = 1.120416e+02 K
  Newton iteration  1 - ||R|| = 2.075815e-04 - 38 GMRES iterations - ||dT||_inf = 5.333439e+00 K
  Newton iteration  2 - ||R|| = 6.864196e-07 - 38 GMRES iterations - ||dT||_inf = 1.226108e-02 K
  Newton iteration  3 - ||R|| = 4.040416e-12 - 38 GMRES iterations - ||dT||_inf = 6.224134e-08 K
  Newton iteration  4 - ||R|| = 1.479755e-14 < tolerance
Postprocessing
  Potenza iniettata = 8.000000e+01 mW
  T_max             = 3.998532e+02 K (Delta T = 1.067032e+02 K)
  WG_0: int Delta T dz = 7.931602e+01 K um,  <Delta T> = 3.172641e-01 K
  WG_1: int Delta T dz = 1.621185e+02 K um,  <Delta T> = 6.484738e-01 K
  WG_2: int Delta T dz = 7.483658e+03 K um,  <Delta T> = 2.993463e+01 K
  WG_3: int Delta T dz = 7.486638e+03 K um,  <Delta T> = 2.994655e+01 K
  WG_4: int Delta T dz = 1.620631e+02 K um,  <Delta T> = 6.482522e-01 K
  WG_5: int Delta T dz = 7.931424e+01 K um,  <Delta T> = 3.172569e-01 K
===============================================
