Mesh        = ../mesh/soi_mesh.msh
Heater mask = 0b010001 (17)
Potenza     = 10 mW per heater acceso
CSV         = results.csv
Output VTU  = no
Initializing the mesh
  Number of elements = 1923630
-----------------------------------------------
Initializing the finite element space
  Degree                     = 1
  DoFs per cell              = 4
  Quadrature points per cell = 6
  Quadrature points per face = 4
-----------------------------------------------
Initializing the DoF handler
  Number of DoFs = 339222
-----------------------------------------------
Initializing the linear system
-----------------------------------------------
Heater volumes (integrati sulla mesh)
  HEATER_0: 67.5000 um^3  [attivo]
  HEATER_1: 67.5000 um^3
  HEATER_2: 67.5000 um^3
  HEATER_3: 67.5000 um^3
  HEATER_4: 67.5000 um^3  [attivo]
  HEATER_5: 67.5000 um^3
  Potenza per heater attivo = 10.0000 mW
===============================================
  Newton iteration  0 - ||R|| = 2.979175e-04 - 41 GMRES iterations - ||dT||_inf = 2.787037e+01 K
  Newton iteration  1 - ||R|| = 1.343460e-05 - 39 GMRES iterations - ||dT||_inf = 3.551016e-01 K
  Newton iteration  2 - ||R|| = 3.240672e-09 - 39 GMRES iterations - ||dT||_inf = 5.806927e-05 K
  Newton iteration  3 - ||R|| = 1.493098e-14 < tolerance
Postprocessing
  Potenza iniettata = 2.000000e+01 mW
  T_max             = 3.206652e+02 K (Delta T = 2.751521e+01 K)
  WG_0: int Delta T dz = 1.879665e+03 K um,  <Delta T> = 7.518659e+00 K
  WG_1: int Delta T dz = 3.514703e+01 K um,  <Delta T> = 1.405881e-01 K
  WG_2: int Delta T dz = 2.567449e+01 K um,  <Delta T> = 1.026980e-01 K
  WG_3: int Delta T dz = 3.460718e+01 K um,  <Delta T> = 1.384287e-01 K
  WG_4: int Delta T dz = 1.877953e+03 K um,  <Delta T> = 7.511814e+00 K
  WG_5: int Delta T dz = 3.047359e+01 K um,  <Delta T> = 1.218944e-01 K
===============================================
