Mesh        = ../mesh/soi_mesh.msh
Heater mask = 0b110000 (48)
Potenza     = 10 mW per heater acceso
CSV         = results.csv
Output VTU  = no
Initializing the mesh
  Number of elements = 1923630
-----------------------------------------------
Initializing the finite element space
  Degree                     = 1
  DoFs per cell              = 4
  Quadrature points per cell = 6
  Quadrature points per face = 4
-----------------------------------------------
Initializing the DoF handler
  Number of DoFs = 339222
-----------------------------------------------
Initializing the linear system
-----------------------------------------------
Heater volumes (integrati sulla mesh)
  HEATER_0: 67.5000 um^3
  HEATER_1: 67.5000 um^3
  HEATER_2: 67.5000 um^3
  HEATER_3: 67.5000 um^3
  HEATER_4: 67.5000 um^3  [attivo]
  HEATER_5: 67.5000 um^3  [attivo]
  Potenza per heater attivo = 10.0000 mW
===============================================
  Newton iteration  0 - ||R|| = 2.975098e-04 - 41 GMRES iterations - ||dT||_inf = 2.803390e+01 K
  Newton iteration  1 - ||R|| = 1.384661e-05 - 39 GMRES iterations - ||dT||_inf = 3.590191e-01 K
  Newton iteration  2 - ||R|| = 3.312925e-09 - 39 GMRES iterations - ||dT||_inf = 5.932722e-05 K
  Newton iteration  3 - ||R|| = 1.492385e-14 < tolerance
Postprocessing
  Potenza iniettata = 2.000000e+01 mW
  T_max             = 3.208248e+02 K (Delta T = 2.767482e+01 K)
  WG_0: int Delta T dz = 5.653684e+00 K um,  <Delta T> = 2.261474e-02 K
  WG_1: int Delta T dz = 1.031946e+01 K um,  <Delta T> = 4.127786e-02 K
  WG_2: int Delta T dz = 1.947927e+01 K um,  <Delta T> = 7.791707e-02 K
  WG_3: int Delta T dz = 4.080358e+01 K um,  <Delta T> = 1.632143e-01 K
  WG_4: int Delta T dz = 1.902558e+03 K um,  <Delta T> = 7.610232e+00 K
  WG_5: int Delta T dz = 1.904727e+03 K um,  <Delta T> = 7.618909e+00 K
===============================================
