Mesh        = ../mesh/soi_mesh.msh
Heater mask = 0b000101 (5)
Potenza     = 30 mW per heater acceso
CSV         = results.csv
Output VTU  = no
Initializing the mesh
  Number of elements = 1923630
-----------------------------------------------
Initializing the finite element space
  Degree                     = 1
  DoFs per cell              = 4
  Quadrature points per cell = 6
  Quadrature points per face = 4
-----------------------------------------------
Initializing the DoF handler
  Number of DoFs = 339222
-----------------------------------------------
Initializing the linear system
-----------------------------------------------
Heater volumes (integrati sulla mesh)
  HEATER_0: 67.5000 um^3  [attivo]
  HEATER_1: 67.5000 um^3
  HEATER_2: 67.5000 um^3  [attivo]
  HEATER_3: 67.5000 um^3
  HEATER_4: 67.5000 um^3
  HEATER_5: 67.5000 um^3
  Potenza per heater attivo = 30.0000 mW
===============================================
  Newton iteration  0 - ||R|| = 8.922201e-04 - 40 GMRES iterations - ||dT||_inf = 8.372667e+01 K
  Newton iteration  1 - ||R|| = 1.175962e-04 - 38 GMRES iterations - ||dT||_inf = 3.053565e+00 K
  Newton iteration  2 - ||R|| = 2.291705e-07 - 37 GMRES iterations - ||dT||_inf = 4.107754e-03 K
  Newton iteration  3 - ||R|| = 4.556883e-13 - 37 GMRES iterations - ||dT||_inf = 7.135248e-09 K
  Newton iteration  4 - ||R|| = 1.447894e-14 < tolerance
Postprocessing
  Potenza iniettata = 6.000000e+01 mW
  T_max             = 3.738217e+02 K (Delta T = 8.067166e+01 K)
  WG_0: int Delta T dz = 5.604603e+03 K um,  <Delta T> = 2.241841e+01 K
  WG_1: int Delta T dz = 1.690572e+02 K um,  <Delta T> = 6.762289e-01 K
  WG_2: int Delta T dz = 5.600396e+03 K um,  <Delta T> = 2.240158e+01 K
  WG_3: int Delta T dz = 1.034909e+02 K um,  <Delta T> = 4.139635e-01 K
  WG_4: int Delta T dz = 4.896863e+01 K um,  <Delta T> = 1.958745e-01 K
  WG_5: int Delta T dz = 2.645282e+01 K um,  <Delta T> = 1.058113e-01 K
===============================================
