Mesh        = ../mesh/soi_mesh.msh
Heater mask = 0b010100 (20)
Potenza     = 10 mW per heater acceso
CSV         = results.csv
Output VTU  = no
Initializing the mesh
  Number of elements = 1923630
-----------------------------------------------
Initializing the finite element space
  Degree                     = 1
  DoFs per cell              = 4
  Quadrature points per cell = 6
  Quadrature points per face = 4
-----------------------------------------------
Initializing the DoF handler
  Number of DoFs = 339222
-----------------------------------------------
Initializing the linear system
-----------------------------------------------
Heater volumes (integrati sulla mesh)
  HEATER_0: 67.5000 um^3
  HEATER_1: 67.5000 um^3
  HEATER_2: 67.5000 um^3  [attivo]
  HEATER_3: 67.5000 um^3
  HEATER_4: 67.5000 um^3  [attivo]
  HEATER_5: 67.5000 um^3
  Potenza per heater attivo = 10.0000 mW
===============================================
  Newton iteration  0 - ||R|| = 2.976578e-04 - 41 GMRES iterations - ||dT||_inf = 2.792563e+01 K
  Newton iteration  1 - ||R|| = 1.346502e-05 - 39 GMRES iterations - ||dT||_inf = 3.567439e-01 K
  Newton iteration  2 - ||R|| = 3.260334e-09 - 39 GMRES iterations - ||dT||_inf = 5.873656e-05 K
  Newton iteration  3 - ||R|| = 1.492565e-14 < tolerance
Postprocessing
  Potenza iniettata = 2.000000e+01 mW
  T_max             = 3.207192e+02 K (Delta T = 2.756915e+01 K)
  WG_0: int Delta T dz = 1.665386e+01 K um,  <Delta T> = 6.661543e-02 K
  WG_1: int Delta T dz = 3.448182e+01 K um,  <Delta T> = 1.379273e-01 K
  WG_2: int Delta T dz = 1.887202e+03 K um,  <Delta T> = 7.548810e+00 K
  WG_3: int Delta T dz = 5.546797e+01 K um,  <Delta T> = 2.218719e-01 K
  WG_4: int Delta T dz = 1.886901e+03 K um,  <Delta T> = 7.547603e+00 K
  WG_5: int Delta T dz = 3.528220e+01 K um,  <Delta T> = 1.411288e-01 K
===============================================
