Mesh        = ../mesh/soi_mesh.msh
Heater mask = 0b000101 (5)
Potenza     = 40 mW per heater acceso
CSV         = results.csv
Output VTU  = no
Initializing the mesh
  Number of elements = 1923630
-----------------------------------------------
Initializing the finite element space
  Degree                     = 1
  DoFs per cell              = 4
  Quadrature points per cell = 6
  Quadrature points per face = 4
-----------------------------------------------
Initializing the DoF handler
  Number of DoFs = 339222
-----------------------------------------------
Initializing the linear system
-----------------------------------------------
Heater volumes (integrati sulla mesh)
  HEATER_0: 67.5000 um^3  [attivo]
  HEATER_1: 67.5000 um^3
  HEATER_2: 67.5000 um^3  [attivo]
  HEATER_3: 67.5000 um^3
  HEATER_4: 67.5000 um^3
  HEATER_5: 67.5000 um^3
  Potenza per heater attivo = 40.0000 mW
===============================================
  Newton iteration  0 - ||R|| = 1.189627e-03 - 40 GMRES iterations - ||dT||_inf = 1.116356e+02 K
  Newton iteration  1 - ||R|| = 2.062948e-04 - 38 GMRES iterations - ||dT||_inf = 5.298580e+00 K
  Newton iteration  2 - ||R|| = 6.774368e-07 - 38 GMRES iterations - ||dT||_inf = 1.210247e-02 K
  Newton iteration  3 - ||R|| = 3.938278e-12 - 38 GMRES iterations - ||dT||_inf = 6.064381e-08 K
  Newton iteration  4 - ||R|| = 1.479791e-14 < tolerance
Postprocessing
  Potenza iniettata = 8.000000e+01 mW
  T_max             = 3.994794e+02 K (Delta T = 1.063294e+02 K)
  WG_0: int Delta T dz = 7.432597e+03 K um,  <Delta T> = 2.973039e+01 K
  WG_1: int Delta T dz = 2.255248e+02 K um,  <Delta T> = 9.020990e-01 K
  WG_2: int Delta T dz = 7.427001e+03 K um,  <Delta T> = 2.970800e+01 K
  WG_3: int Delta T dz = 1.380320e+02 K um,  <Delta T> = 5.521279e-01 K
  WG_4: int Delta T dz = 6.530246e+01 K um,  <Delta T> = 2.612099e-01 K
  WG_5: int Delta T dz = 3.527352e+01 K um,  <Delta T> = 1.410941e-01 K
===============================================
