Mesh        = ../mesh/soi_mesh.msh
Heater mask = 0b000011 (3)
Potenza     = 30 mW per heater acceso
CSV         = results.csv
Output VTU  = no
Initializing the mesh
  Number of elements = 1923630
-----------------------------------------------
Initializing the finite element space
  Degree                     = 1
  DoFs per cell              = 4
  Quadrature points per cell = 6
  Quadrature points per face = 4
-----------------------------------------------
Initializing the DoF handler
  Number of DoFs = 339222
-----------------------------------------------
Initializing the linear system
-----------------------------------------------
Heater volumes (integrati sulla mesh)
  HEATER_0: 67.5000 um^3  [attivo]
  HEATER_1: 67.5000 um^3  [attivo]
  HEATER_2: 67.5000 um^3
  HEATER_3: 67.5000 um^3
  HEATER_4: 67.5000 um^3
  HEATER_5: 67.5000 um^3
  Potenza per heater attivo = 30.0000 mW
===============================================
  Newton iteration  0 - ||R|| = 8.914745e-04 - 39 GMRES iterations - ||dT||_inf = 8.411312e+01 K
  Newton iteration  1 - ||R|| = 1.182635e-04 - 36 GMRES iterations - ||dT||_inf = 3.073237e+00 K
  Newton iteration  2 - ||R|| = 2.323977e-07 - 36 GMRES iterations - ||dT||_inf = 4.146309e-03 K
  Newton iteration  3 - ||R|| = 4.690532e-13 - 36 GMRES iterations - ||dT||_inf = 7.270758e-09 K
  Newton iteration  4 - ||R|| = 1.441934e-14 < tolerance
Postprocessing
  Potenza iniettata = 6.000000e+01 mW
  T_max             = 3.741857e+02 K (Delta T = 8.103573e+01 K)
  WG_0: int Delta T dz = 5.649843e+03 K um,  <Delta T> = 2.259937e+01 K
  WG_1: int Delta T dz = 5.647004e+03 K um,  <Delta T> = 2.258802e+01 K
  WG_2: int Delta T dz = 1.225652e+02 K um,  <Delta T> = 4.902606e-01 K
  WG_3: int Delta T dz = 5.846456e+01 K um,  <Delta T> = 2.338582e-01 K
  WG_4: int Delta T dz = 3.096594e+01 K um,  <Delta T> = 1.238637e-01 K
  WG_5: int Delta T dz = 1.696359e+01 K um,  <Delta T> = 6.785435e-02 K
===============================================
