Mesh        = ../mesh/soi_mesh.msh
Heater mask = 0b000110 (6)
Potenza     = 40 mW per heater acceso
CSV         = results.csv
Output VTU  = no
Initializing the mesh
  Number of elements = 1923630
-----------------------------------------------
Initializing the finite element space
  Degree                     = 1
  DoFs per cell              = 4
  Quadrature points per cell = 6
  Quadrature points per face = 4
-----------------------------------------------
Initializing the DoF handler
  Number of DoFs = 339222
-----------------------------------------------
Initializing the linear system
-----------------------------------------------
Heater volumes (integrati sulla mesh)
  HEATER_0: 67.5000 um^3
  HEATER_1: 67.5000 um^3  [attivo]
  HEATER_2: 67.5000 um^3  [attivo]
  HEATER_3: 67.5000 um^3
  HEATER_4: 67.5000 um^3
  HEATER_5: 67.5000 um^3
  Potenza per heater attivo = 40.0000 mW
===============================================
  Newton iteration  0 - ||R|| = 1.187592e-03 - 40 GMRES iterations - ||dT||_inf = 1.121334e+02 K
  Newton iteration  1 - ||R|| = 2.072232e-04 - 38 GMRES iterations - ||dT||_inf = 5.333717e+00 K
  Newton iteration  2 - ||R|| = 6.855121e-07 - 38 GMRES iterations - ||dT||_inf = 1.226281e-02 K
  Newton iteration  3 - ||R|| = 4.038248e-12 - 38 GMRES iterations - ||dT||_inf = 6.225744e-08 K
  Newton iteration  4 - ||R|| = 1.474054e-14 < tolerance
Postprocessing
  Potenza iniettata = 8.000000e+01 mW
  T_max             = 3.999398e+02 K (Delta T = 1.067898e+02 K)
  WG_0: int Delta T dz = 1.661422e+02 K um,  <Delta T> = 6.645687e-01 K
  WG_1: int Delta T dz = 7.486057e+03 K um,  <Delta T> = 2.994423e+01 K
  WG_2: int Delta T dz = 7.484254e+03 K um,  <Delta T> = 2.993701e+01 K
  WG_3: int Delta T dz = 1.615311e+02 K um,  <Delta T> = 6.461242e-01 K
  WG_4: int Delta T dz = 7.740789e+01 K um,  <Delta T> = 3.096316e-01 K
  WG_5: int Delta T dz = 4.185360e+01 K um,  <Delta T> = 1.674144e-01 K
===============================================
