Mesh        = ../mesh/soi_mesh.msh
Heater mask = 0b001100 (12)
Potenza     = 10 mW per heater acceso
CSV         = results.csv
Output VTU  = no
Initializing the mesh
  Number of elements = 1923630
-----------------------------------------------
Initializing the finite element space
  Degree                     = 1
  DoFs per cell              = 4
  Quadrature points per cell = 6
  Quadrature points per face = 4
-----------------------------------------------
Initializing the DoF handler
  Number of DoFs = 339222
-----------------------------------------------
Initializing the linear system
-----------------------------------------------
Heater volumes (integrati sulla mesh)
  HEATER_0: 67.5000 um^3
  HEATER_1: 67.5000 um^3
  HEATER_2: 67.5000 um^3  [attivo]
  HEATER_3: 67.5000 um^3  [attivo]
  HEATER_4: 67.5000 um^3
  HEATER_5: 67.5000 um^3
  Potenza per heater attivo = 10.0000 mW
===============================================
  Newton iteration  0 - ||R|| = 2.976892e-04 - 40 GMRES iterations - ||dT||_inf = 2.801041e+01 K
  Newton iteration  1 - ||R|| = 1.355894e-05 - 38 GMRES iterations - ||dT||_inf = 3.592296e-01 K
  Newton iteration  2 - ||R|| = 3.310951e-09 - 38 GMRES iterations - ||dT||_inf = 5.956741e-05 K
  Newton iteration  3 - ||R|| = 1.495701e-14 < tolerance
Postprocessing
  Potenza iniettata = 2.000000e+01 mW
  T_max             = 3.208013e+02 K (Delta T = 2.765130e+01 K)
  WG_0: int Delta T dz = 1.981691e+01 K um,  <Delta T> = 7.926764e-02 K
  WG_1: int Delta T dz = 4.048247e+01 K um,  <Delta T> = 1.619299e-01 K
  WG_2: int Delta T dz = 1.902059e+03 K um,  <Delta T> = 7.608234e+00 K
  WG_3: int Delta T dz = 1.902841e+03 K um,  <Delta T> = 7.611364e+00 K
  WG_4: int Delta T dz = 4.046851e+01 K um,  <Delta T> = 1.618740e-01 K
  WG_5: int Delta T dz = 1.981645e+01 K um,  <Delta T> = 7.926578e-02 K
===============================================
