Mesh        = ../mesh/soi_mesh.msh
Heater mask = 0b001100 (12)
Potenza     = 30 mW per heater acceso
CSV         = results.csv
Output VTU  = no
Initializing the mesh
  Number of elements = 1923630
-----------------------------------------------
Initializing the finite element space
  Degree                     = 1
  DoFs per cell              = 4
  Quadrature points per cell = 6
  Quadrature points per face = 4
-----------------------------------------------
Initializing the DoF handler
  Number of DoFs = 339222
-----------------------------------------------
Initializing the linear system
-----------------------------------------------
Heater volumes (integrati sulla mesh)
  HEATER_0: 67.5000 um^3
  HEATER_1: 67.5000 um^3
  HEATER_2: 67.5000 um^3  [attivo]
  HEATER_3: 67.5000 um^3  [attivo]
  HEATER_4: 67.5000 um^3
  HEATER_5: 67.5000 um^3
  Potenza per heater attivo = 30.0000 mW
===============================================
  Newton iteration  0 - ||R|| = 8.930677e-04 - 40 GMRES iterations - ||dT||_inf = 8.403122e+01 K
  Newton iteration  1 - ||R|| = 1.183398e-04 - 38 GMRES iterations - ||dT||_inf = 3.073925e+00 K
  Newton iteration  2 - ||R|| = 2.323095e-07 - 37 GMRES iterations - ||dT||_inf = 4.162635e-03 K
  Newton iteration  3 - ||R|| = 4.677364e-13 - 37 GMRES iterations - ||dT||_inf = 7.327474e-09 K
  Newton iteration  4 - ||R|| = 1.455681e-14 < tolerance
Postprocessing
  Potenza iniettata = 6.000000e+01 mW
  T_max             = 3.741064e+02 K (Delta T = 8.095640e+01 K)
  WG_0: int Delta T dz = 5.947491e+01 K um,  <Delta T> = 2.378996e-01 K
  WG_1: int Delta T dz = 1.215416e+02 K um,  <Delta T> = 4.861662e-01 K
  WG_2: int Delta T dz = 5.643233e+03 K um,  <Delta T> = 2.257293e+01 K
  WG_3: int Delta T dz = 5.645503e+03 K um,  <Delta T> = 2.258201e+01 K
  WG_4: int Delta T dz = 1.214999e+02 K um,  <Delta T> = 4.859996e-01 K
  WG_5: int Delta T dz = 5.947355e+01 K um,  <Delta T> = 2.378942e-01 K
===============================================
