Mesh        = ../mesh/soi_mesh.msh
Heater mask = 0b110000 (48)
Potenza     = 40 mW per heater acceso
CSV         = results.csv
Output VTU  = no
Initializing the mesh
  Number of elements = 1923630
-----------------------------------------------
Initializing the finite element space
  Degree                     = 1
  DoFs per cell              = 4
  Quadrature points per cell = 6
  Quadrature points per face = 4
-----------------------------------------------
Initializing the DoF handler
  Number of DoFs = 339222
-----------------------------------------------
Initializing the linear system
-----------------------------------------------
Heater volumes (integrati sulla mesh)
  HEATER_0: 67.5000 um^3
  HEATER_1: 67.5000 um^3
  HEATER_2: 67.5000 um^3
  HEATER_3: 67.5000 um^3
  HEATER_4: 67.5000 um^3  [attivo]
  HEATER_5: 67.5000 um^3  [attivo]
  Potenza per heater attivo = 40.0000 mW
===============================================
  Newton iteration  0 - ||R|| = 1.190039e-03 - 41 GMRES iterations - ||dT||_inf = 1.121356e+02 K
  Newton iteration  1 - ||R|| = 2.114506e-04 - 39 GMRES iterations - ||dT||_inf = 5.330927e+00 K
  Newton iteration  2 - ||R|| = 6.862806e-07 - 39 GMRES iterations - ||dT||_inf = 1.221580e-02 K
  Newton iteration  3 - ||R|| = 4.048278e-12 - 39 GMRES iterations - ||dT||_inf = 6.173819e-08 K
  Newton iteration  4 - ||R|| = 1.472945e-14 < tolerance
Postprocessing
  Potenza iniettata = 8.000000e+01 mW
  T_max             = 3.999429e+02 K (Delta T = 1.067929e+02 K)
  WG_0: int Delta T dz = 2.261852e+01 K um,  <Delta T> = 9.047409e-02 K
  WG_1: int Delta T dz = 4.129064e+01 K um,  <Delta T> = 1.651626e-01 K
  WG_2: int Delta T dz = 7.796412e+01 K um,  <Delta T> = 3.118565e-01 K
  WG_3: int Delta T dz = 1.634064e+02 K um,  <Delta T> = 6.536257e-01 K
  WG_4: int Delta T dz = 7.485728e+03 K um,  <Delta T> = 2.994291e+01 K
  WG_5: int Delta T dz = 7.493930e+03 K um,  <Delta T> = 2.997572e+01 K
===============================================
