Mesh        = ../mesh/soi_mesh.msh
Heater mask = 0b000110 (6)
Potenza     = 10 mW per heater acceso
CSV         = results.csv
Output VTU  = no
Initializing the mesh
  Number of elements = 1923630
-----------------------------------------------
Initializing the finite element space
  Degree                     = 1
  DoFs per cell              = 4
  Quadrature points per cell = 6
  Quadrature points per face = 4
-----------------------------------------------
Initializing the DoF handler
  Number of DoFs = 339222
-----------------------------------------------
Initializing the linear system
-----------------------------------------------
Heater volumes (integrati sulla mesh)
  HEATER_0: 67.5000 um^3
  HEATER_1: 67.5000 um^3  [attivo]
  HEATER_2: 67.5000 um^3  [attivo]
  HEATER_3: 67.5000 um^3
  HEATER_4: 67.5000 um^3
  HEATER_5: 67.5000 um^3
  Potenza per heater attivo = 10.0000 mW
===============================================
  Newton iteration  0 - ||R|| = 2.968979e-04 - 40 GMRES iterations - ||dT||_inf = 2.803334e+01 K
  Newton iteration  1 - ||R|| = 1.353455e-05 - 38 GMRES iterations - ||dT||_inf = 3.592493e-01 K
  Newton iteration  2 - ||R|| = 3.306256e-09 - 37 GMRES iterations - ||dT||_inf = 5.957628e-05 K
  Newton iteration  3 - ||R|| = 1.493052e-14 < tolerance
Postprocessing
  Potenza iniettata = 2.000000e+01 mW
  T_max             = 3.208243e+02 K (Delta T = 2.767425e+01 K)
  WG_0: int Delta T dz = 4.148614e+01 K um,  <Delta T> = 1.659445e-01 K
  WG_1: int Delta T dz = 1.902673e+03 K um,  <Delta T> = 7.610691e+00 K
  WG_2: int Delta T dz = 1.902210e+03 K um,  <Delta T> = 7.608841e+00 K
  WG_3: int Delta T dz = 4.033591e+01 K um,  <Delta T> = 1.613436e-01 K
  WG_4: int Delta T dz = 1.934039e+01 K um,  <Delta T> = 7.736158e-02 K
  WG_5: int Delta T dz = 1.046014e+01 K um,  <Delta T> = 4.184056e-02 K
===============================================
