Mesh        = ../mesh/soi_mesh.msh
Heater mask = 0b010001 (17)
Potenza     = 20 mW per heater acceso
CSV         = results.csv
Output VTU  = no
Initializing the mesh
  Number of elements = 1923630
-----------------------------------------------
Initializing the finite element space
  Degree                     = 1
  DoFs per cell              = 4
  Quadrature points per cell = 6
  Quadrature points per face = 4
-----------------------------------------------
Initializing the DoF handler
  Number of DoFs = 339222
-----------------------------------------------
Initializing the linear system
-----------------------------------------------
Heater volumes (integrati sulla mesh)
  HEATER_0: 67.5000 um^3  [attivo]
  HEATER_1: 67.5000 um^3
  HEATER_2: 67.5000 um^3
  HEATER_3: 67.5000 um^3
  HEATER_4: 67.5000 um^3  [attivo]
  HEATER_5: 67.5000 um^3
  Potenza per heater attivo = 20.0000 mW
===============================================
  Newton iteration  0 - ||R|| = 5.958349e-04 - 41 GMRES iterations - ||dT||_inf = 5.574074e+01 K
  Newton iteration  1 - ||R|| = 5.289375e-05 - 38 GMRES iterations - ||dT||_inf = 1.384843e+00 K
  Newton iteration  2 - ||R|| = 4.822273e-08 - 38 GMRES iterations - ||dT||_inf = 8.624439e-04 K
  Newton iteration  3 - ||R|| = 2.528339e-14 < tolerance
Postprocessing
  Potenza iniettata = 4.000000e+01 mW
  T_max             = 3.475050e+02 K (Delta T = 5.435504e+01 K)
  WG_0: int Delta T dz = 3.738505e+03 K um,  <Delta T> = 1.495402e+01 K
  WG_1: int Delta T dz = 7.031651e+01 K um,  <Delta T> = 2.812661e-01 K
  WG_2: int Delta T dz = 5.136247e+01 K um,  <Delta T> = 2.054499e-01 K
  WG_3: int Delta T dz = 6.923610e+01 K um,  <Delta T> = 2.769444e-01 K
  WG_4: int Delta T dz = 3.735112e+03 K um,  <Delta T> = 1.494045e+01 K
  WG_5: int Delta T dz = 6.096380e+01 K um,  <Delta T> = 2.438552e-01 K
===============================================
