Mesh        = ../mesh/soi_mesh.msh
Heater mask = 0b010010 (18)
Potenza     = 20 mW per heater acceso
CSV         = results.csv
Output VTU  = no
Initializing the mesh
  Number of elements = 1923630
-----------------------------------------------
Initializing the finite element space
  Degree                     = 1
  DoFs per cell              = 4
  Quadrature points per cell = 6
  Quadrature points per face = 4
-----------------------------------------------
Initializing the DoF handler
  Number of DoFs = 339222
-----------------------------------------------
Initializing the linear system
-----------------------------------------------
Heater volumes (integrati sulla mesh)
  HEATER_0: 67.5000 um^3
  HEATER_1: 67.5000 um^3  [attivo]
  HEATER_2: 67.5000 um^3
  HEATER_3: 67.5000 um^3
  HEATER_4: 67.5000 um^3  [attivo]
  HEATER_5: 67.5000 um^3
  Potenza per heater attivo = 20.0000 mW
===============================================
  Newton iteration  0 - ||R|| = 5.948190e-04 - 40 GMRES iterations - ||dT||_inf = 5.580040e+01 K
  Newton iteration  1 - ||R|| = 5.287617e-05 - 38 GMRES iterations - ||dT||_inf = 1.387590e+00 K
  Newton iteration  2 - ||R|| = 4.829360e-08 - 37 GMRES iterations - ||dT||_inf = 8.645957e-04 K
  Newton iteration  3 - ||R|| = 2.531458e-14 < tolerance
Postprocessing
  Potenza iniettata = 4.000000e+01 mW
  T_max             = 3.475620e+02 K (Delta T = 5.441195e+01 K)
  WG_0: int Delta T dz = 6.426882e+01 K um,  <Delta T> = 2.570753e-01 K
  WG_1: int Delta T dz = 3.742572e+03 K um,  <Delta T> = 1.497029e+01 K
  WG_2: int Delta T dz = 8.100235e+01 K um,  <Delta T> = 3.240094e-01 K
  WG_3: int Delta T dz = 8.096642e+01 K um,  <Delta T> = 3.238657e-01 K
  WG_4: int Delta T dz = 3.741065e+03 K um,  <Delta T> = 1.496426e+01 K
  WG_5: int Delta T dz = 6.425533e+01 K um,  <Delta T> = 2.570213e-01 K
===============================================
