Mesh        = ../mesh/soi_mesh.msh
Heater mask = 0b100001 (33)
Potenza     = 10 mW per heater acceso
CSV         = results.csv
Output VTU  = no
Initializing the mesh
  Number of elements = 1923630
-----------------------------------------------
Initializing the finite element space
  Degree                     = 1
  DoFs per cell              = 4
  Quadrature points per cell = 6
  Quadrature points per face = 4
-----------------------------------------------
Initializing the DoF handler
  Number of DoFs = 339222
-----------------------------------------------
Initializing the linear system
-----------------------------------------------
Heater volumes (integrati sulla mesh)
  HEATER_0: 67.5000 um^3  [attivo]
  HEATER_1: 67.5000 um^3
  HEATER_2: 67.5000 um^3
  HEATER_3: 67.5000 um^3
  HEATER_4: 67.5000 um^3
  HEATER_5: 67.5000 um^3  [attivo]
  Potenza per heater attivo = 10.0000 mW
===============================================
  Newton iteration  0 - ||R|| = 2.972585e-04 - 40 GMRES iterations - ||dT||_inf = 2.784072e+01 K
  Newton iteration  1 - ||R|| = 1.370933e-05 - 39 GMRES iterations - ||dT||_inf = 3.546121e-01 K
  Newton iteration  2 - ||R|| = 3.237878e-09 - 39 GMRES iterations - ||dT||_inf = 5.800095e-05 K
  Newton iteration  3 - ||R|| = 1.491020e-14 < tolerance
Postprocessing
  Potenza iniettata = 2.000000e+01 mW
  T_max             = 3.206365e+02 K (Delta T = 2.748649e+01 K)
  WG_0: int Delta T dz = 1.878033e+03 K um,  <Delta T> = 7.512132e+00 K
  WG_1: int Delta T dz = 3.212335e+01 K um,  <Delta T> = 1.284934e-01 K
  WG_2: int Delta T dz = 1.981588e+01 K um,  <Delta T> = 7.926354e-02 K
  WG_3: int Delta T dz = 1.981541e+01 K um,  <Delta T> = 7.926164e-02 K
  WG_4: int Delta T dz = 3.211662e+01 K um,  <Delta T> = 1.284665e-01 K
  WG_5: int Delta T dz = 1.878490e+03 K um,  <Delta T> = 7.513959e+00 K
===============================================
