Mesh        = ../mesh/soi_mesh.msh
Heater mask = 0b101000 (40)
Potenza     = 20 mW per heater acceso
CSV         = results.csv
Output VTU  = no
Initializing the mesh
  Number of elements = 1923630
-----------------------------------------------
Initializing the finite element space
  Degree                     = 1
  DoFs per cell              = 4
  Quadrature points per cell = 6
  Quadrature points per face = 4
-----------------------------------------------
Initializing the DoF handler
  Number of DoFs = 339222
-----------------------------------------------
Initializing the linear system
-----------------------------------------------
Heater volumes (integrati sulla mesh)
  HEATER_0: 67.5000 um^3
  HEATER_1: 67.5000 um^3
  HEATER_2: 67.5000 um^3
  HEATER_3: 67.5000 um^3  [attivo]
  HEATER_4: 67.5000 um^3
  HEATER_5: 67.5000 um^3  [attivo]
  Potenza per heater attivo = 20.0000 mW
===============================================
  Newton iteration  0 - ||R|| = 5.950824e-04 - 40 GMRES iterations - ||dT||_inf = 5.581785e+01 K
  Newton iteration  1 - ||R|| = 5.415699e-05 - 38 GMRES iterations - ||dT||_inf = 1.388825e+00 K
  Newton iteration  2 - ||R|| = 4.861092e-08 - 38 GMRES iterations - ||dT||_inf = 8.677601e-04 K
  Newton iteration  3 - ||R|| = 2.552933e-14 < tolerance
Postprocessing
  Potenza iniettata = 4.000000e+01 mW
  T_max             = 3.475793e+02 K (Delta T = 5.442935e+01 K)
  WG_0: int Delta T dz = 1.763353e+01 K um,  <Delta T> = 7.053413e-02 K
  WG_1: int Delta T dz = 3.263961e+01 K um,  <Delta T> = 1.305584e-01 K
  WG_2: int Delta T dz = 6.896782e+01 K um,  <Delta T> = 2.758713e-01 K
  WG_3: int Delta T dz = 3.755651e+03 K um,  <Delta T> = 1.502260e+01 K
  WG_4: int Delta T dz = 1.126055e+02 K um,  <Delta T> = 4.504220e-01 K
  WG_5: int Delta T dz = 3.757786e+03 K um,  <Delta T> = 1.503114e+01 K
===============================================
