Mesh        = ../mesh/soi_mesh.msh
Heater mask = 0b010100 (20)
Potenza     = 40 mW per heater acceso
CSV         = results.csv
Output VTU  = no
Initializing the mesh
  Number of elements = 1923630
-----------------------------------------------
Initializing the finite element space
  Degree                     = 1
  DoFs per cell              = 4
  Quadrature points per cell = 6
  Quadrature points per face = 4
-----------------------------------------------
Initializing the DoF handler
  Number of DoFs = 339222
-----------------------------------------------
Initializing the linear system
-----------------------------------------------
Heater volumes (integrati sulla mesh)
  HEATER_0: 67.5000 um^3
  HEATER_1: 67.5000 um^3
  HEATER_2: 67.5000 um^3  [attivo]
  HEATER_3: 67.5000 um^3
  HEATER_4: 67.5000 um^3  [attivo]
  HEATER_5: 67.5000 um^3
  Potenza per heater attivo = 40.0000 mW
===============================================
  Newton iteration  0 - ||R|| = 1.190631e-03 - 41 GMRES iterations - ||dT||_inf = 1.117025e+02 K
  Newton iteration  1 - ||R|| = 2.062215e-04 - 39 GMRES iterations - ||dT||_inf = 5.298030e+00 K
  Newton iteration  2 - ||R|| = 6.769930e-07 - 38 GMRES iterations - ||dT||_inf = 1.209991e-02 K
  Newton iteration  3 - ||R|| = 3.939988e-12 - 38 GMRES iterations - ||dT||_inf = 6.061865e-08 K
  Newton iteration  4 - ||R|| = 1.479617e-14 < tolerance
Postprocessing
  Potenza iniettata = 8.000000e+01 mW
  T_max             = 3.995466e+02 K (Delta T = 1.063966e+02 K)
  WG_0: int Delta T dz = 6.664950e+01 K um,  <Delta T> = 2.665980e-01 K
  WG_1: int Delta T dz = 1.380592e+02 K um,  <Delta T> = 5.522367e-01 K
  WG_2: int Delta T dz = 7.425688e+03 K um,  <Delta T> = 2.970275e+01 K
  WG_3: int Delta T dz = 2.222061e+02 K um,  <Delta T> = 8.888242e-01 K
  WG_4: int Delta T dz = 7.424608e+03 K um,  <Delta T> = 2.969843e+01 K
  WG_5: int Delta T dz = 1.412668e+02 K um,  <Delta T> = 5.650671e-01 K
===============================================
