Mesh        = ../mesh/soi_mesh.msh
Heater mask = 0b001001 (9)
Potenza     = 30 mW per heater acceso
CSV         = results.csv
Output VTU  = no
Initializing the mesh
  Number of elements = 1923630
-----------------------------------------------
Initializing the finite element space
  Degree                     = 1
  DoFs per cell              = 4
  Quadrature points per cell = 6
  Quadrature points per face = 4
-----------------------------------------------
Initializing the DoF handler
  Number of DoFs = 339222
-----------------------------------------------
Initializing the linear system
-----------------------------------------------
Heater volumes (integrati sulla mesh)
  HEATER_0: 67.5000 um^3  [attivo]
  HEATER_1: 67.5000 um^3
  HEATER_2: 67.5000 um^3
  HEATER_3: 67.5000 um^3  [attivo]
  HEATER_4: 67.5000 um^3
  HEATER_5: 67.5000 um^3
  Potenza per heater attivo = 30.0000 mW
===============================================
  Newton iteration  0 - ||R|| = 8.938465e-04 - 40 GMRES iterations - ||dT||_inf = 8.361859e+01 K
  Newton iteration  1 - ||R|| = 1.175143e-04 - 37 GMRES iterations - ||dT||_inf = 3.041272e+00 K
  Newton iteration  2 - ||R|| = 2.285416e-07 - 37 GMRES iterations - ||dT||_inf = 4.071499e-03 K
  Newton iteration  3 - ||R|| = 4.532833e-13 - 37 GMRES iterations - ||dT||_inf = 7.009735e-09 K
  Newton iteration  4 - ||R|| = 1.460181e-14 < tolerance
Postprocessing
  Potenza iniettata = 6.000000e+01 mW
  T_max             = 3.737259e+02 K (Delta T = 8.057587e+01 K)
  WG_0: int Delta T dz = 5.586448e+03 K um,  <Delta T> = 2.234579e+01 K
  WG_1: int Delta T dz = 1.235377e+02 K um,  <Delta T> = 4.941510e-01 K
  WG_2: int Delta T dz = 1.221022e+02 K um,  <Delta T> = 4.884087e-01 K
  WG_3: int Delta T dz = 5.584508e+03 K um,  <Delta T> = 2.233803e+01 K
  WG_4: int Delta T dz = 9.438603e+01 K um,  <Delta T> = 3.775441e-01 K
  WG_5: int Delta T dz = 4.504165e+01 K um,  <Delta T> = 1.801666e-01 K
===============================================
