Mesh        = ../mesh/soi_mesh.msh
Heater mask = 0b100100 (36)
Potenza     = 10 mW per heater acceso
CSV         = results.csv
Output VTU  = no
Initializing the mesh
  Number of elements = 1923630
-----------------------------------------------
Initializing the finite element space
  Degree                     = 1
  DoFs per cell              = 4
  Quadrature points per cell = 6
  Quadrature points per face = 4
-----------------------------------------------
Initializing the DoF handler
  Number of DoFs = 339222
-----------------------------------------------
Initializing the linear system
-----------------------------------------------
Heater volumes (integrati sulla mesh)
  HEATER_0: 67.5000 um^3
  HEATER_1: 67.5000 um^3
  HEATER_2: 67.5000 um^3  [attivo]
  HEATER_3: 67.5000 um^3
  HEATER_4: 67.5000 um^3
  HEATER_5: 67.5000 um^3  [attivo]
  Potenza per heater attivo = 10.0000 mW
===============================================
  Newton iteration  0 - ||R|| = 2.969983e-04 - 40 GMRES iterations - ||dT||_inf = 2.787117e+01 K
  Newton iteration  1 - ||R|| = 1.371967e-05 - 39 GMRES iterations - ||dT||_inf = 3.558825e-01 K
  Newton iteration  2 - ||R|| = 3.245657e-09 - 39 GMRES iterations - ||dT||_inf = 5.845087e-05 K
  Newton iteration  3 - ||R|| = 1.486415e-14 < tolerance
Postprocessing
  Potenza iniettata = 2.000000e+01 mW
  T_max             = 3.206654e+02 K (Delta T = 2.751543e+01 K)
  WG_0: int Delta T dz = 1.500963e+01 K um,  <Delta T> = 6.003851e-02 K
  WG_1: int Delta T dz = 3.145809e+01 K um,  <Delta T> = 1.258323e-01 K
  WG_2: int Delta T dz = 1.881393e+03 K um,  <Delta T> = 7.525573e+00 K
  WG_3: int Delta T dz = 4.067079e+01 K um,  <Delta T> = 1.626831e-01 K
  WG_4: int Delta T dz = 4.114093e+01 K um,  <Delta T> = 1.645637e-01 K
  WG_5: int Delta T dz = 1.883259e+03 K um,  <Delta T> = 7.533037e+00 K
===============================================
