Mesh        = ../mesh/soi_mesh.msh
Heater mask = 0b000110 (6)
Potenza     = 30 mW per heater acceso
CSV         = results.csv
Output VTU  = no
Initializing the mesh
  Number of elements = 1923630
-----------------------------------------------
Initializing the finite element space
  Degree                     = 1
  DoFs per cell              = 4
  Quadrature points per cell = 6
  Quadrature points per face = 4
-----------------------------------------------
Initializing the DoF handler
  Number of DoFs = 339222
-----------------------------------------------
Initializing the linear system
-----------------------------------------------
Heater volumes (integrati sulla mesh)
  HEATER_0: 67.5000 um^3
  HEATER_1: 67.5000 um^3  [attivo]
  HEATER_2: 67.5000 um^3  [attivo]
  HEATER_3: 67.5000 um^3
  HEATER_4: 67.5000 um^3
  HEATER_5: 67.5000 um^3
  Potenza per heater attivo = 30.0000 mW
===============================================
  Newton iteration  0 - ||R|| = 8.906937e-04 - 40 GMRES iterations - ||dT||_inf = 8.410002e+01 K
  Newton iteration  1 - ||R|| = 1.181329e-04 - 38 GMRES iterations - ||dT||_inf = 3.074088e+00 K
  Newton iteration  2 - ||R|| = 2.319960e-07 - 37 GMRES iterations - ||dT||_inf = 4.163234e-03 K
  Newton iteration  3 - ||R|| = 4.674913e-13 - 37 GMRES iterations - ||dT||_inf = 7.329372e-09 K
  Newton iteration  4 - ||R|| = 1.462329e-14 < tolerance
Postprocessing
  Potenza iniettata = 6.000000e+01 mW
  T_max             = 3.741733e+02 K (Delta T = 8.102330e+01 K)
  WG_0: int Delta T dz = 1.245571e+02 K um,  <Delta T> = 4.982284e-01 K
  WG_1: int Delta T dz = 5.645046e+03 K um,  <Delta T> = 2.258018e+01 K
  WG_2: int Delta T dz = 5.643683e+03 K um,  <Delta T> = 2.257473e+01 K
  WG_3: int Delta T dz = 1.211013e+02 K um,  <Delta T> = 4.844052e-01 K
  WG_4: int Delta T dz = 5.804433e+01 K um,  <Delta T> = 2.321773e-01 K
  WG_5: int Delta T dz = 3.138694e+01 K um,  <Delta T> = 1.255477e-01 K
===============================================
