Mesh        = ../mesh/soi_mesh.msh
Heater mask = 0b010100 (20)
Potenza     = 30 mW per heater acceso
CSV         = results.csv
Output VTU  = no
Initializing the mesh
  Number of elements = 1923630
-----------------------------------------------
Initializing the finite element space
  Degree                     = 1
  DoFs per cell              = 4
  Quadrature points per cell = 6
  Quadrature points per face = 4
-----------------------------------------------
Initializing the DoF handler
  Number of DoFs = 339222
-----------------------------------------------
Initializing the linear system
-----------------------------------------------
Heater volumes (integrati sulla mesh)
  HEATER_0: 67.5000 um^3
  HEATER_1: 67.5000 um^3
  HEATER_2: 67.5000 um^3  [attivo]
  HEATER_3: 67.5000 um^3
  HEATER_4: 67.5000 um^3  [attivo]
  HEATER_5: 67.5000 um^3
  Potenza per heater attivo = 30.0000 mW
===============================================
  Newton iteration  0 - ||R|| = 8.929735e-04 - 41 GMRES iterations - ||dT||_inf = 8.377689e+01 K
  Newton iteration  1 - ||R|| = 1.175519e-04 - 38 GMRES iterations - ||dT||_inf = 3.053244e+00 K
  Newton iteration  2 - ||R|| = 2.290113e-07 - 38 GMRES iterations - ||dT||_inf = 4.106870e-03 K
  Newton iteration  3 - ||R|| = 4.558908e-13 - 38 GMRES iterations - ||dT||_inf = 7.132257e-09 K
  Newton iteration  4 - ||R|| = 1.459757e-14 < tolerance
Postprocessing
  Potenza iniettata = 6.000000e+01 mW
  T_max             = 3.738721e+02 K (Delta T = 8.072206e+01 K)
  WG_0: int Delta T dz = 4.997860e+01 K um,  <Delta T> = 1.999144e-01 K
  WG_1: int Delta T dz = 1.035113e+02 K um,  <Delta T> = 4.140452e-01 K
  WG_2: int Delta T dz = 5.599406e+03 K um,  <Delta T> = 2.239762e+01 K
  WG_3: int Delta T dz = 1.665707e+02 K um,  <Delta T> = 6.662829e-01 K
  WG_4: int Delta T dz = 5.598564e+03 K um,  <Delta T> = 2.239426e+01 K
  WG_5: int Delta T dz = 1.059155e+02 K um,  <Delta T> = 4.236619e-01 K
===============================================
