Mesh        = ../mesh/soi_mesh.msh
Heater mask = 0b010010 (18)
Potenza     = 40 mW per heater acceso
CSV         = results.csv
Output VTU  = no
Initializing the mesh
  Number of elements = 1923630
-----------------------------------------------
Initializing the finite element space
  Degree                     = 1
  DoFs per cell              = 4
  Quadrature points per cell = 6
  Quadrature points per face = 4
-----------------------------------------------
Initializing the DoF handler
  Number of DoFs = 339222
-----------------------------------------------
Initializing the linear system
-----------------------------------------------
Heater volumes (integrati sulla mesh)
  HEATER_0: 67.5000 um^3
  HEATER_1: 67.5000 um^3  [attivo]
  HEATER_2: 67.5000 um^3
  HEATER_3: 67.5000 um^3
  HEATER_4: 67.5000 um^3  [attivo]
  HEATER_5: 67.5000 um^3
  Potenza per heater attivo = 40.0000 mW
===============================================
  Newton iteration  0 - ||R|| = 1.189638e-03 - 40 GMRES iterations - ||dT||_inf = 1.116008e+02 K
  Newton iteration  1 - ||R|| = 2.057374e-04 - 38 GMRES iterations - ||dT||_inf = 5.285497e+00 K
  Newton iteration  2 - ||R|| = 6.743924e-07 - 38 GMRES iterations - ||dT||_inf = 1.200238e-02 K
  Newton iteration  3 - ||R|| = 3.918117e-12 - 38 GMRES iterations - ||dT||_inf = 5.943699e-08 K
  Newton iteration  4 - ||R|| = 1.489731e-14 < tolerance
Postprocessing
  Potenza iniettata = 8.000000e+01 mW
  T_max             = 3.994533e+02 K (Delta T = 1.063033e+02 K)
  WG_0: int Delta T dz = 1.286126e+02 K um,  <Delta T> = 5.144505e-01 K
  WG_1: int Delta T dz = 7.404241e+03 K um,  <Delta T> = 2.961696e+01 K
  WG_2: int Delta T dz = 1.621275e+02 K um,  <Delta T> = 6.485099e-01 K
  WG_3: int Delta T dz = 1.620558e+02 K um,  <Delta T> = 6.482230e-01 K
  WG_4: int Delta T dz = 7.401342e+03 K um,  <Delta T> = 2.960537e+01 K
  WG_5: int Delta T dz = 1.285856e+02 K um,  <Delta T> = 5.143424e-01 K
===============================================
