Mesh        = ../mesh/soi_mesh.msh
Heater mask = 0b001001 (9)
Potenza     = 10 mW per heater acceso
CSV         = results.csv
Output VTU  = no
Initializing the mesh
  Number of elements = 1923630
-----------------------------------------------
Initializing the finite element space
  Degree                     = 1
  DoFs per cell              = 4
  Quadrature points per cell = 6
  Quadrature points per face = 4
-----------------------------------------------
Initializing the DoF handler
  Number of DoFs = 339222
-----------------------------------------------
Initializing the linear system
-----------------------------------------------
Heater volumes (integrati sulla mesh)
  HEATER_0: 67.5000 um^3  [attivo]
  HEATER_1: 67.5000 um^3
  HEATER_2: 67.5000 um^3
  HEATER_3: 67.5000 um^3  [attivo]
  HEATER_4: 67.5000 um^3
  HEATER_5: 67.5000 um^3
  Potenza per heater attivo = 10.0000 mW
===============================================
  Newton iteration  0 - ||R|| = 2.979488e-04 - 40 GMRES iterations - ||dT||_inf = 2.787286e+01 K
  Newton iteration  1 - ||R|| = 1.345947e-05 - 38 GMRES iterations - ||dT||_inf = 3.552768e-01 K
  Newton iteration  2 - ||R|| = 3.252556e-09 - 38 GMRES iterations - ||dT||_inf = 5.820644e-05 K
  Newton iteration  3 - ||R|| = 1.500428e-14 < tolerance
Postprocessing
  Potenza iniettata = 2.000000e+01 mW
  T_max             = 3.206678e+02 K (Delta T = 2.751784e+01 K)
  WG_0: int Delta T dz = 1.882803e+03 K um,  <Delta T> = 7.531211e+00 K
  WG_1: int Delta T dz = 4.114756e+01 K um,  <Delta T> = 1.645902e-01 K
  WG_2: int Delta T dz = 4.066984e+01 K um,  <Delta T> = 1.626794e-01 K
  WG_3: int Delta T dz = 1.882174e+03 K um,  <Delta T> = 7.528697e+00 K
  WG_4: int Delta T dz = 3.144403e+01 K um,  <Delta T> = 1.257761e-01 K
  WG_5: int Delta T dz = 1.500926e+01 K um,  <Delta T> = 6.003702e-02 K
===============================================
