Mesh        = ../mesh/soi_mesh.msh
Heater mask = 0b000011 (3)
Potenza     = 40 mW per heater acceso
CSV         = results.csv
Output VTU  = no
Initializing the mesh
  Number of elements = 1923630
-----------------------------------------------
Initializing the finite element space
  Degree                     = 1
  DoFs per cell              = 4
  Quadrature points per cell = 6
  Quadrature points per face = 4
-----------------------------------------------
Initializing the DoF handler
  Number of DoFs = 339222
-----------------------------------------------
Initializing the linear system
-----------------------------------------------
Heater volumes (integrati sulla mesh)
  HEATER_0: 67.5000 um^3  [attivo]
  HEATER_1: 67.5000 um^3  [attivo]
  HEATER_2: 67.5000 um^3
  HEATER_3: 67.5000 um^3
  HEATER_4: 67.5000 um^3
  HEATER_5: 67.5000 um^3
  Potenza per heater attivo = 40.0000 mW
===============================================
  Newton iteration  0 - ||R|| = 1.188633e-03 - 39 GMRES iterations - ||dT||_inf = 1.121508e+02 K
  Newton iteration  1 - ||R|| = 2.074504e-04 - 37 GMRES iterations - ||dT||_inf = 5.332525e+00 K
  Newton iteration  2 - ||R|| = 6.866783e-07 - 37 GMRES iterations - ||dT||_inf = 1.221540e-02 K
  Newton iteration  3 - ||R|| = 4.051508e-12 - 37 GMRES iterations - ||dT||_inf = 6.176710e-08 K
  Newton iteration  4 - ||R|| = 1.483785e-14 < tolerance
Postprocessing
  Potenza iniettata = 8.000000e+01 mW
  T_max             = 3.999561e+02 K (Delta T = 1.068061e+02 K)
  WG_0: int Delta T dz = 7.492441e+03 K um,  <Delta T> = 2.996977e+01 K
  WG_1: int Delta T dz = 7.488653e+03 K um,  <Delta T> = 2.995461e+01 K
  WG_2: int Delta T dz = 1.634843e+02 K um,  <Delta T> = 6.539373e-01 K
  WG_3: int Delta T dz = 7.796844e+01 K um,  <Delta T> = 3.118737e-01 K
  WG_4: int Delta T dz = 4.129218e+01 K um,  <Delta T> = 1.651687e-01 K
  WG_5: int Delta T dz = 2.261938e+01 K um,  <Delta T> = 9.047751e-02 K
===============================================
