Mesh        = ../mesh/soi_mesh.msh
Heater mask = 0b011000 (24)
Potenza     = 40 mW per heater acceso
CSV         = results.csv
Output VTU  = no
Initializing the mesh
  Number of elements = 1923630
-----------------------------------------------
Initializing the finite element space
  Degree                     = 1
  DoFs per cell              = 4
  Quadrature points per cell = 6
  Quadrature points per face = 4
-----------------------------------------------
Initializing the DoF handler
  Number of DoFs = 339222
-----------------------------------------------
Initializing the linear system
-----------------------------------------------
Heater volumes (integrati sulla mesh)
  HEATER_0: 67.5000 um^3
  HEATER_1: 67.5000 um^3
  HEATER_2: 67.5000 um^3
  HEATER_3: 67.5000 um^3  [attivo]
  HEATER_4: 67.5000 um^3  [attivo]
  HEATER_5: 67.5000 um^3
  Potenza per heater attivo = 40.0000 mW
===============================================
  Newton iteration  0 - ||R|| = 1.192798e-03 - 41 GMRES iterations - ||dT||_inf = 1.121162e+02 K
  Newton iteration  1 - ||R|| = 2.077202e-04 - 39 GMRES iterations - ||dT||_inf = 5.329614e+00 K
  Newton iteration  2 - ||R|| = 6.870510e-07 - 38 GMRES iterations - ||dT||_inf = 1.221006e-02 K
  Newton iteration  3 - ||R|| = 4.054351e-12 - 38 GMRES iterations - ||dT||_inf = 6.156444e-08 K
  Newton iteration  4 - ||R|| = 1.477106e-14 < tolerance
Postprocessing
  Potenza iniettata = 8.000000e+01 mW
  T_max             = 3.999243e+02 K (Delta T = 1.067743e+02 K)
  WG_0: int Delta T dz = 4.185309e+01 K um,  <Delta T> = 1.674124e-01 K
  WG_1: int Delta T dz = 7.740593e+01 K um,  <Delta T> = 3.096237e-01 K
  WG_2: int Delta T dz = 1.615209e+02 K um,  <Delta T> = 6.460836e-01 K
  WG_3: int Delta T dz = 7.487156e+03 K um,  <Delta T> = 2.994862e+01 K
  WG_4: int Delta T dz = 7.483104e+03 K um,  <Delta T> = 2.993241e+01 K
  WG_5: int Delta T dz = 1.661129e+02 K um,  <Delta T> = 6.644515e-01 K
===============================================
