Mesh        = ../mesh/soi_mesh.msh
Heater mask = 0b011000 (24)
Potenza     = 20 mW per heater acceso
CSV         = results.csv
Output VTU  = no
Initializing the mesh
  Number of elements = 1923630
-----------------------------------------------
Initializing the finite element space
  Degree                     = 1
  DoFs per cell              = 4
  Quadrature points per cell = 6
  Quadrature points per face = 4
-----------------------------------------------
Initializing the DoF handler
  Number of DoFs = 339222
-----------------------------------------------
Initializing the linear system
-----------------------------------------------
Heater volumes (integrati sulla mesh)
  HEATER_0: 67.5000 um^3
  HEATER_1: 67.5000 um^3
  HEATER_2: 67.5000 um^3
  HEATER_3: 67.5000 um^3  [attivo]
  HEATER_4: 67.5000 um^3  [attivo]
  HEATER_5: 67.5000 um^3
  Potenza per heater attivo = 20.0000 mW
===============================================
  Newton iteration  0 - ||R|| = 5.963990e-04 - 41 GMRES iterations - ||dT||_inf = 5.605808e+01 K
  Newton iteration  1 - ||R|| = 5.340593e-05 - 38 GMRES iterations - ||dT||_inf = 1.399548e+00 K
  Newton iteration  2 - ||R|| = 4.926930e-08 - 37 GMRES iterations - ||dT||_inf = 8.803158e-04 K
  Newton iteration  3 - ||R|| = 2.594869e-14 < tolerance
Postprocessing
  Potenza iniettata = 4.000000e+01 mW
  T_max             = 3.478077e+02 K (Delta T = 5.465765e+01 K)
  WG_0: int Delta T dz = 2.092220e+01 K um,  <Delta T> = 8.368880e-02 K
  WG_1: int Delta T dz = 3.868753e+01 K um,  <Delta T> = 1.547501e-01 K
  WG_2: int Delta T dz = 8.069793e+01 K um,  <Delta T> = 3.227917e-01 K
  WG_3: int Delta T dz = 3.784713e+03 K um,  <Delta T> = 1.513885e+01 K
  WG_4: int Delta T dz = 3.782597e+03 K um,  <Delta T> = 1.513039e+01 K
  WG_5: int Delta T dz = 8.299047e+01 K um,  <Delta T> = 3.319619e-01 K
===============================================
