Mesh        = ../mesh/soi_mesh.msh
Heater mask = 0b000110 (6)
Potenza     = 20 mW per heater acceso
CSV         = results.csv
Output VTU  = no
Initializing the mesh
  Number of elements = 1923630
-----------------------------------------------
Initializing the finite element space
  Degree                     = 1
  DoFs per cell              = 4
  Quadrature points per cell = 6
  Quadrature points per face = 4
-----------------------------------------------
Initializing the DoF handler
  Number of DoFs = 339222
-----------------------------------------------
Initializing the linear system
-----------------------------------------------
Heater volumes (integrati sulla mesh)
  HEATER_0: 67.5000 um^3
  HEATER_1: 67.5000 um^3  [attivo]
  HEATER_2: 67.5000 um^3  [attivo]
  HEATER_3: 67.5000 um^3
  HEATER_4: 67.5000 um^3
  HEATER_5: 67.5000 um^3
  Potenza per heater attivo = 20.0000 mW
===============================================
  Newton iteration  0 - ||R|| = 5.937958e-04 - 40 GMRES iterations - ||dT||_inf = 5.606668e+01 K
  Newton iteration  1 - ||R|| = 5.327712e-05 - 38 GMRES iterations - ||dT||_inf = 1.400742e+00 K
  Newton iteration  2 - ||R|| = 4.915750e-08 - 38 GMRES iterations - ||dT||_inf = 8.843355e-04 K
  Newton iteration  3 - ||R|| = 2.585591e-14 < tolerance
Postprocessing
  Potenza iniettata = 4.000000e+01 mW
  T_max             = 3.478158e+02 K (Delta T = 5.466583e+01 K)
  WG_0: int Delta T dz = 8.300512e+01 K um,  <Delta T> = 3.320205e-01 K
  WG_1: int Delta T dz = 3.784131e+03 K um,  <Delta T> = 1.513652e+01 K
  WG_2: int Delta T dz = 3.783215e+03 K um,  <Delta T> = 1.513286e+01 K
  WG_3: int Delta T dz = 8.070297e+01 K um,  <Delta T> = 3.228119e-01 K
  WG_4: int Delta T dz = 3.868850e+01 K um,  <Delta T> = 1.547540e-01 K
  WG_5: int Delta T dz = 2.092245e+01 K um,  <Delta T> = 8.368980e-02 K
===============================================
