Mesh        = ../mesh/soi_mesh.msh
Heater mask = 0b010010 (18)
Potenza     = 30 mW per heater acceso
CSV         = results.csv
Output VTU  = no
Initializing the mesh
  Number of elements = 1923630
-----------------------------------------------
Initializing the finite element space
  Degree                     = 1
  DoFs per cell              = 4
  Quadrature points per cell = 6
  Quadrature points per face = 4
-----------------------------------------------
Initializing the DoF handler
  Number of DoFs = 339222
-----------------------------------------------
Initializing the linear system
-----------------------------------------------
Heater volumes (integrati sulla mesh)
  HEATER_0: 67.5000 um^3
  HEATER_1: 67.5000 um^3  [attivo]
  HEATER_2: 67.5000 um^3
  HEATER_3: 67.5000 um^3
  HEATER_4: 67.5000 um^3  [attivo]
  HEATER_5: 67.5000 um^3
  Potenza per heater attivo = 30.0000 mW
===============================================
  Newton iteration  0 - ||R|| = 8.922285e-04 - 40 GMRES iterations - ||dT||_inf = 8.370061e+01 K
  Newton iteration  1 - ||R|| = 1.172663e-04 - 38 GMRES iterations - ||dT||_inf = 3.045775e+00 K
  Newton iteration  2 - ||R|| = 2.280839e-07 - 37 GMRES iterations - ||dT||_inf = 4.072636e-03 K
  Newton iteration  3 - ||R|| = 4.532965e-13 - 37 GMRES iterations - ||dT||_inf = 6.990423e-09 K
  Newton iteration  4 - ||R|| = 1.458723e-14 < tolerance
Postprocessing
  Potenza iniettata = 6.000000e+01 mW
  T_max             = 3.738008e+02 K (Delta T = 8.065076e+01 K)
  WG_0: int Delta T dz = 9.643129e+01 K um,  <Delta T> = 3.857252e-01 K
  WG_1: int Delta T dz = 5.583204e+03 K um,  <Delta T> = 2.233282e+01 K
  WG_2: int Delta T dz = 1.215495e+02 K um,  <Delta T> = 4.861980e-01 K
  WG_3: int Delta T dz = 1.214957e+02 K um,  <Delta T> = 4.859826e-01 K
  WG_4: int Delta T dz = 5.580988e+03 K um,  <Delta T> = 2.232395e+01 K
  WG_5: int Delta T dz = 9.641105e+01 K um,  <Delta T> = 3.856442e-01 K
===============================================
