Mesh        = ../mesh/soi_mesh.msh
Heater mask = 0b000101 (5)
Potenza     = 10 mW per heater acceso
CSV         = results.csv
Output VTU  = no
Initializing the mesh
  Number of elements = 1923630
-----------------------------------------------
Initializing the finite element space
  Degree                     = 1
  DoFs per cell              = 4
  Quadrature points per cell = 6
  Quadrature points per face = 4
-----------------------------------------------
Initializing the DoF handler
  Number of DoFs = 339222
-----------------------------------------------
Initializing the linear system
-----------------------------------------------
Heater volumes (integrati sulla mesh)
  HEATER_0: 67.5000 um^3  [attivo]
  HEATER_1: 67.5000 um^3
  HEATER_2: 67.5000 um^3  [attivo]
  HEATER_3: 67.5000 um^3
  HEATER_4: 67.5000 um^3
  HEATER_5: 67.5000 um^3
  Potenza per heater attivo = 10.0000 mW
===============================================
  Newton iteration  0 - ||R|| = 2.974067e-04 - 40 GMRES iterations - ||dT||_inf = 2.790889e+01 K
  Newton iteration  1 - ||R|| = 1.347077e-05 - 38 GMRES iterations - ||dT||_inf = 3.567825e-01 K
  Newton iteration  2 - ||R|| = 3.262906e-09 - 38 GMRES iterations - ||dT||_inf = 5.874974e-05 K
  Newton iteration  3 - ||R|| = 1.491415e-14 < tolerance
Postprocessing
  Potenza iniettata = 2.000000e+01 mW
  T_max             = 3.207024e+02 K (Delta T = 2.755237e+01 K)
  WG_0: int Delta T dz = 1.888946e+03 K um,  <Delta T> = 7.555785e+00 K
  WG_1: int Delta T dz = 5.629512e+01 K um,  <Delta T> = 2.251805e-01 K
  WG_2: int Delta T dz = 1.887537e+03 K um,  <Delta T> = 7.550147e+00 K
  WG_3: int Delta T dz = 3.447500e+01 K um,  <Delta T> = 1.379000e-01 K
  WG_4: int Delta T dz = 1.631740e+01 K um,  <Delta T> = 6.526961e-02 K
  WG_5: int Delta T dz = 8.816068e+00 K um,  <Delta T> = 3.526427e-02 K
===============================================
