Mesh        = ../mesh/soi_mesh.msh
Heater mask = 0b000011 (3)
Potenza     = 10 mW per heater acceso
CSV         = results.csv
Output VTU  = no
Initializing the mesh
  Number of elements = 1923630
-----------------------------------------------
Initializing the finite element space
  Degree                     = 1
  DoFs per cell              = 4
  Quadrature points per cell = 6
  Quadrature points per face = 4
-----------------------------------------------
Initializing the DoF handler
  Number of DoFs = 339222
-----------------------------------------------
Initializing the linear system
-----------------------------------------------
Heater volumes (integrati sulla mesh)
  HEATER_0: 67.5000 um^3  [attivo]
  HEATER_1: 67.5000 um^3  [attivo]
  HEATER_2: 67.5000 um^3
  HEATER_3: 67.5000 um^3
  HEATER_4: 67.5000 um^3
  HEATER_5: 67.5000 um^3
  Potenza per heater attivo = 10.0000 mW
===============================================
  Newton iteration  0 - ||R|| = 2.971582e-04 - 39 GMRES iterations - ||dT||_inf = 2.803771e+01 K
  Newton iteration  1 - ||R|| = 1.354980e-05 - 38 GMRES iterations - ||dT||_inf = 3.591069e-01 K
  Newton iteration  2 - ||R|| = 3.312216e-09 - 37 GMRES iterations - ||dT||_inf = 5.931530e-05 K
  Newton iteration  3 - ||R|| = 1.491905e-14 < tolerance
Postprocessing
  Potenza iniettata = 2.000000e+01 mW
  T_max             = 3.208285e+02 K (Delta T = 2.767854e+01 K)
  WG_0: int Delta T dz = 1.904278e+03 K um,  <Delta T> = 7.617111e+00 K
  WG_1: int Delta T dz = 1.903333e+03 K um,  <Delta T> = 7.613334e+00 K
  WG_2: int Delta T dz = 4.082312e+01 K um,  <Delta T> = 1.632925e-01 K
  WG_3: int Delta T dz = 1.948035e+01 K um,  <Delta T> = 7.792140e-02 K
  WG_4: int Delta T dz = 1.031985e+01 K um,  <Delta T> = 4.127940e-02 K
  WG_5: int Delta T dz = 5.653900e+00 K um,  <Delta T> = 2.261560e-02 K
===============================================
