Mesh        = ../mesh/soi_mesh.msh
Heater mask = 0b011000 (24)
Potenza     = 10 mW per heater acceso
CSV         = results.csv
Output VTU  = no
Initializing the mesh
  Number of elements = 1923630
-----------------------------------------------
Initializing the finite element space
  Degree                     = 1
  DoFs per cell              = 4
  Quadrature points per cell = 6
  Quadrature points per face = 4
-----------------------------------------------
Initializing the DoF handler
  Number of DoFs = 339222
-----------------------------------------------
Initializing the linear system
-----------------------------------------------
Heater volumes (integrati sulla mesh)
  HEATER_0: 67.5000 um^3
  HEATER_1: 67.5000 um^3
  HEATER_2: 67.5000 um^3
  HEATER_3: 67.5000 um^3  [attivo]
  HEATER_4: 67.5000 um^3  [attivo]
  HEATER_5: 67.5000 um^3
  Potenza per heater attivo = 10.0000 mW
===============================================
  Newton iteration  0 - ||R|| = 2.981995e-04 - 41 GMRES iterations - ||dT||_inf = 2.802904e+01 K
  Newton iteration  1 - ||R|| = 1.356741e-05 - 39 GMRES iterations - ||dT||_inf = 3.589271e-01 K
  Newton iteration  2 - ||R|| = 3.313836e-09 - 38 GMRES iterations - ||dT||_inf = 5.929763e-05 K
  Newton iteration  3 - ||R|| = 1.486546e-14 < tolerance
Postprocessing
  Potenza iniettata = 2.000000e+01 mW
  T_max             = 3.208201e+02 K (Delta T = 2.767005e+01 K)
  WG_0: int Delta T dz = 1.046002e+01 K um,  <Delta T> = 4.184006e-02 K
  WG_1: int Delta T dz = 1.933991e+01 K um,  <Delta T> = 7.735965e-02 K
  WG_2: int Delta T dz = 4.033341e+01 K um,  <Delta T> = 1.613336e-01 K
  WG_3: int Delta T dz = 1.902972e+03 K um,  <Delta T> = 7.611890e+00 K
  WG_4: int Delta T dz = 1.901890e+03 K um,  <Delta T> = 7.607560e+00 K
  WG_5: int Delta T dz = 4.147881e+01 K um,  <Delta T> = 1.659152e-01 K
===============================================
