Mesh        = ../mesh/soi_mesh.msh
Heater mask = 0b001010 (10)
Potenza     = 20 mW per heater acceso
CSV         = results.csv
Output VTU  = no
Initializing the mesh
  Number of elements = 1923630
-----------------------------------------------
Initializing the finite element space
  Degree                     = 1
  DoFs per cell              = 4
  Quadrature points per cell = 6
  Quadrature points per face = 4
-----------------------------------------------
Initializing the DoF handler
  Number of DoFs = 339222
-----------------------------------------------
Initializing the linear system
-----------------------------------------------
Heater volumes (integrati sulla mesh)
  HEATER_0: 67.5000 um^3
  HEATER_1: 67.5000 um^3  [attivo]
  HEATER_2: 67.5000 um^3
  HEATER_3: 67.5000 um^3  [attivo]
  HEATER_4: 67.5000 um^3
  HEATER_5: 67.5000 um^3
  Potenza per heater attivo = 20.0000 mW
===============================================
  Newton iteration  0 - ||R|| = 5.948819e-04 - 39 GMRES iterations - ||dT||_inf = 5.586853e+01 K
  Newton iteration  1 - ||R|| = 5.302859e-05 - 37 GMRES iterations - ||dT||_inf = 1.390716e+00 K
  Newton iteration  2 - ||R|| = 4.858100e-08 - 37 GMRES iterations - ||dT||_inf = 8.685114e-04 K
  Newton iteration  3 - ||R|| = 2.553697e-14 < tolerance
Postprocessing
  Potenza iniettata = 4.000000e+01 mW
  T_max             = 3.476269e+02 K (Delta T = 5.447694e+01 K)
  WG_0: int Delta T dz = 7.060110e+01 K um,  <Delta T> = 2.824044e-01 K
  WG_1: int Delta T dz = 3.754378e+03 K um,  <Delta T> = 1.501751e+01 K
  WG_2: int Delta T dz = 1.110254e+02 K um,  <Delta T> = 4.441018e-01 K
  WG_3: int Delta T dz = 3.754989e+03 K um,  <Delta T> = 1.501996e+01 K
  WG_4: int Delta T dz = 6.895780e+01 K um,  <Delta T> = 2.758312e-01 K
  WG_5: int Delta T dz = 3.331276e+01 K um,  <Delta T> = 1.332510e-01 K
===============================================
