Mesh        = ../mesh/soi_mesh.msh
Heater mask = 0b010001 (17)
Potenza     = 30 mW per heater acceso
CSV         = results.csv
Output VTU  = no
Initializing the mesh
  Number of elements = 1923630
-----------------------------------------------
Initializing the finite element space
  Degree                     = 1
  DoFs per cell              = 4
  Quadrature points per cell = 6
  Quadrature points per face = 4
-----------------------------------------------
Initializing the DoF handler
  Number of DoFs = 339222
-----------------------------------------------
Initializing the linear system
-----------------------------------------------
Heater volumes (integrati sulla mesh)
  HEATER_0: 67.5000 um^3  [attivo]
  HEATER_1: 67.5000 um^3
  HEATER_2: 67.5000 um^3
  HEATER_3: 67.5000 um^3
  HEATER_4: 67.5000 um^3  [attivo]
  HEATER_5: 67.5000 um^3
  Potenza per heater attivo = 30.0000 mW
===============================================
  Newton iteration  0 - ||R|| = 8.937524e-04 - 41 GMRES iterations - ||dT||_inf = 8.361112e+01 K
  Newton iteration  1 - ||R|| = 1.173017e-04 - 38 GMRES iterations - ||dT||_inf = 3.039766e+00 K
  Newton iteration  2 - ||R|| = 2.277553e-07 - 37 GMRES iterations - ||dT||_inf = 4.062280e-03 K
  Newton iteration  3 - ||R|| = 4.511831e-13 - 37 GMRES iterations - ||dT||_inf = 6.977531e-09 K
  Newton iteration  4 - ||R|| = 1.458462e-14 < tolerance
Postprocessing
  Potenza iniettata = 6.000000e+01 mW
  T_max             = 3.737173e+02 K (Delta T = 8.056729e+01 K)
  WG_0: int Delta T dz = 5.577170e+03 K um,  <Delta T> = 2.230868e+01 K
  WG_1: int Delta T dz = 1.055086e+02 K um,  <Delta T> = 4.220343e-01 K
  WG_2: int Delta T dz = 7.706395e+01 K um,  <Delta T> = 3.082558e-01 K
  WG_3: int Delta T dz = 1.038869e+02 K um,  <Delta T> = 4.155475e-01 K
  WG_4: int Delta T dz = 5.572122e+03 K um,  <Delta T> = 2.228849e+01 K
  WG_5: int Delta T dz = 9.147073e+01 K um,  <Delta T> = 3.658829e-01 K
===============================================
