Mesh        = ../mesh/soi_mesh.msh
Heater mask = 0b100100 (36)
Potenza     = 30 mW per heater acceso
CSV         = results.csv
Output VTU  = no
Initializing the mesh
  Number of elements = 1923630
-----------------------------------------------
Initializing the finite element space
  Degree                     = 1
  DoFs per cell              = 4
  Quadrature points per cell = 6
  Quadrature points per face = 4
-----------------------------------------------
Initializing the DoF handler
  Number of DoFs = 339222
-----------------------------------------------
Initializing the linear system
-----------------------------------------------
Heater volumes (integrati sulla mesh)
  HEATER_0: 67.5000 um^3
  HEATER_1: 67.5000 um^3
  HEATER_2: 67.5000 um^3  [attivo]
  HEATER_3: 67.5000 um^3
  HEATER_4: 67.5000 um^3
  HEATER_5: 67.5000 um^3  [attivo]
  Potenza per heater attivo = 30.0000 mW
===============================================
  Newton iteration  0 - ||R|| = 8.909950e-04 - 40 GMRES iterations - ||dT||_inf = 8.361351e+01 K
  Newton iteration  1 - ||R|| = 1.195795e-04 - 38 GMRES iterations - ||dT||_inf = 3.046075e+00 K
  Newton iteration  2 - ||R|| = 2.279321e-07 - 38 GMRES iterations - ||dT||_inf = 4.087686e-03 K
  Newton iteration  3 - ||R|| = 4.510848e-13 - 38 GMRES iterations - ||dT||_inf = 7.065889e-09 K
  Newton iteration  4 - ||R|| = 1.462217e-14 < tolerance
Postprocessing
  Potenza iniettata = 6.000000e+01 mW
  T_max             = 3.737156e+02 K (Delta T = 8.056563e+01 K)
  WG_0: int Delta T dz = 4.504274e+01 K um,  <Delta T> = 1.801709e-01 K
  WG_1: int Delta T dz = 9.442801e+01 K um,  <Delta T> = 3.777120e-01 K
  WG_2: int Delta T dz = 5.582242e+03 K um,  <Delta T> = 2.232897e+01 K
  WG_3: int Delta T dz = 1.221051e+02 K um,  <Delta T> = 4.884204e-01 K
  WG_4: int Delta T dz = 1.235179e+02 K um,  <Delta T> = 4.940717e-01 K
  WG_5: int Delta T dz = 5.587659e+03 K um,  <Delta T> = 2.235064e+01 K
===============================================
