Mesh        = ../mesh/soi_mesh.msh
Heater mask = 0b000011 (3)
Potenza     = 20 mW per heater acceso
CSV         = results.csv
Output VTU  = no
Initializing the mesh
  Number of elements = 1923630
-----------------------------------------------
Initializing the finite element space
  Degree                     = 1
  DoFs per cell              = 4
  Quadrature points per cell = 6
  Quadrature points per face = 4
-----------------------------------------------
Initializing the DoF handler
  Number of DoFs = 339222
-----------------------------------------------
Initializing the linear system
-----------------------------------------------
Heater volumes (integrati sulla mesh)
  HEATER_0: 67.5000 um^3  [attivo]
  HEATER_1: 67.5000 um^3  [attivo]
  HEATER_2: 67.5000 um^3
  HEATER_3: 67.5000 um^3
  HEATER_4: 67.5000 um^3
  HEATER_5: 67.5000 um^3
  Potenza per heater attivo = 20.0000 mW
===============================================
  Newton iteration  0 - ||R|| = 5.943164e-04 - 39 GMRES iterations - ||dT||_inf = 5.607541e+01 K
  Newton iteration  1 - ||R|| = 5.333655e-05 - 38 GMRES iterations - ||dT||_inf = 1.400273e+00 K
  Newton iteration  2 - ||R|| = 4.924428e-08 - 37 GMRES iterations - ||dT||_inf = 8.805696e-04 K
  Newton iteration  3 - ||R|| = 2.592516e-14 < tolerance
Postprocessing
  Potenza iniettata = 4.000000e+01 mW
  T_max             = 3.478243e+02 K (Delta T = 5.467426e+01 K)
  WG_0: int Delta T dz = 3.787336e+03 K um,  <Delta T> = 1.514934e+01 K
  WG_1: int Delta T dz = 3.785445e+03 K um,  <Delta T> = 1.514178e+01 K
  WG_2: int Delta T dz = 8.167813e+01 K um,  <Delta T> = 3.267125e-01 K
  WG_3: int Delta T dz = 3.896853e+01 K um,  <Delta T> = 1.558741e-01 K
  WG_4: int Delta T dz = 2.064183e+01 K um,  <Delta T> = 8.256732e-02 K
  WG_5: int Delta T dz = 1.130843e+01 K um,  <Delta T> = 4.523371e-02 K
===============================================
