Mesh        = ../mesh/soi_mesh.msh
Heater mask = 0b100001 (33)
Potenza     = 20 mW per heater acceso
CSV         = results.csv
Output VTU  = no
Initializing the mesh
  Number of elements = 1923630
-----------------------------------------------
Initializing the finite element space
  Degree                     = 1
  DoFs per cell              = 4
  Quadrature points per cell = 6
  Quadrature points per face = 4
-----------------------------------------------
Initializing the DoF handler
  Number of DoFs = 339222
-----------------------------------------------
Initializing the linear system
-----------------------------------------------
Heater volumes (integrati sulla mesh)
  HEATER_0: 67.5000 um^3  [attivo]
  HEATER_1: 67.5000 um^3
  HEATER_2: 67.5000 um^3
  HEATER_3: 67.5000 um^3
  HEATER_4: 67.5000 um^3
  HEATER_5: 67.5000 um^3  [attivo]
  Potenza per heater attivo = 20.0000 mW
===============================================
  Newton iteration  0 - ||R|| = 5.945171e-04 - 40 GMRES iterations - ||dT||_inf = 5.568144e+01 K
  Newton iteration  1 - ||R|| = 5.392815e-05 - 38 GMRES iterations - ||dT||_inf = 1.382926e+00 K
  Newton iteration  2 - ||R|| = 4.816761e-08 - 38 GMRES iterations - ||dT||_inf = 8.614496e-04 K
  Newton iteration  3 - ||R|| = 2.521925e-14 < tolerance
Postprocessing
  Potenza iniettata = 4.000000e+01 mW
  T_max             = 3.474493e+02 K (Delta T = 5.429932e+01 K)
  WG_0: int Delta T dz = 3.735265e+03 K um,  <Delta T> = 1.494106e+01 K
  WG_1: int Delta T dz = 6.426523e+01 K um,  <Delta T> = 2.570609e-01 K
  WG_2: int Delta T dz = 3.963970e+01 K um,  <Delta T> = 1.585588e-01 K
  WG_3: int Delta T dz = 3.963875e+01 K um,  <Delta T> = 1.585550e-01 K
  WG_4: int Delta T dz = 6.425179e+01 K um,  <Delta T> = 2.570072e-01 K
  WG_5: int Delta T dz = 3.736124e+03 K um,  <Delta T> = 1.494450e+01 K
===============================================
