Mesh        = ../mesh/soi_mesh.msh
Heater mask = 0b100010 (34)
Potenza     = 40 mW per heater acceso
CSV         = results.csv
Output VTU  = no
Initializing the mesh
  Number of elements = 1923630
-----------------------------------------------
Initializing the finite element space
  Degree                     = 1
  DoFs per cell              = 4
  Quadrature points per cell = 6
  Quadrature points per face = 4
-----------------------------------------------
Initializing the DoF handler
  Number of DoFs = 339222
-----------------------------------------------
Initializing the linear system
-----------------------------------------------
Heater volumes (integrati sulla mesh)
  HEATER_0: 67.5000 um^3
  HEATER_1: 67.5000 um^3  [attivo]
  HEATER_2: 67.5000 um^3
  HEATER_3: 67.5000 um^3
  HEATER_4: 67.5000 um^3
  HEATER_5: 67.5000 um^3  [attivo]
  Potenza per heater attivo = 40.0000 mW
===============================================
  Newton iteration  0 - ||R|| = 1.186998e-03 - 40 GMRES iterations - ||dT||_inf = 1.115361e+02 K
  Newton iteration  1 - ||R|| = 2.093408e-04 - 38 GMRES iterations - ||dT||_inf = 5.279959e+00 K
  Newton iteration  2 - ||R|| = 6.726779e-07 - 37 GMRES iterations - ||dT||_inf = 1.197740e-02 K
  Newton iteration  3 - ||R|| = 3.894287e-12 - 38 GMRES iterations - ||dT||_inf = 5.922358e-08 K
  Newton iteration  4 - ||R|| = 1.486982e-14 < tolerance
Postprocessing
  Potenza iniettata = 8.000000e+01 mW
  T_max             = 3.993942e+02 K (Delta T = 1.062442e+02 K)
  WG_0: int Delta T dz = 1.220217e+02 K um,  <Delta T> = 4.880868e-01 K
  WG_1: int Delta T dz = 7.392504e+03 K um,  <Delta T> = 2.957001e+01 K
  WG_2: int Delta T dz = 1.386332e+02 K um,  <Delta T> = 5.545327e-01 K
  WG_3: int Delta T dz = 1.027789e+02 K um,  <Delta T> = 4.111157e-01 K
  WG_4: int Delta T dz = 1.406971e+02 K um,  <Delta T> = 5.627884e-01 K
  WG_5: int Delta T dz = 7.397798e+03 K um,  <Delta T> = 2.959119e+01 K
===============================================
