Mesh        = ../mesh/soi_mesh.msh
Heater mask = 0b011000 (24)
Potenza     = 30 mW per heater acceso
CSV         = results.csv
Output VTU  = no
Initializing the mesh
  Number of elements = 1923630
-----------------------------------------------
Initializing the finite element space
  Degree                     = 1
  DoFs per cell              = 4
  Quadrature points per cell = 6
  Quadrature points per face = 4
-----------------------------------------------
Initializing the DoF handler
  Number of DoFs = 339222
-----------------------------------------------
Initializing the linear system
-----------------------------------------------
Heater volumes (integrati sulla mesh)
  HEATER_0: 67.5000 um^3
  HEATER_1: 67.5000 um^3
  HEATER_2: 67.5000 um^3
  HEATER_3: 67.5000 um^3  [attivo]
  HEATER_4: 67.5000 um^3  [attivo]
  HEATER_5: 67.5000 um^3
  Potenza per heater attivo = 30.0000 mW
===============================================
  Newton iteration  0 - ||R|| = 8.945985e-04 - 41 GMRES iterations - ||dT||_inf = 8.408712e+01 K
  Newton iteration  1 - ||R|| = 1.184173e-04 - 37 GMRES iterations - ||dT||_inf = 3.071599e+00 K
  Newton iteration  2 - ||R|| = 2.325199e-07 - 37 GMRES iterations - ||dT||_inf = 4.144830e-03 K
  Newton iteration  3 - ||R|| = 4.693959e-13 - 37 GMRES iterations - ||dT||_inf = 7.246258e-09 K
  Newton iteration  4 - ||R|| = 1.461873e-14 < tolerance
Postprocessing
  Potenza iniettata = 6.000000e+01 mW
  T_max             = 3.741614e+02 K (Delta T = 8.101138e+01 K)
  WG_0: int Delta T dz = 3.138656e+01 K um,  <Delta T> = 1.255462e-01 K
  WG_1: int Delta T dz = 5.804287e+01 K um,  <Delta T> = 2.321715e-01 K
  WG_2: int Delta T dz = 1.210937e+02 K um,  <Delta T> = 4.843749e-01 K
  WG_3: int Delta T dz = 5.645894e+03 K um,  <Delta T> = 2.258358e+01 K
  WG_4: int Delta T dz = 5.642788e+03 K um,  <Delta T> = 2.257115e+01 K
  WG_5: int Delta T dz = 1.245351e+02 K um,  <Delta T> = 4.981405e-01 K
===============================================
