Mesh        = ../mesh/soi_mesh.msh
Heater mask = 0b100100 (36)
Potenza     = 20 mW per heater acceso
CSV         = results.csv
Output VTU  = no
Initializing the mesh
  Number of elements = 1923630
-----------------------------------------------
Initializing the finite element space
  Degree                     = 1
  DoFs per cell              = 4
  Quadrature points per cell = 6
  Quadrature points per face = 4
-----------------------------------------------
Initializing the DoF handler
  Number of DoFs = 339222
-----------------------------------------------
Initializing the linear system
-----------------------------------------------
Heater volumes (integrati sulla mesh)
  HEATER_0: 67.5000 um^3
  HEATER_1: 67.5000 um^3
  HEATER_2: 67.5000 um^3  [attivo]
  HEATER_3: 67.5000 um^3
  HEATER_4: 67.5000 um^3
  HEATER_5: 67.5000 um^3  [attivo]
  Potenza per heater attivo = 20.0000 mW
===============================================
  Newton iteration  0 - ||R|| = 5.939967e-04 - 40 GMRES iterations - ||dT||_inf = 5.574234e+01 K
  Newton iteration  1 - ||R|| = 5.396689e-05 - 38 GMRES iterations - ||dT||_inf = 1.387800e+00 K
  Newton iteration  2 - ||R|| = 4.827658e-08 - 38 GMRES iterations - ||dT||_inf = 8.679690e-04 K
  Newton iteration  3 - ||R|| = 2.528182e-14 < tolerance
Postprocessing
  Potenza iniettata = 4.000000e+01 mW
  T_max             = 3.475047e+02 K (Delta T = 5.435466e+01 K)
  WG_0: int Delta T dz = 3.002387e+01 K um,  <Delta T> = 1.200955e-01 K
  WG_1: int Delta T dz = 6.293405e+01 K um,  <Delta T> = 2.517362e-01 K
  WG_2: int Delta T dz = 3.741924e+03 K um,  <Delta T> = 1.496769e+01 K
  WG_3: int Delta T dz = 8.137244e+01 K um,  <Delta T> = 3.254898e-01 K
  WG_4: int Delta T dz = 8.231352e+01 K um,  <Delta T> = 3.292541e-01 K
  WG_5: int Delta T dz = 3.745594e+03 K um,  <Delta T> = 1.498237e+01 K
===============================================
