Mesh        = ../mesh/soi_mesh.msh
Heater mask = 0b000001 (1)
Potenza     = 5 mW per heater acceso
CSV         = results.csv
Output VTU  = no
Initializing the mesh
  Number of elements = 1923630
-----------------------------------------------
Initializing the finite element space
  Degree                     = 1
  DoFs per cell              = 4
  Quadrature points per cell = 6
  Quadrature points per face = 4
-----------------------------------------------
Initializing the DoF handler
  Number of DoFs = 339222
-----------------------------------------------
Initializing the linear system
-----------------------------------------------
Heater volumes (integrati sulla mesh)
  HEATER_0: 67.5000 um^3  [attivo]
  HEATER_1: 67.5000 um^3
  HEATER_2: 67.5000 um^3
  HEATER_3: 67.5000 um^3
  HEATER_4: 67.5000 um^3
  HEATER_5: 67.5000 um^3
  Potenza per heater attivo = 5.0000 mW
===============================================
  Newton iteration  0 - ||R|| = 1.052410e-04 - 39 GMRES iterations - ||dT||_inf = 1.391532e+01 K
  Newton iteration  1 - ||R|| = 2.393195e-06 - 38 GMRES iterations - ||dT||_inf = 8.974663e-02 K
  Newton iteration  2 - ||R|| = 1.483755e-10 - 37 GMRES iterations - ||dT||_inf = 3.760931e-06 K
  Newton iteration  3 - ||R|| = 1.492335e-14 - 29 GMRES iterations - ||dT||_inf = 9.715414e-14 K
Postprocessing
  Potenza iniettata = 5.000000e+00 mW
  T_max             = 3.069756e+02 K (Delta T = 1.382565e+01 K)
  WG_0: int Delta T dz = 9.406592e+02 K um,  <Delta T> = 3.762637e+00 K
  WG_1: int Delta T dz = 1.423469e+01 K um,  <Delta T> = 5.693876e-02 K
  WG_2: int Delta T dz = 6.501521e+00 K um,  <Delta T> = 2.600608e-02 K
  WG_3: int Delta T dz = 3.405150e+00 K um,  <Delta T> = 1.362060e-02 K
  WG_4: int Delta T dz = 1.824262e+00 K um,  <Delta T> = 7.297047e-03 K
  WG_5: int Delta T dz = 1.002468e+00 K um,  <Delta T> = 4.009870e-03 K
===============================================
