Mesh        = ../mesh/soi_mesh.msh
Heater mask = 0b001000 (8)
Potenza     = 15 mW per heater acceso
CSV         = results.csv
Output VTU  = no
Initializing the mesh
  Number of elements = 1923630
-----------------------------------------------
Initializing the finite element space
  Degree                     = 1
  DoFs per cell              = 4
  Quadrature points per cell = 6
  Quadrature points per face = 4
-----------------------------------------------
Initializing the DoF handler
  Number of DoFs = 339222
-----------------------------------------------
Initializing the linear system
-----------------------------------------------
Heater volumes (integrati sulla mesh)
  HEATER_0: 67.5000 um^3
  HEATER_1: 67.5000 um^3
  HEATER_2: 67.5000 um^3
  HEATER_3: 67.5000 um^3  [attivo]
  HEATER_4: 67.5000 um^3
  HEATER_5: 67.5000 um^3
  Potenza per heater attivo = 15.0000 mW
===============================================
  Newton iteration  0 - ||R|| = 3.163216e-04 - 40 GMRES iterations - ||dT||_inf = 4.175531e+01 K
  Newton iteration  1 - ||R|| = 2.120471e-05 - 37 GMRES iterations - ||dT||_inf = 7.873509e-01 K
  Newton iteration  2 - ||R|| = 1.117299e-08 - 37 GMRES iterations - ||dT||_inf = 2.820150e-04 K
  Newton iteration  3 - ||R|| = 1.502174e-14 < tolerance
Postprocessing
  Potenza iniettata = 1.500000e+01 mW
  T_max             = 3.341184e+02 K (Delta T = 4.096838e+01 K)
  WG_0: int Delta T dz = 1.021662e+01 K um,  <Delta T> = 4.086649e-02 K
  WG_1: int Delta T dz = 1.900275e+01 K um,  <Delta T> = 7.601099e-02 K
  WG_2: int Delta T dz = 4.149364e+01 K um,  <Delta T> = 1.659746e-01 K
  WG_3: int Delta T dz = 2.805283e+03 K um,  <Delta T> = 1.122113e+01 K
  WG_4: int Delta T dz = 4.169542e+01 K um,  <Delta T> = 1.667817e-01 K
  WG_5: int Delta T dz = 1.950699e+01 K um,  <Delta T> = 7.802797e-02 K
===============================================
