Mesh        = ../mesh/soi_mesh.msh
Heater mask = 0b100000 (32)
Potenza     = 20 mW per heater acceso
CSV         = results.csv
Output VTU  = no
Initializing the mesh
  Number of elements = 1923630
-----------------------------------------------
Initializing the finite element space
  Degree                     = 1
  DoFs per cell              = 4
  Quadrature points per cell = 6
  Quadrature points per face = 4
-----------------------------------------------
Initializing the DoF handler
  Number of DoFs = 339222
-----------------------------------------------
Initializing the linear system
-----------------------------------------------
Heater volumes (integrati sulla mesh)
  HEATER_0: 67.5000 um^3
  HEATER_1: 67.5000 um^3
  HEATER_2: 67.5000 um^3
  HEATER_3: 67.5000 um^3
  HEATER_4: 67.5000 um^3
  HEATER_5: 67.5000 um^3  [attivo]
  Potenza per heater attivo = 20.0000 mW
===============================================
  Newton iteration  0 - ||R|| = 4.198092e-04 - 40 GMRES iterations - ||dT||_inf = 5.566227e+01 K
  Newton iteration  1 - ||R|| = 3.883525e-05 - 38 GMRES iterations - ||dT||_inf = 1.381369e+00 K
  Newton iteration  2 - ||R|| = 3.399734e-08 - 38 GMRES iterations - ||dT||_inf = 8.590031e-04 K
  Newton iteration  3 - ||R|| = 2.070780e-14 < tolerance
Postprocessing
  Potenza iniettata = 2.000000e+01 mW
  T_max             = 3.474310e+02 K (Delta T = 5.428103e+01 K)
  WG_0: int Delta T dz = 4.009826e+00 K um,  <Delta T> = 1.603931e-02 K
  WG_1: int Delta T dz = 7.297205e+00 K um,  <Delta T> = 2.918882e-02 K
  WG_2: int Delta T dz = 1.362138e+01 K um,  <Delta T> = 5.448553e-02 K
  WG_3: int Delta T dz = 2.600981e+01 K um,  <Delta T> = 1.040392e-01 K
  WG_4: int Delta T dz = 5.694680e+01 K um,  <Delta T> = 2.277872e-01 K
  WG_5: int Delta T dz = 3.732169e+03 K um,  <Delta T> = 1.492867e+01 K
===============================================
