Mesh        = ../mesh/soi_mesh.msh
Heater mask = 0b010000 (16)
Potenza     = 30 mW per heater acceso
CSV         = results.csv
Output VTU  = no
Initializing the mesh
  Number of elements = 1923630
-----------------------------------------------
Initializing the finite element space
  Degree                     = 1
  DoFs per cell              = 4
  Quadrature points per cell = 6
  Quadrature points per face = 4
-----------------------------------------------
Initializing the DoF handler
  Number of DoFs = 339222
-----------------------------------------------
Initializing the linear system
-----------------------------------------------
Heater volumes (integrati sulla mesh)
  HEATER_0: 67.5000 um^3
  HEATER_1: 67.5000 um^3
  HEATER_2: 67.5000 um^3
  HEATER_3: 67.5000 um^3
  HEATER_4: 67.5000 um^3  [attivo]
  HEATER_5: 67.5000 um^3
  Potenza per heater attivo = 30.0000 mW
===============================================
  Newton iteration  0 - ||R|| = 6.325101e-04 - 40 GMRES iterations - ||dT||_inf = 8.355235e+01 K
  Newton iteration  1 - ||R|| = 8.283216e-05 - 37 GMRES iterations - ||dT||_inf = 3.035847e+00 K
  Newton iteration  2 - ||R|| = 1.605702e-07 - 37 GMRES iterations - ||dT||_inf = 4.048897e-03 K
  Newton iteration  3 - ||R|| = 3.179767e-13 - 37 GMRES iterations - ||dT||_inf = 6.925458e-09 K
  Newton iteration  4 - ||R|| = 1.437463e-14 < tolerance
Postprocessing
  Potenza iniettata = 3.000000e+01 mW
  T_max             = 3.736625e+02 K (Delta T = 8.051245e+01 K)
  WG_0: int Delta T dz = 1.094676e+01 K um,  <Delta T> = 4.378705e-02 K
  WG_1: int Delta T dz = 2.001417e+01 K um,  <Delta T> = 8.005668e-02 K
  WG_2: int Delta T dz = 3.801182e+01 K um,  <Delta T> = 1.520473e-01 K
  WG_3: int Delta T dz = 8.342079e+01 K um,  <Delta T> = 3.336831e-01 K
  WG_4: int Delta T dz = 5.561402e+03 K um,  <Delta T> = 2.224561e+01 K
  WG_5: int Delta T dz = 8.544601e+01 K um,  <Delta T> = 3.417841e-01 K
===============================================
