Mesh        = ../mesh/soi_mesh.msh
Heater mask = 0b010000 (16)
Potenza     = 5 mW per heater acceso
CSV         = results.csv
Output VTU  = no
Initializing the mesh
  Number of elements = 1923630
-----------------------------------------------
Initializing the finite element space
  Degree                     = 1
  DoFs per cell              = 4
  Quadrature points per cell = 6
  Quadrature points per face = 4
-----------------------------------------------
Initializing the DoF handler
  Number of DoFs = 339222
-----------------------------------------------
Initializing the linear system
-----------------------------------------------
Heater volumes (integrati sulla mesh)
  HEATER_0: 67.5000 um^3
  HEATER_1: 67.5000 um^3
  HEATER_2: 67.5000 um^3
  HEATER_3: 67.5000 um^3
  HEATER_4: 67.5000 um^3  [attivo]
  HEATER_5: 67.5000 um^3
  Potenza per heater attivo = 5.0000 mW
===============================================
  Newton iteration  0 - ||R|| = 1.054184e-04 - 40 GMRES iterations - ||dT||_inf = 1.392539e+01 K
  Newton iteration  1 - ||R|| = 2.391617e-06 - 39 GMRES iterations - ||dT||_inf = 8.980983e-02 K
  Newton iteration  2 - ||R|| = 1.482038e-10 - 39 GMRES iterations - ||dT||_inf = 3.757331e-06 K
  Newton iteration  3 - ||R|| = 1.490270e-14 - 29 GMRES iterations - ||dT||_inf = 1.373065e-13 K
Postprocessing
  Potenza iniettata = 5.000000e+00 mW
  T_max             = 3.069856e+02 K (Delta T = 1.383558e+01 K)
  WG_0: int Delta T dz = 1.824300e+00 K um,  <Delta T> = 7.297198e-03 K
  WG_1: int Delta T dz = 3.335141e+00 K um,  <Delta T> = 1.334056e-02 K
  WG_2: int Delta T dz = 6.333213e+00 K um,  <Delta T> = 2.533285e-02 K
  WG_3: int Delta T dz = 1.389485e+01 K um,  <Delta T> = 5.557941e-02 K
  WG_4: int Delta T dz = 9.397999e+02 K um,  <Delta T> = 3.759200e+00 K
  WG_5: int Delta T dz = 1.423199e+01 K um,  <Delta T> = 5.692796e-02 K
===============================================
