Mesh        = ../mesh/soi_mesh.msh
Heater mask = 0b000001 (1)
Potenza     = 15 mW per heater acceso
CSV         = results.csv
Output VTU  = no
Initializing the mesh
  Number of elements = 1923630
-----------------------------------------------
Initializing the finite element space
  Degree                     = 1
  DoFs per cell              = 4
  Quadrature points per cell = 6
  Quadrature points per face = 4
-----------------------------------------------
Initializing the DoF handler
  Number of DoFs = 339222
-----------------------------------------------
Initializing the linear system
-----------------------------------------------
Heater volumes (integrati sulla mesh)
  HEATER_0: 67.5000 um^3  [attivo]
  HEATER_1: 67.5000 um^3
  HEATER_2: 67.5000 um^3
  HEATER_3: 67.5000 um^3
  HEATER_4: 67.5000 um^3
  HEATER_5: 67.5000 um^3
  Potenza per heater attivo = 15.0000 mW
===============================================
  Newton iteration  0 - ||R|| = 3.157231e-04 - 39 GMRES iterations - ||dT||_inf = 4.174595e+01 K
  Newton iteration  1 - ||R|| = 2.118438e-05 - 37 GMRES iterations - ||dT||_inf = 7.872459e-01 K
  Newton iteration  2 - ||R|| = 1.115944e-08 - 37 GMRES iterations - ||dT||_inf = 2.824457e-04 K
  Newton iteration  3 - ||R|| = 1.497042e-14 < tolerance
Postprocessing
  Potenza iniettata = 1.500000e+01 mW
  T_max             = 3.341091e+02 K (Delta T = 4.095911e+01 K)
  WG_0: int Delta T dz = 2.806232e+03 K um,  <Delta T> = 1.122493e+01 K
  WG_1: int Delta T dz = 4.271491e+01 K um,  <Delta T> = 1.708596e-01 K
  WG_2: int Delta T dz = 1.950720e+01 K um,  <Delta T> = 7.802882e-02 K
  WG_3: int Delta T dz = 1.021615e+01 K um,  <Delta T> = 4.086458e-02 K
  WG_4: int Delta T dz = 5.472981e+00 K um,  <Delta T> = 2.189192e-02 K
  WG_5: int Delta T dz = 3.007462e+00 K um,  <Delta T> = 1.202985e-02 K
===============================================
