Mesh        = ../mesh/soi_mesh.msh
Heater mask = 0b001000 (8)
Potenza     = 50 mW per heater acceso
CSV         = results.csv
Output VTU  = no
Initializing the mesh
  Number of elements = 1923630
-----------------------------------------------
Initializing the finite element space
  Degree                     = 1
  DoFs per cell              = 4
  Quadrature points per cell = 6
  Quadrature points per face = 4
-----------------------------------------------
Initializing the DoF handler
  Number of DoFs = 339222
-----------------------------------------------
Initializing the linear system
-----------------------------------------------
Heater volumes (integrati sulla mesh)
  HEATER_0: 67.5000 um^3
  HEATER_1: 67.5000 um^3
  HEATER_2: 67.5000 um^3
  HEATER_3: 67.5000 um^3  [attivo]
  HEATER_4: 67.5000 um^3
  HEATER_5: 67.5000 um^3
  Potenza per heater attivo = 50.0000 mW
===============================================
  Newton iteration  0 - ||R|| = 1.054405e-03 - 40 GMRES iterations - ||dT||_inf = 1.391844e+02 K
  Newton iteration  1 - ||R|| = 2.246982e-04 - 37 GMRES iterations - ||dT||_inf = 8.035836e+00 K
  Newton iteration  2 - ||R|| = 1.089910e-06 - 37 GMRES iterations - ||dT||_inf = 2.720937e-02 K
  Newton iteration  3 - ||R|| = 1.424912e-11 - 37 GMRES iterations - ||dT||_inf = 3.001356e-07 K
  Newton iteration  4 - ||R|| = 1.487105e-14 < tolerance
Postprocessing
  Potenza iniettata = 5.000000e+01 mW
  T_max             = 4.242783e+02 K (Delta T = 1.311283e+02 K)
  WG_0: int Delta T dz = 3.406343e+01 K um,  <Delta T> = 1.362537e-01 K
  WG_1: int Delta T dz = 6.337168e+01 K um,  <Delta T> = 2.534867e-01 K
  WG_2: int Delta T dz = 1.384318e+02 K um,  <Delta T> = 5.537273e-01 K
  WG_3: int Delta T dz = 9.175477e+03 K um,  <Delta T> = 3.670191e+01 K
  WG_4: int Delta T dz = 1.391064e+02 K um,  <Delta T> = 5.564258e-01 K
  WG_5: int Delta T dz = 6.505407e+01 K um,  <Delta T> = 2.602163e-01 K
===============================================
