Mesh        = ../mesh/soi_mesh.msh
Heater mask = 0b000010 (2)
Potenza     = 50 mW per heater acceso
CSV         = results.csv
Output VTU  = no
Initializing the mesh
  Number of elements = 1923630
-----------------------------------------------
Initializing the finite element space
  Degree                     = 1
  DoFs per cell              = 4
  Quadrature points per cell = 6
  Quadrature points per face = 4
-----------------------------------------------
Initializing the DoF handler
  Number of DoFs = 339222
-----------------------------------------------
Initializing the linear system
-----------------------------------------------
Heater volumes (integrati sulla mesh)
  HEATER_0: 67.5000 um^3
  HEATER_1: 67.5000 um^3  [attivo]
  HEATER_2: 67.5000 um^3
  HEATER_3: 67.5000 um^3
  HEATER_4: 67.5000 um^3
  HEATER_5: 67.5000 um^3
  Potenza per heater attivo = 50.0000 mW
===============================================
  Newton iteration  0 - ||R|| = 1.048812e-03 - 38 GMRES iterations - ||dT||_inf = 1.393310e+02 K
  Newton iteration  1 - ||R|| = 2.239111e-04 - 37 GMRES iterations - ||dT||_inf = 8.048462e+00 K
  Newton iteration  2 - ||R|| = 1.086918e-06 - 37 GMRES iterations - ||dT||_inf = 2.726140e-02 K
  Newton iteration  3 - ||R|| = 1.422951e-11 - 37 GMRES iterations - ||dT||_inf = 3.002573e-07 K
  Newton iteration  4 - ||R|| = 1.478197e-14 < tolerance
Postprocessing
  Potenza iniettata = 5.000000e+01 mW
  T_max             = 4.244053e+02 K (Delta T = 1.312553e+02 K)
  WG_0: int Delta T dz = 1.425173e+02 K um,  <Delta T> = 5.700692e-01 K
  WG_1: int Delta T dz = 9.174067e+03 K um,  <Delta T> = 3.669627e+01 K
  WG_2: int Delta T dz = 1.391977e+02 K um,  <Delta T> = 5.567907e-01 K
  WG_3: int Delta T dz = 6.337364e+01 K um,  <Delta T> = 2.534946e-01 K
  WG_4: int Delta T dz = 3.336272e+01 K um,  <Delta T> = 1.334509e-01 K
  WG_5: int Delta T dz = 1.824656e+01 K um,  <Delta T> = 7.298623e-02 K
===============================================
