Mesh        = ../mesh/soi_mesh.msh
Heater mask = 0b000001 (1)
Potenza     = 30 mW per heater acceso
CSV         = results.csv
Output VTU  = no
Initializing the mesh
  Number of elements = 1923630
-----------------------------------------------
Initializing the finite element space
  Degree                     = 1
  DoFs per cell              = 4
  Quadrature points per cell = 6
  Quadrature points per face = 4
-----------------------------------------------
Initializing the DoF handler
  Number of DoFs = 339222
-----------------------------------------------
Initializing the linear system
-----------------------------------------------
Heater volumes (integrati sulla mesh)
  HEATER_0: 67.5000 um^3  [attivo]
  HEATER_1: 67.5000 um^3
  HEATER_2: 67.5000 um^3
  HEATER_3: 67.5000 um^3
  HEATER_4: 67.5000 um^3
  HEATER_5: 67.5000 um^3
  Potenza per heater attivo = 30.0000 mW
===============================================
  Newton iteration  0 - ||R|| = 6.314461e-04 - 39 GMRES iterations - ||dT||_inf = 8.349190e+01 K
  Newton iteration  1 - ||R|| = 8.287705e-05 - 36 GMRES iterations - ||dT||_inf = 3.033598e+00 K
  Newton iteration  2 - ||R|| = 1.607252e-07 - 36 GMRES iterations - ||dT||_inf = 4.052504e-03 K
  Newton iteration  3 - ||R|| = 3.174304e-13 - 36 GMRES iterations - ||dT||_inf = 6.943521e-09 K
  Newton iteration  4 - ||R|| = 1.445543e-14 < tolerance
Postprocessing
  Potenza iniettata = 3.000000e+01 mW
  T_max             = 3.736068e+02 K (Delta T = 8.045684e+01 K)
  WG_0: int Delta T dz = 5.566448e+03 K um,  <Delta T> = 2.226579e+01 K
  WG_1: int Delta T dz = 8.546255e+01 K um,  <Delta T> = 3.418502e-01 K
  WG_2: int Delta T dz = 3.902234e+01 K um,  <Delta T> = 1.560894e-01 K
  WG_3: int Delta T dz = 2.043438e+01 K um,  <Delta T> = 8.173754e-02 K
  WG_4: int Delta T dz = 1.094655e+01 K um,  <Delta T> = 4.378621e-02 K
  WG_5: int Delta T dz = 6.015100e+00 K um,  <Delta T> = 2.406040e-02 K
===============================================
