Mesh        = ../mesh/soi_mesh.msh
Heater mask = 0b001000 (8)
Potenza     = 40 mW per heater acceso
CSV         = results.csv
Output VTU  = no
Initializing the mesh
  Number of elements = 1923630
-----------------------------------------------
Initializing the finite element space
  Degree                     = 1
  DoFs per cell              = 4
  Quadrature points per cell = 6
  Quadrature points per face = 4
-----------------------------------------------
Initializing the DoF handler
  Number of DoFs = 339222
-----------------------------------------------
Initializing the linear system
-----------------------------------------------
Heater volumes (integrati sulla mesh)
  HEATER_0: 67.5000 um^3
  HEATER_1: 67.5000 um^3
  HEATER_2: 67.5000 um^3
  HEATER_3: 67.5000 um^3  [attivo]
  HEATER_4: 67.5000 um^3
  HEATER_5: 67.5000 um^3
  Potenza per heater attivo = 40.0000 mW
===============================================
  Newton iteration  0 - ||R|| = 8.435243e-04 - 40 GMRES iterations - ||dT||_inf = 1.113475e+02 K
  Newton iteration  1 - ||R|| = 1.455578e-04 - 37 GMRES iterations - ||dT||_inf = 5.265507e+00 K
  Newton iteration  2 - ||R|| = 4.759097e-07 - 37 GMRES iterations - ||dT||_inf = 1.192708e-02 K
  Newton iteration  3 - ||R|| = 2.749196e-12 - 37 GMRES iterations - ||dT||_inf = 5.883949e-08 K
  Newton iteration  4 - ||R|| = 1.471984e-14 < tolerance
Postprocessing
  Potenza iniettata = 4.000000e+01 mW
  T_max             = 3.992247e+02 K (Delta T = 1.060747e+02 K)
  WG_0: int Delta T dz = 2.724891e+01 K um,  <Delta T> = 1.089956e-01 K
  WG_1: int Delta T dz = 5.069067e+01 K um,  <Delta T> = 2.027627e-01 K
  WG_2: int Delta T dz = 1.107179e+02 K um,  <Delta T> = 4.428718e-01 K
  WG_3: int Delta T dz = 7.379462e+03 K um,  <Delta T> = 2.951785e+01 K
  WG_4: int Delta T dz = 1.112572e+02 K um,  <Delta T> = 4.450287e-01 K
  WG_5: int Delta T dz = 5.203622e+01 K um,  <Delta T> = 2.081449e-01 K
===============================================
