Mesh        = ../mesh/soi_mesh.msh
Heater mask = 0b010000 (16)
Potenza     = 20 mW per heater acceso
CSV         = results.csv
Output VTU  = no
Initializing the mesh
  Number of elements = 1923630
-----------------------------------------------
Initializing the finite element space
  Degree                     = 1
  DoFs per cell              = 4
  Quadrature points per cell = 6
  Quadrature points per face = 4
-----------------------------------------------
Initializing the DoF handler
  Number of DoFs = 339222
-----------------------------------------------
Initializing the linear system
-----------------------------------------------
Heater volumes (integrati sulla mesh)
  HEATER_0: 67.5000 um^3
  HEATER_1: 67.5000 um^3
  HEATER_2: 67.5000 um^3
  HEATER_3: 67.5000 um^3
  HEATER_4: 67.5000 um^3  [attivo]
  HEATER_5: 67.5000 um^3
  Potenza per heater attivo = 20.0000 mW
===============================================
  Newton iteration  0 - ||R|| = 4.216734e-04 - 40 GMRES iterations - ||dT||_inf = 5.570156e+01 K
  Newton iteration  1 - ||R|| = 3.734899e-05 - 38 GMRES iterations - ||dT||_inf = 1.383033e+00 K
  Newton iteration  2 - ||R|| = 3.399301e-08 - 37 GMRES iterations - ||dT||_inf = 8.595369e-04 K
  Newton iteration  3 - ||R|| = 2.074791e-14 < tolerance
Postprocessing
  Potenza iniettata = 2.000000e+01 mW
  T_max             = 3.474677e+02 K (Delta T = 5.431767e+01 K)
  WG_0: int Delta T dz = 7.297584e+00 K um,  <Delta T> = 2.919033e-02 K
  WG_1: int Delta T dz = 1.334189e+01 K um,  <Delta T> = 5.336757e-02 K
  WG_2: int Delta T dz = 2.533787e+01 K um,  <Delta T> = 1.013515e-01 K
  WG_3: int Delta T dz = 5.560003e+01 K um,  <Delta T> = 2.224001e-01 K
  WG_4: int Delta T dz = 3.727917e+03 K um,  <Delta T> = 1.491167e+01 K
  WG_5: int Delta T dz = 5.694954e+01 K um,  <Delta T> = 2.277982e-01 K
===============================================
