Mesh        = ../mesh/soi_mesh.msh
Heater mask = 0b000100 (4)
Potenza     = 30 mW per heater acceso
CSV         = results.csv
Output VTU  = no
Initializing the mesh
  Number of elements = 1923630
-----------------------------------------------
Initializing the finite element space
  Degree                     = 1
  DoFs per cell              = 4
  Quadrature points per cell = 6
  Quadrature points per face = 4
-----------------------------------------------
Initializing the DoF handler
  Number of DoFs = 339222
-----------------------------------------------
Initializing the linear system
-----------------------------------------------
Heater volumes (integrati sulla mesh)
  HEATER_0: 67.5000 um^3
  HEATER_1: 67.5000 um^3
  HEATER_2: 67.5000 um^3  [attivo]
  HEATER_3: 67.5000 um^3
  HEATER_4: 67.5000 um^3
  HEATER_5: 67.5000 um^3
  Potenza per heater attivo = 30.0000 mW
===============================================
  Newton iteration  0 - ||R|| = 6.303432e-04 - 40 GMRES iterations - ||dT||_inf = 8.350091e+01 K
  Newton iteration  1 - ||R|| = 8.272927e-05 - 38 GMRES iterations - ||dT||_inf = 3.038558e+00 K
  Newton iteration  2 - ||R|| = 1.602936e-07 - 37 GMRES iterations - ||dT||_inf = 4.067603e-03 K
  Newton iteration  3 - ||R|| = 3.157873e-13 - 37 GMRES iterations - ||dT||_inf = 6.996733e-09 K
  Newton iteration  4 - ||R|| = 1.440049e-14 < tolerance
Postprocessing
  Potenza iniettata = 3.000000e+01 mW
  T_max             = 3.736149e+02 K (Delta T = 8.046495e+01 K)
  WG_0: int Delta T dz = 3.902322e+01 K um,  <Delta T> = 1.560929e-01 K
  WG_1: int Delta T dz = 8.346432e+01 K um,  <Delta T> = 3.338573e-01 K
  WG_2: int Delta T dz = 5.562246e+03 K um,  <Delta T> = 2.224898e+01 K
  WG_3: int Delta T dz = 8.302318e+01 K um,  <Delta T> = 3.320927e-01 K
  WG_4: int Delta T dz = 3.801365e+01 K um,  <Delta T> = 1.520546e-01 K
  WG_5: int Delta T dz = 2.043528e+01 K um,  <Delta T> = 8.174114e-02 K
===============================================
