Mesh        = ../mesh/soi_mesh.msh
Heater mask = 0b000010 (2)
Potenza     = 30 mW per heater acceso
CSV         = results.csv
Output VTU  = no
Initializing the mesh
  Number of elements = 1923630
-----------------------------------------------
Initializing the finite element space
  Degree                     = 1
  DoFs per cell              = 4
  Quadrature points per cell = 6
  Quadrature points per face = 4
-----------------------------------------------
Initializing the DoF handler
  Number of DoFs = 339222
-----------------------------------------------
Initializing the linear system
-----------------------------------------------
Heater volumes (integrati sulla mesh)
  HEATER_0: 67.5000 um^3
  HEATER_1: 67.5000 um^3  [attivo]
  HEATER_2: 67.5000 um^3
  HEATER_3: 67.5000 um^3
  HEATER_4: 67.5000 um^3
  HEATER_5: 67.5000 um^3
  Potenza per heater attivo = 30.0000 mW
===============================================
  Newton iteration  0 - ||R|| = 6.292874e-04 - 38 GMRES iterations - ||dT||_inf = 8.359861e+01 K
  Newton iteration  1 - ||R|| = 8.266518e-05 - 36 GMRES iterations - ||dT||_inf = 3.038961e+00 K
  Newton iteration  2 - ||R|| = 1.604741e-07 - 36 GMRES iterations - ||dT||_inf = 4.054437e-03 K
  Newton iteration  3 - ||R|| = 3.177287e-13 - 36 GMRES iterations - ||dT||_inf = 6.918776e-09 K
  Newton iteration  4 - ||R|| = 1.450211e-14 < tolerance
Postprocessing
  Potenza iniettata = 3.000000e+01 mW
  T_max             = 3.737056e+02 K (Delta T = 8.055559e+01 K)
  WG_0: int Delta T dz = 8.546666e+01 K um,  <Delta T> = 3.418666e-01 K
  WG_1: int Delta T dz = 5.563619e+03 K um,  <Delta T> = 2.225448e+01 K
  WG_2: int Delta T dz = 8.347695e+01 K um,  <Delta T> = 3.339078e-01 K
  WG_3: int Delta T dz = 3.801414e+01 K um,  <Delta T> = 1.520566e-01 K
  WG_4: int Delta T dz = 2.001497e+01 K um,  <Delta T> = 8.005988e-02 K
  WG_5: int Delta T dz = 1.094716e+01 K um,  <Delta T> = 4.378865e-02 K
===============================================
