Mesh        = ../mesh/soi_mesh.msh
Heater mask = 0b000100 (4)
Potenza     = 10 mW per heater acceso
CSV         = results.csv
Output VTU  = no
Initializing the mesh
  Number of elements = 1923630
-----------------------------------------------
Initializing the finite element space
  Degree                     = 1
  DoFs per cell              = 4
  Quadrature points per cell = 6
  Quadrature points per face = 4
-----------------------------------------------
Initializing the DoF handler
  Number of DoFs = 339222
-----------------------------------------------
Initializing the linear system
-----------------------------------------------
Heater volumes (integrati sulla mesh)
  HEATER_0: 67.5000 um^3
  HEATER_1: 67.5000 um^3
  HEATER_2: 67.5000 um^3  [attivo]
  HEATER_3: 67.5000 um^3
  HEATER_4: 67.5000 um^3
  HEATER_5: 67.5000 um^3
  Potenza per heater attivo = 10.0000 mW
===============================================
  Newton iteration  0 - ||R|| = 2.101144e-04 - 40 GMRES iterations - ||dT||_inf = 2.783364e+01 K
  Newton iteration  1 - ||R|| = 9.474680e-06 - 38 GMRES iterations - ||dT||_inf = 3.549796e-01 K
  Newton iteration  2 - ||R|| = 2.280303e-09 - 37 GMRES iterations - ||dT||_inf = 5.815199e-05 K
  Newton iteration  3 - ||R|| = 1.490602e-14 < tolerance
Postprocessing
  Potenza iniettata = 1.000000e+01 mW
  T_max             = 3.206289e+02 K (Delta T = 2.747893e+01 K)
  WG_0: int Delta T dz = 1.300424e+01 K um,  <Delta T> = 5.201694e-02 K
  WG_1: int Delta T dz = 2.780767e+01 K um,  <Delta T> = 1.112307e-01 K
  WG_2: int Delta T dz = 1.874633e+03 K um,  <Delta T> = 7.498533e+00 K
  WG_3: int Delta T dz = 2.766077e+01 K um,  <Delta T> = 1.106431e-01 K
  WG_4: int Delta T dz = 1.266788e+01 K um,  <Delta T> = 5.067151e-02 K
  WG_5: int Delta T dz = 6.810843e+00 K um,  <Delta T> = 2.724337e-02 K
===============================================
