Mesh        = ../mesh/soi_mesh.msh
Heater mask = 0b100000 (32)
Potenza     = 5 mW per heater acceso
CSV         = results.csv
Output VTU  = no
Initializing the mesh
  Number of elements = 1923630
-----------------------------------------------
Initializing the finite element space
  Degree                     = 1
  DoFs per cell              = 4
  Quadrature points per cell = 6
  Quadrature points per face = 4
-----------------------------------------------
Initializing the DoF handler
  Number of DoFs = 339222
-----------------------------------------------
Initializing the linear system
-----------------------------------------------
Heater volumes (integrati sulla mesh)
  HEATER_0: 67.5000 um^3
  HEATER_1: 67.5000 um^3
  HEATER_2: 67.5000 um^3
  HEATER_3: 67.5000 um^3
  HEATER_4: 67.5000 um^3
  HEATER_5: 67.5000 um^3  [attivo]
  Potenza per heater attivo = 5.0000 mW
===============================================
  Newton iteration  0 - ||R|| = 1.049523e-04 - 40 GMRES iterations - ||dT||_inf = 1.391557e+01 K
  Newton iteration  1 - ||R|| = 2.493282e-06 - 38 GMRES iterations - ||dT||_inf = 8.970263e-02 K
  Newton iteration  2 - ||R|| = 1.483801e-10 - 38 GMRES iterations - ||dT||_inf = 3.755214e-06 K
  Newton iteration  3 - ||R|| = 1.490078e-14 - 29 GMRES iterations - ||dT||_inf = 9.578316e-14 K
Postprocessing
  Potenza iniettata = 5.000000e+00 mW
  T_max             = 3.069759e+02 K (Delta T = 1.382593e+01 K)
  WG_0: int Delta T dz = 1.002427e+00 K um,  <Delta T> = 4.009709e-03 K
  WG_1: int Delta T dz = 1.824203e+00 K um,  <Delta T> = 7.296813e-03 K
  WG_2: int Delta T dz = 3.404997e+00 K um,  <Delta T> = 1.361999e-02 K
  WG_3: int Delta T dz = 6.501131e+00 K um,  <Delta T> = 2.600453e-02 K
  WG_4: int Delta T dz = 1.423126e+01 K um,  <Delta T> = 5.692506e-02 K
  WG_5: int Delta T dz = 9.408947e+02 K um,  <Delta T> = 3.763579e+00 K
===============================================
