Mesh        = ../mesh/soi_mesh.msh
Heater mask = 0b010000 (16)
Potenza     = 10 mW per heater acceso
CSV         = results.csv
Output VTU  = no
Initializing the mesh
  Number of elements = 1923630
-----------------------------------------------
Initializing the finite element space
  Degree                     = 1
  DoFs per cell              = 4
  Quadrature points per cell = 6
  Quadrature points per face = 4
-----------------------------------------------
Initializing the DoF handler
  Number of DoFs = 339222
-----------------------------------------------
Initializing the linear system
-----------------------------------------------
Heater volumes (integrati sulla mesh)
  HEATER_0: 67.5000 um^3
  HEATER_1: 67.5000 um^3
  HEATER_2: 67.5000 um^3
  HEATER_3: 67.5000 um^3
  HEATER_4: 67.5000 um^3  [attivo]
  HEATER_5: 67.5000 um^3
  Potenza per heater attivo = 10.0000 mW
===============================================
  Newton iteration  0 - ||R|| = 2.108367e-04 - 40 GMRES iterations - ||dT||_inf = 2.785078e+01 K
  Newton iteration  1 - ||R|| = 9.485854e-06 - 39 GMRES iterations - ||dT||_inf = 3.546310e-01 K
  Newton iteration  2 - ||R|| = 2.284060e-09 - 38 GMRES iterations - ||dT||_inf = 5.786908e-05 K
  Newton iteration  3 - ||R|| = 1.494596e-14 < tolerance
Postprocessing
  Potenza iniettata = 1.000000e+01 mW
  T_max             = 3.206461e+02 K (Delta T = 2.749609e+01 K)
  WG_0: int Delta T dz = 3.648663e+00 K um,  <Delta T> = 1.459465e-02 K
  WG_1: int Delta T dz = 6.670503e+00 K um,  <Delta T> = 2.668201e-02 K
  WG_2: int Delta T dz = 1.266726e+01 K um,  <Delta T> = 5.066905e-02 K
  WG_3: int Delta T dz = 2.779313e+01 K um,  <Delta T> = 1.111725e-01 K
  WG_4: int Delta T dz = 1.874331e+03 K um,  <Delta T> = 7.497324e+00 K
  WG_5: int Delta T dz = 2.846757e+01 K um,  <Delta T> = 1.138703e-01 K
===============================================
