Mesh        = ../mesh/soi_mesh.msh
Heater mask = 0b010000 (16)
Potenza     = 40 mW per heater acceso
CSV         = results.csv
Output VTU  = no
Initializing the mesh
  Number of elements = 1923630
-----------------------------------------------
Initializing the finite element space
  Degree                     = 1
  DoFs per cell              = 4
  Quadrature points per cell = 6
  Quadrature points per face = 4
-----------------------------------------------
Initializing the DoF handler
  Number of DoFs = 339222
-----------------------------------------------
Initializing the linear system
-----------------------------------------------
Heater volumes (integrati sulla mesh)
  HEATER_0: 67.5000 um^3
  HEATER_1: 67.5000 um^3
  HEATER_2: 67.5000 um^3
  HEATER_3: 67.5000 um^3
  HEATER_4: 67.5000 um^3  [attivo]
  HEATER_5: 67.5000 um^3
  Potenza per heater attivo = 40.0000 mW
===============================================
  Newton iteration  0 - ||R|| = 8.433469e-04 - 40 GMRES iterations - ||dT||_inf = 1.114031e+02 K
  Newton iteration  1 - ||R|| = 1.453261e-04 - 38 GMRES iterations - ||dT||_inf = 5.268399e+00 K
  Newton iteration  2 - ||R|| = 4.748389e-07 - 38 GMRES iterations - ||dT||_inf = 1.193274e-02 K
  Newton iteration  3 - ||R|| = 2.747437e-12 - 38 GMRES iterations - ||dT||_inf = 5.889644e-08 K
  Newton iteration  4 - ||R|| = 1.477514e-14 < tolerance
Postprocessing
  Potenza iniettata = 4.000000e+01 mW
  T_max             = 3.992728e+02 K (Delta T = 1.061228e+02 K)
  WG_0: int Delta T dz = 1.459620e+01 K um,  <Delta T> = 5.838480e-02 K
  WG_1: int Delta T dz = 2.668734e+01 K um,  <Delta T> = 1.067493e-01 K
  WG_2: int Delta T dz = 5.068913e+01 K um,  <Delta T> = 2.027565e-01 K
  WG_3: int Delta T dz = 1.112555e+02 K um,  <Delta T> = 4.450220e-01 K
  WG_4: int Delta T dz = 7.375402e+03 K um,  <Delta T> = 2.950161e+01 K
  WG_5: int Delta T dz = 1.139571e+02 K um,  <Delta T> = 4.558284e-01 K
===============================================
