Mesh        = ../mesh/soi_mesh.msh
Heater mask = 0b000010 (2)
Potenza     = 40 mW per heater acceso
CSV         = results.csv
Output VTU  = no
Initializing the mesh
  Number of elements = 1923630
-----------------------------------------------
Initializing the finite element space
  Degree                     = 1
  DoFs per cell              = 4
  Quadrature points per cell = 6
  Quadrature points per face = 4
-----------------------------------------------
Initializing the DoF handler
  Number of DoFs = 339222
-----------------------------------------------
Initializing the linear system
-----------------------------------------------
Heater volumes (integrati sulla mesh)
  HEATER_0: 67.5000 um^3
  HEATER_1: 67.5000 um^3  [attivo]
  HEATER_2: 67.5000 um^3
  HEATER_3: 67.5000 um^3
  HEATER_4: 67.5000 um^3
  HEATER_5: 67.5000 um^3
  Potenza per heater attivo = 40.0000 mW
===============================================
  Newton iteration  0 - ||R|| = 8.390499e-04 - 38 GMRES iterations - ||dT||_inf = 1.114648e+02 K
  Newton iteration  1 - ||R|| = 1.450415e-04 - 36 GMRES iterations - ||dT||_inf = 5.273826e+00 K
  Newton iteration  2 - ||R|| = 4.745780e-07 - 36 GMRES iterations - ||dT||_inf = 1.194974e-02 K
  Newton iteration  3 - ||R|| = 2.745445e-12 - 36 GMRES iterations - ||dT||_inf = 5.885878e-08 K
  Newton iteration  4 - ||R|| = 1.471944e-14 < tolerance
Postprocessing
  Potenza iniettata = 4.000000e+01 mW
  T_max             = 3.993290e+02 K (Delta T = 1.061790e+02 K)
  WG_0: int Delta T dz = 1.139846e+02 K um,  <Delta T> = 4.559385e-01 K
  WG_1: int Delta T dz = 7.378303e+03 K um,  <Delta T> = 2.951321e+01 K
  WG_2: int Delta T dz = 1.113303e+02 K um,  <Delta T> = 4.453212e-01 K
  WG_3: int Delta T dz = 5.069221e+01 K um,  <Delta T> = 2.027688e-01 K
  WG_4: int Delta T dz = 2.668840e+01 K um,  <Delta T> = 1.067536e-01 K
  WG_5: int Delta T dz = 1.459673e+01 K um,  <Delta T> = 5.838692e-02 K
===============================================
