Mesh        = ../mesh/soi_mesh.msh
Heater mask = 0b000001 (1)
Potenza     = 2.5 mW per heater acceso
CSV         = results.csv
Output VTU  = no
Initializing the mesh
  Number of elements = 1923630
-----------------------------------------------
Initializing the finite element space
  Degree                     = 1
  DoFs per cell              = 4
  Quadrature points per cell = 6
  Quadrature points per face = 4
-----------------------------------------------
Initializing the DoF handler
  Number of DoFs = 339222
-----------------------------------------------
Initializing the linear system
-----------------------------------------------
Heater volumes (integrati sulla mesh)
  HEATER_0: 67.5000 um^3  [attivo]
  HEATER_1: 67.5000 um^3
  HEATER_2: 67.5000 um^3
  HEATER_3: 67.5000 um^3
  HEATER_4: 67.5000 um^3
  HEATER_5: 67.5000 um^3
  Potenza per heater attivo = 2.5000 mW
===============================================
  Newton iteration  0 - ||R|| = 5.262051e-05 - 39 GMRES iterations - ||dT||_inf = 6.957659e+00 K
  Newton iteration  1 - ||R|| = 6.009350e-07 - 38 GMRES iterations - ||dT||_inf = 2.258346e-02 K
  Newton iteration  2 - ||R|| = 9.452269e-12 - 37 GMRES iterations - ||dT||_inf = 2.396400e-07 K
  Newton iteration  3 - ||R|| = 1.478695e-14 - 29 GMRES iterations - ||dT||_inf = 9.162200e-14 K
Postprocessing
  Potenza iniettata = 2.500000e+00 mW
  T_max             = 3.000851e+02 K (Delta T = 6.935095e+00 K)
  WG_0: int Delta T dz = 4.709945e+02 K um,  <Delta T> = 1.883978e+00 K
  WG_1: int Delta T dz = 7.116894e+00 K um,  <Delta T> = 2.846758e-02 K
  WG_2: int Delta T dz = 3.250650e+00 K um,  <Delta T> = 1.300260e-02 K
  WG_3: int Delta T dz = 1.702546e+00 K um,  <Delta T> = 6.810183e-03 K
  WG_4: int Delta T dz = 9.121227e-01 K um,  <Delta T> = 3.648491e-03 K
  WG_5: int Delta T dz = 5.012313e-01 K um,  <Delta T> = 2.004925e-03 K
===============================================
