Mesh        = ../mesh/soi_mesh.msh
Heater mask = 0b000010 (2)
Potenza     = 15 mW per heater acceso
CSV         = results.csv
Output VTU  = no
Initializing the mesh
  Number of elements = 1923630
-----------------------------------------------
Initializing the finite element space
  Degree                     = 1
  DoFs per cell              = 4
  Quadrature points per cell = 6
  Quadrature points per face = 4
-----------------------------------------------
Initializing the DoF handler
  Number of DoFs = 339222
-----------------------------------------------
Initializing the linear system
-----------------------------------------------
Heater volumes (integrati sulla mesh)
  HEATER_0: 67.5000 um^3
  HEATER_1: 67.5000 um^3  [attivo]
  HEATER_2: 67.5000 um^3
  HEATER_3: 67.5000 um^3
  HEATER_4: 67.5000 um^3
  HEATER_5: 67.5000 um^3
  Potenza per heater attivo = 15.0000 mW
===============================================
  Newton iteration  0 - ||R|| = 3.146437e-04 - 38 GMRES iterations - ||dT||_inf = 4.179930e+01 K
  Newton iteration  1 - ||R|| = 2.112687e-05 - 37 GMRES iterations - ||dT||_inf = 7.886122e-01 K
  Newton iteration  2 - ||R|| = 1.113985e-08 - 36 GMRES iterations - ||dT||_inf = 2.825393e-04 K
  Newton iteration  3 - ||R|| = 1.498384e-14 < tolerance
Postprocessing
  Potenza iniettata = 1.500000e+01 mW
  T_max             = 3.341604e+02 K (Delta T = 4.101041e+01 K)
  WG_0: int Delta T dz = 4.271706e+01 K um,  <Delta T> = 1.708682e-01 K
  WG_1: int Delta T dz = 2.804818e+03 K um,  <Delta T> = 1.121927e+01 K
  WG_2: int Delta T dz = 4.172298e+01 K um,  <Delta T> = 1.668919e-01 K
  WG_3: int Delta T dz = 1.900331e+01 K um,  <Delta T> = 7.601324e-02 K
  WG_4: int Delta T dz = 1.000649e+01 K um,  <Delta T> = 4.002596e-02 K
  WG_5: int Delta T dz = 5.473293e+00 K um,  <Delta T> = 2.189317e-02 K
===============================================
