Mesh        = ../mesh/soi_mesh.msh
Heater mask = 0b000010 (2)
Potenza     = 20 mW per heater acceso
CSV         = results.csv
Output VTU  = no
Initializing the mesh
  Number of elements = 1923630
-----------------------------------------------
Initializing the finite element space
  Degree                     = 1
  DoFs per cell              = 4
  Quadrature points per cell = 6
  Quadrature points per face = 4
-----------------------------------------------
Initializing the DoF handler
  Number of DoFs = 339222
-----------------------------------------------
Initializing the linear system
-----------------------------------------------
Heater volumes (integrati sulla mesh)
  HEATER_0: 67.5000 um^3
  HEATER_1: 67.5000 um^3  [attivo]
  HEATER_2: 67.5000 um^3
  HEATER_3: 67.5000 um^3
  HEATER_4: 67.5000 um^3
  HEATER_5: 67.5000 um^3
  Potenza per heater attivo = 20.0000 mW
===============================================
  Newton iteration  0 - ||R|| = 4.195249e-04 - 38 GMRES iterations - ||dT||_inf = 5.573241e+01 K
  Newton iteration  1 - ||R|| = 3.727145e-05 - 37 GMRES iterations - ||dT||_inf = 1.384443e+00 K
  Newton iteration  2 - ||R|| = 3.397081e-08 - 36 GMRES iterations - ||dT||_inf = 8.606561e-04 K
  Newton iteration  3 - ||R|| = 2.076006e-14 < tolerance
Postprocessing
  Potenza iniettata = 2.000000e+01 mW
  T_max             = 3.474971e+02 K (Delta T = 5.434710e+01 K)
  WG_0: int Delta T dz = 5.696330e+01 K um,  <Delta T> = 2.278532e-01 K
  WG_1: int Delta T dz = 3.729424e+03 K um,  <Delta T> = 1.491770e+01 K
  WG_2: int Delta T dz = 5.563751e+01 K um,  <Delta T> = 2.225500e-01 K
  WG_3: int Delta T dz = 2.533942e+01 K um,  <Delta T> = 1.013577e-01 K
  WG_4: int Delta T dz = 1.334243e+01 K um,  <Delta T> = 5.336971e-02 K
  WG_5: int Delta T dz = 7.297852e+00 K um,  <Delta T> = 2.919141e-02 K
===============================================
