Mesh        = ../mesh/soi_mesh.msh
Heater mask = 0b010000 (16)
Potenza     = 15 mW per heater acceso
CSV         = results.csv
Output VTU  = no
Initializing the mesh
  Number of elements = 1923630
-----------------------------------------------
Initializing the finite element space
  Degree                     = 1
  DoFs per cell              = 4
  Quadrature points per cell = 6
  Quadrature points per face = 4
-----------------------------------------------
Initializing the DoF handler
  Number of DoFs = 339222
-----------------------------------------------
Initializing the linear system
-----------------------------------------------
Heater volumes (integrati sulla mesh)
  HEATER_0: 67.5000 um^3
  HEATER_1: 67.5000 um^3
  HEATER_2: 67.5000 um^3
  HEATER_3: 67.5000 um^3
  HEATER_4: 67.5000 um^3  [attivo]
  HEATER_5: 67.5000 um^3
  Potenza per heater attivo = 15.0000 mW
===============================================
  Newton iteration  0 - ||R|| = 3.162551e-04 - 40 GMRES iterations - ||dT||_inf = 4.177617e+01 K
  Newton iteration  1 - ||R|| = 2.117148e-05 - 37 GMRES iterations - ||dT||_inf = 7.878121e-01 K
  Newton iteration  2 - ||R|| = 1.114746e-08 - 37 GMRES iterations - ||dT||_inf = 2.821824e-04 K
  Newton iteration  3 - ||R|| = 1.500391e-14 < tolerance
Postprocessing
  Potenza iniettata = 1.500000e+01 mW
  T_max             = 3.341381e+02 K (Delta T = 4.098808e+01 K)
  WG_0: int Delta T dz = 5.473091e+00 K um,  <Delta T> = 2.189236e-02 K
  WG_1: int Delta T dz = 1.000609e+01 K um,  <Delta T> = 4.002435e-02 K
  WG_2: int Delta T dz = 1.900215e+01 K um,  <Delta T> = 7.600858e-02 K
  WG_3: int Delta T dz = 4.169485e+01 K um,  <Delta T> = 1.667794e-01 K
  WG_4: int Delta T dz = 2.803676e+03 K um,  <Delta T> = 1.121470e+01 K
  WG_5: int Delta T dz = 4.270675e+01 K um,  <Delta T> = 1.708270e-01 K
===============================================
