Mesh        = ../mesh/soi_mesh.msh
Heater mask = 0b000100 (4)
Potenza     = 5 mW per heater acceso
CSV         = results.csv
Output VTU  = no
Initializing the mesh
  Number of elements = 1923630
-----------------------------------------------
Initializing the finite element space
  Degree                     = 1
  DoFs per cell              = 4
  Quadrature points per cell = 6
  Quadrature points per face = 4
-----------------------------------------------
Initializing the DoF handler
  Number of DoFs = 339222
-----------------------------------------------
Initializing the linear system
-----------------------------------------------
Heater volumes (integrati sulla mesh)
  HEATER_0: 67.5000 um^3
  HEATER_1: 67.5000 um^3
  HEATER_2: 67.5000 um^3  [attivo]
  HEATER_3: 67.5000 um^3
  HEATER_4: 67.5000 um^3
  HEATER_5: 67.5000 um^3
  Potenza per heater attivo = 5.0000 mW
===============================================
  Newton iteration  0 - ||R|| = 1.050572e-04 - 40 GMRES iterations - ||dT||_inf = 1.391682e+01 K
  Newton iteration  1 - ||R|| = 2.388842e-06 - 38 GMRES iterations - ||dT||_inf = 8.990029e-02 K
  Newton iteration  2 - ||R|| = 1.479634e-10 - 37 GMRES iterations - ||dT||_inf = 3.775970e-06 K
  Newton iteration  3 - ||R|| = 1.491139e-14 - 29 GMRES iterations - ||dT||_inf = 1.164644e-13 K
Postprocessing
  Potenza iniettata = 5.000000e+00 mW
  T_max             = 3.069770e+02 K (Delta T = 1.382699e+01 K)
  WG_0: int Delta T dz = 6.501681e+00 K um,  <Delta T> = 2.600672e-02 K
  WG_1: int Delta T dz = 1.390213e+01 K um,  <Delta T> = 5.560851e-02 K
  WG_2: int Delta T dz = 9.399539e+02 K um,  <Delta T> = 3.759816e+00 K
  WG_3: int Delta T dz = 1.382870e+01 K um,  <Delta T> = 5.531478e-02 K
  WG_4: int Delta T dz = 6.333523e+00 K um,  <Delta T> = 2.533409e-02 K
  WG_5: int Delta T dz = 3.405307e+00 K um,  <Delta T> = 1.362123e-02 K
===============================================
