Mesh        = ../mesh/soi_mesh.msh
Heater mask = 0b000100 (4)
Potenza     = 2.5 mW per heater acceso
CSV         = results.csv
Output VTU  = no
Initializing the mesh
  Number of elements = 1923630
-----------------------------------------------
Initializing the finite element space
  Degree                     = 1
  DoFs per cell              = 4
  Quadrature points per cell = 6
  Quadrature points per face = 4
-----------------------------------------------
Initializing the DoF handler
  Number of DoFs = 339222
-----------------------------------------------
Initializing the linear system
-----------------------------------------------
Heater volumes (integrati sulla mesh)
  HEATER_0: 67.5000 um^3
  HEATER_1: 67.5000 um^3
  HEATER_2: 67.5000 um^3  [attivo]
  HEATER_3: 67.5000 um^3
  HEATER_4: 67.5000 um^3
  HEATER_5: 67.5000 um^3
  Potenza per heater attivo = 2.5000 mW
===============================================
  Newton iteration  0 - ||R|| = 5.252860e-05 - 40 GMRES iterations - ||dT||_inf = 6.958409e+00 K
  Newton iteration  1 - ||R|| = 5.998396e-07 - 38 GMRES iterations - ||dT||_inf = 2.262232e-02 K
  Newton iteration  2 - ||R|| = 9.425911e-12 - 38 GMRES iterations - ||dT||_inf = 2.406056e-07 K
  Newton iteration  3 - ||R|| = 1.487247e-14 - 29 GMRES iterations - ||dT||_inf = 1.209398e-13 K
Postprocessing
  Potenza iniettata = 2.500000e+00 mW
  T_max             = 3.000858e+02 K (Delta T = 6.935807e+00 K)
  WG_0: int Delta T dz = 3.250731e+00 K um,  <Delta T> = 1.300292e-02 K
  WG_1: int Delta T dz = 6.950637e+00 K um,  <Delta T> = 2.780255e-02 K
  WG_2: int Delta T dz = 4.706415e+02 K um,  <Delta T> = 1.882566e+00 K
  WG_3: int Delta T dz = 6.913926e+00 K um,  <Delta T> = 2.765570e-02 K
  WG_4: int Delta T dz = 3.166657e+00 K um,  <Delta T> = 1.266663e-02 K
  WG_5: int Delta T dz = 1.702625e+00 K um,  <Delta T> = 6.810499e-03 K
===============================================
