Mesh        = ../mesh/soi_mesh.msh
Heater mask = 0b100000 (32)
Potenza     = 30 mW per heater acceso
CSV         = results.csv
Output VTU  = no
Initializing the mesh
  Number of elements = 1923630
-----------------------------------------------
Initializing the finite element space
  Degree                     = 1
  DoFs per cell              = 4
  Quadrature points per cell = 6
  Quadrature points per face = 4
-----------------------------------------------
Initializing the DoF handler
  Number of DoFs = 339222
-----------------------------------------------
Initializing the linear system
-----------------------------------------------
Heater volumes (integrati sulla mesh)
  HEATER_0: 67.5000 um^3
  HEATER_1: 67.5000 um^3
  HEATER_2: 67.5000 um^3
  HEATER_3: 67.5000 um^3
  HEATER_4: 67.5000 um^3
  HEATER_5: 67.5000 um^3  [attivo]
  Potenza per heater attivo = 30.0000 mW
===============================================
  Newton iteration  0 - ||R|| = 6.297139e-04 - 40 GMRES iterations - ||dT||_inf = 8.349340e+01 K
  Newton iteration  1 - ||R|| = 8.599011e-05 - 38 GMRES iterations - ||dT||_inf = 3.032176e+00 K
  Newton iteration  2 - ||R|| = 1.605066e-07 - 38 GMRES iterations - ||dT||_inf = 4.046379e-03 K
  Newton iteration  3 - ||R|| = 3.167134e-13 - 38 GMRES iterations - ||dT||_inf = 6.929684e-09 K
  Newton iteration  4 - ||R|| = 1.436325e-14 < tolerance
Postprocessing
  Potenza iniettata = 3.000000e+01 mW
  T_max             = 3.736093e+02 K (Delta T = 8.045928e+01 K)
  WG_0: int Delta T dz = 6.014858e+00 K um,  <Delta T> = 2.405943e-02 K
  WG_1: int Delta T dz = 1.094620e+01 K um,  <Delta T> = 4.378481e-02 K
  WG_2: int Delta T dz = 2.043347e+01 K um,  <Delta T> = 8.173388e-02 K
  WG_3: int Delta T dz = 3.902001e+01 K um,  <Delta T> = 1.560800e-01 K
  WG_4: int Delta T dz = 8.544207e+01 K um,  <Delta T> = 3.417683e-01 K
  WG_5: int Delta T dz = 5.567660e+03 K um,  <Delta T> = 2.227064e+01 K
===============================================
