Mesh        = ../mesh/soi_mesh.msh
Heater mask = 0b100000 (32)
Potenza     = 50 mW per heater acceso
CSV         = results.csv
Output VTU  = no
Initializing the mesh
  Number of elements = 1923630
-----------------------------------------------
Initializing the finite element space
  Degree                     = 1
  DoFs per cell              = 4
  Quadrature points per cell = 6
  Quadrature points per face = 4
-----------------------------------------------
Initializing the DoF handler
  Number of DoFs = 339222
-----------------------------------------------
Initializing the linear system
-----------------------------------------------
Heater volumes (integrati sulla mesh)
  HEATER_0: 67.5000 um^3
  HEATER_1: 67.5000 um^3
  HEATER_2: 67.5000 um^3
  HEATER_3: 67.5000 um^3
  HEATER_4: 67.5000 um^3
  HEATER_5: 67.5000 um^3  [attivo]
  Potenza per heater attivo = 50.0000 mW
===============================================
  Newton iteration  0 - ||R|| = 1.049523e-03 - 40 GMRES iterations - ||dT||_inf = 1.391557e+02 K
  Newton iteration  1 - ||R|| = 2.322106e-04 - 38 GMRES iterations - ||dT||_inf = 8.030322e+00 K
  Newton iteration  2 - ||R|| = 1.086263e-06 - 38 GMRES iterations - ||dT||_inf = 2.720410e-02 K
  Newton iteration  3 - ||R|| = 1.418365e-11 - 38 GMRES iterations - ||dT||_inf = 3.004959e-07 K
  Newton iteration  4 - ||R|| = 1.482624e-14 < tolerance
Postprocessing
  Potenza iniettata = 5.000000e+01 mW
  T_max             = 4.242533e+02 K (Delta T = 1.311033e+02 K)
  WG_0: int Delta T dz = 1.002516e+01 K um,  <Delta T> = 4.010064e-02 K
  WG_1: int Delta T dz = 1.824498e+01 K um,  <Delta T> = 7.297993e-02 K
  WG_2: int Delta T dz = 3.406044e+01 K um,  <Delta T> = 1.362418e-01 K
  WG_3: int Delta T dz = 6.505101e+01 K um,  <Delta T> = 2.602041e-01 K
  WG_4: int Delta T dz = 1.424768e+02 K um,  <Delta T> = 5.699072e-01 K
  WG_5: int Delta T dz = 9.180569e+03 K um,  <Delta T> = 3.672228e+01 K
===============================================
