Mesh        = ../mesh/soi_mesh.msh
Heater mask = 0b000001 (1)
Potenza     = 40 mW per heater acceso
CSV         = results.csv
Output VTU  = no
Initializing the mesh
  Number of elements = 1923630
-----------------------------------------------
Initializing the finite element space
  Degree                     = 1
  DoFs per cell              = 4
  Quadrature points per cell = 6
  Quadrature points per face = 4
-----------------------------------------------
Initializing the DoF handler
  Number of DoFs = 339222
-----------------------------------------------
Initializing the linear system
-----------------------------------------------
Heater volumes (integrati sulla mesh)
  HEATER_0: 67.5000 um^3  [attivo]
  HEATER_1: 67.5000 um^3
  HEATER_2: 67.5000 um^3
  HEATER_3: 67.5000 um^3
  HEATER_4: 67.5000 um^3
  HEATER_5: 67.5000 um^3
  Potenza per heater attivo = 40.0000 mW
===============================================
  Newton iteration  0 - ||R|| = 8.419282e-04 - 39 GMRES iterations - ||dT||_inf = 1.113225e+02 K
  Newton iteration  1 - ||R|| = 1.453991e-04 - 37 GMRES iterations - ||dT||_inf = 5.264419e+00 K
  Newton iteration  2 - ||R|| = 4.752670e-07 - 36 GMRES iterations - ||dT||_inf = 1.194301e-02 K
  Newton iteration  3 - ||R|| = 2.742846e-12 - 36 GMRES iterations - ||dT||_inf = 5.904574e-08 K
  Newton iteration  4 - ||R|| = 1.465571e-14 < tolerance
Postprocessing
  Potenza iniettata = 4.000000e+01 mW
  T_max             = 3.992006e+02 K (Delta T = 1.060506e+02 K)
  WG_0: int Delta T dz = 7.382076e+03 K um,  <Delta T> = 2.952830e+01 K
  WG_1: int Delta T dz = 1.139793e+02 K um,  <Delta T> = 4.559172e-01 K
  WG_2: int Delta T dz = 5.203685e+01 K um,  <Delta T> = 2.081474e-01 K
  WG_3: int Delta T dz = 2.724771e+01 K um,  <Delta T> = 1.089908e-01 K
  WG_4: int Delta T dz = 1.459593e+01 K um,  <Delta T> = 5.838370e-02 K
  WG_5: int Delta T dz = 8.020292e+00 K um,  <Delta T> = 3.208117e-02 K
===============================================
