Mesh        = ../mesh/soi_mesh.msh
Heater mask = 0b000001 (1)
Potenza     = 50 mW per heater acceso
CSV         = results.csv
Output VTU  = no
Initializing the mesh
  Number of elements = 1923630
-----------------------------------------------
Initializing the finite element space
  Degree                     = 1
  DoFs per cell              = 4
  Quadrature points per cell = 6
  Quadrature points per face = 4
-----------------------------------------------
Initializing the DoF handler
  Number of DoFs = 339222
-----------------------------------------------
Initializing the linear system
-----------------------------------------------
Heater volumes (integrati sulla mesh)
  HEATER_0: 67.5000 um^3  [attivo]
  HEATER_1: 67.5000 um^3
  HEATER_2: 67.5000 um^3
  HEATER_3: 67.5000 um^3
  HEATER_4: 67.5000 um^3
  HEATER_5: 67.5000 um^3
  Potenza per heater attivo = 50.0000 mW
===============================================
  Newton iteration  0 - ||R|| = 1.052410e-03 - 39 GMRES iterations - ||dT||_inf = 1.391532e+02 K
  Newton iteration  1 - ||R|| = 2.244427e-04 - 37 GMRES iterations - ||dT||_inf = 8.033963e+00 K
  Newton iteration  2 - ||R|| = 1.088385e-06 - 36 GMRES iterations - ||dT||_inf = 2.724387e-02 K
  Newton iteration  3 - ||R|| = 1.421611e-11 - 36 GMRES iterations - ||dT||_inf = 3.011008e-07 K
  Newton iteration  4 - ||R|| = 1.478590e-14 < tolerance
Postprocessing
  Potenza iniettata = 5.000000e+01 mW
  T_max             = 4.242486e+02 K (Delta T = 1.310986e+02 K)
  WG_0: int Delta T dz = 9.178783e+03 K um,  <Delta T> = 3.671513e+01 K
  WG_1: int Delta T dz = 1.425108e+02 K um,  <Delta T> = 5.700434e-01 K
  WG_2: int Delta T dz = 6.505490e+01 K um,  <Delta T> = 2.602196e-01 K
  WG_3: int Delta T dz = 3.406197e+01 K um,  <Delta T> = 1.362479e-01 K
  WG_4: int Delta T dz = 1.824556e+01 K um,  <Delta T> = 7.298226e-02 K
  WG_5: int Delta T dz = 1.002556e+01 K um,  <Delta T> = 4.010225e-02 K
===============================================
