Mesh        = ../mesh/soi_mesh.msh
Heater mask = 0b010000 (16)
Potenza     = 2.5 mW per heater acceso
CSV         = results.csv
Output VTU  = no
Initializing the mesh
  Number of elements = 1923630
-----------------------------------------------
Initializing the finite element space
  Degree                     = 1
  DoFs per cell              = 4
  Quadrature points per cell = 6
  Quadrature points per face = 4
-----------------------------------------------
Initializing the DoF handler
  Number of DoFs = 339222
-----------------------------------------------
Initializing the linear system
-----------------------------------------------
Heater volumes (integrati sulla mesh)
  HEATER_0: 67.5000 um^3
  HEATER_1: 67.5000 um^3
  HEATER_2: 67.5000 um^3
  HEATER_3: 67.5000 um^3
  HEATER_4: 67.5000 um^3  [attivo]
  HEATER_5: 67.5000 um^3
  Potenza per heater attivo = 2.5000 mW
===============================================
  Newton iteration  0 - ||R|| = 5.270918e-05 - 40 GMRES iterations - ||dT||_inf = 6.962696e+00 K
  Newton iteration  1 - ||R|| = 6.005309e-07 - 39 GMRES iterations - ||dT||_inf = 2.259928e-02 K
  Newton iteration  2 - ||R|| = 9.441113e-12 - 39 GMRES iterations - ||dT||_inf = 2.394092e-07 K
  Newton iteration  3 - ||R|| = 1.487774e-14 - 29 GMRES iterations - ||dT||_inf = 1.020466e-13 K
Postprocessing
  Potenza iniettata = 2.500000e+00 mW
  T_max             = 3.000901e+02 K (Delta T = 6.940096e+00 K)
  WG_0: int Delta T dz = 9.121417e-01 K um,  <Delta T> = 3.648567e-03 K
  WG_1: int Delta T dz = 1.667543e+00 K um,  <Delta T> = 6.670171e-03 K
  WG_2: int Delta T dz = 3.166502e+00 K um,  <Delta T> = 1.266601e-02 K
  WG_3: int Delta T dz = 6.946999e+00 K um,  <Delta T> = 2.778799e-02 K
  WG_4: int Delta T dz = 4.705638e+02 K um,  <Delta T> = 1.882255e+00 K
  WG_5: int Delta T dz = 7.115548e+00 K um,  <Delta T> = 2.846219e-02 K
===============================================
