Mesh        = ../mesh/soi_mesh.msh
Heater mask = 0b100000 (32)
Potenza     = 15 mW per heater acceso
CSV         = results.csv
Output VTU  = no
Initializing the mesh
  Number of elements = 1923630
-----------------------------------------------
Initializing the finite element space
  Degree                     = 1
  DoFs per cell              = 4
  Quadrature points per cell = 6
  Quadrature points per face = 4
-----------------------------------------------
Initializing the DoF handler
  Number of DoFs = 339222
-----------------------------------------------
Initializing the linear system
-----------------------------------------------
Heater volumes (integrati sulla mesh)
  HEATER_0: 67.5000 um^3
  HEATER_1: 67.5000 um^3
  HEATER_2: 67.5000 um^3
  HEATER_3: 67.5000 um^3
  HEATER_4: 67.5000 um^3
  HEATER_5: 67.5000 um^3  [attivo]
  Potenza per heater attivo = 15.0000 mW
===============================================
  Newton iteration  0 - ||R|| = 3.148569e-04 - 40 GMRES iterations - ||dT||_inf = 4.174670e+01 K
  Newton iteration  1 - ||R|| = 2.203252e-05 - 38 GMRES iterations - ||dT||_inf = 7.868669e-01 K
  Newton iteration  2 - ||R|| = 1.115238e-08 - 38 GMRES iterations - ||dT||_inf = 2.820101e-04 K
  Newton iteration  3 - ||R|| = 1.505248e-14 < tolerance
Postprocessing
  Potenza iniettata = 1.500000e+01 mW
  T_max             = 3.341101e+02 K (Delta T = 4.096013e+01 K)
  WG_0: int Delta T dz = 3.007340e+00 K um,  <Delta T> = 1.202936e-02 K
  WG_1: int Delta T dz = 5.472806e+00 K um,  <Delta T> = 2.189122e-02 K
  WG_2: int Delta T dz = 1.021569e+01 K um,  <Delta T> = 4.086275e-02 K
  WG_3: int Delta T dz = 1.950604e+01 K um,  <Delta T> = 7.802415e-02 K
  WG_4: int Delta T dz = 4.270465e+01 K um,  <Delta T> = 1.708186e-01 K
  WG_5: int Delta T dz = 2.806896e+03 K um,  <Delta T> = 1.122758e+01 K
===============================================
