Mesh        = ../mesh/soi_mesh.msh
Heater mask = 0b010000 (16)
Potenza     = 50 mW per heater acceso
CSV         = results.csv
Output VTU  = no
Initializing the mesh
  Number of elements = 1923630
-----------------------------------------------
Initializing the finite element space
  Degree                     = 1
  DoFs per cell              = 4
  Quadrature points per cell = 6
  Quadrature points per face = 4
-----------------------------------------------
Initializing the DoF handler
  Number of DoFs = 339222
-----------------------------------------------
Initializing the linear system
-----------------------------------------------
Heater volumes (integrati sulla mesh)
  HEATER_0: 67.5000 um^3
  HEATER_1: 67.5000 um^3
  HEATER_2: 67.5000 um^3
  HEATER_3: 67.5000 um^3
  HEATER_4: 67.5000 um^3  [attivo]
  HEATER_5: 67.5000 um^3
  Potenza per heater attivo = 50.0000 mW
===============================================
  Newton iteration  0 - ||R|| = 1.054184e-03 - 40 GMRES iterations - ||dT||_inf = 1.392539e+02 K
  Newton iteration  1 - ||R|| = 2.243383e-04 - 38 GMRES iterations - ||dT||_inf = 8.040152e+00 K
  Newton iteration  2 - ||R|| = 1.087467e-06 - 38 GMRES iterations - ||dT||_inf = 2.722130e-02 K
  Newton iteration  3 - ||R|| = 1.423896e-11 - 38 GMRES iterations - ||dT||_inf = 3.003587e-07 K
  Newton iteration  4 - ||R|| = 1.486004e-14 < tolerance
Postprocessing
  Potenza iniettata = 5.000000e+01 mW
  T_max             = 4.243365e+02 K (Delta T = 1.311865e+02 K)
  WG_0: int Delta T dz = 1.824590e+01 K um,  <Delta T> = 7.298359e-02 K
  WG_1: int Delta T dz = 3.336139e+01 K um,  <Delta T> = 1.334456e-01 K
  WG_2: int Delta T dz = 6.336979e+01 K um,  <Delta T> = 2.534792e-01 K
  WG_3: int Delta T dz = 1.391043e+02 K um,  <Delta T> = 5.564171e-01 K
  WG_4: int Delta T dz = 9.170508e+03 K um,  <Delta T> = 3.668203e+01 K
  WG_5: int Delta T dz = 1.424829e+02 K um,  <Delta T> = 5.699314e-01 K
===============================================
